02-01 13:18:35.785  9054  9054 E crash_dump64: failed to get the guest state header for thread 812: Bad address
02-01 13:18:35.786  9054  9054 E crash_dump64: failed to get the guest state header for thread 813: Bad address
02-01 13:18:35.791  9054  9054 E crash_dump64: failed to get the guest state header for thread 814: Bad address
02-01 13:18:35.799  9054  9054 E crash_dump64: failed to get the guest state header for thread 815: Bad address
02-01 13:18:35.799  9054  9054 E crash_dump64: failed to get the guest state header for thread 816: Bad address
02-01 13:18:35.803  9054  9054 E crash_dump64: failed to get the guest state header for thread 817: Bad address
02-01 13:18:35.808  9054  9054 E crash_dump64: failed to get the guest state header for thread 818: Bad address
02-01 13:18:35.813  9054  9054 E crash_dump64: failed to get the guest state header for thread 819: Bad address
02-01 13:18:35.838  9054  9054 E crash_dump64: failed to get the guest state header for thread 820: Bad address
02-01 13:18:35.857  9054  9054 E crash_dump64: failed to get the guest state header for thread 821: Bad address
02-01 13:18:35.869  9054  9054 E crash_dump64: failed to get the guest state header for thread 822: Bad address
02-01 13:18:35.874  9054  9054 E crash_dump64: failed to get the guest state header for thread 823: Bad address
02-01 13:18:35.874  9054  9054 E crash_dump64: failed to get the guest state header for thread 824: Bad address
02-01 13:18:35.903  9054  9054 E crash_dump64: failed to get the guest state header for thread 825: Bad address
02-01 13:18:35.918  9054  9054 E crash_dump64: failed to get the guest state header for thread 826: Bad address
02-01 13:18:35.920  9054  9054 E crash_dump64: failed to get the guest state header for thread 827: Bad address
02-01 13:18:35.933  9054  9054 E crash_dump64: failed to get the guest state header for thread 828: Bad address
02-01 13:18:35.936  9054  9054 E crash_dump64: failed to get the guest state header for thread 829: Bad address
02-01 13:18:35.938  9054  9054 E crash_dump64: failed to get the guest state header for thread 830: Bad address
02-01 13:18:35.955  9054  9054 E crash_dump64: failed to get the guest state header for thread 831: Bad address
02-01 13:18:36.042  9054  9054 E crash_dump64: failed to get the guest state header for thread 832: Bad address
02-01 13:18:36.043  9054  9054 E crash_dump64: failed to get the guest state header for thread 833: Bad address
02-01 13:18:36.047  9054  9054 E crash_dump64: failed to get the guest state header for thread 834: Bad address
02-01 13:18:36.051  9054  9054 E crash_dump64: failed to get the guest state header for thread 835: Bad address
02-01 13:18:36.053  9054  9054 E crash_dump64: failed to get the guest state header for thread 836: Bad address
02-01 13:18:36.054  9054  9054 E crash_dump64: failed to get the guest state header for thread 837: Bad address
02-01 13:18:36.157  9054  9054 E crash_dump64: failed to get the guest state header for thread 838: Bad address
02-01 13:18:36.192  9054  9054 E crash_dump64: failed to get the guest state header for thread 842: Bad address
02-01 13:18:36.192  9054  9054 E crash_dump64: failed to get the guest state header for thread 844: Bad address
02-01 13:18:36.225  9054  9054 E crash_dump64: failed to get the guest state header for thread 845: Bad address
02-01 13:18:36.243  9054  9054 E crash_dump64: failed to get the guest state header for thread 846: Bad address
02-01 13:18:36.281  9054  9054 E crash_dump64: failed to get the guest state header for thread 847: Bad address
02-01 13:18:36.347  9054  9054 E crash_dump64: failed to get the guest state header for thread 852: Bad address
02-01 13:18:36.365  9054  9054 E crash_dump64: failed to get the guest state header for thread 853: Bad address
02-01 13:18:36.381  9054  9054 E crash_dump64: failed to get the guest state header for thread 854: Bad address
02-01 13:18:37.419  9054  9054 E crash_dump64: failed to get the guest state header for thread 855: Bad address
02-01 13:18:37.547  9054  9054 E crash_dump64: failed to get the guest state header for thread 857: Bad address
02-01 13:18:37.589  9054  9054 E crash_dump64: failed to get the guest state header for thread 858: Bad address
02-01 13:18:37.590  9054  9054 E crash_dump64: failed to get the guest state header for thread 859: Bad address
02-01 13:18:37.635  9054  9054 E crash_dump64: failed to get the guest state header for thread 860: Bad address
02-01 13:18:37.636  9054  9054 E crash_dump64: failed to get the guest state header for thread 862: Bad address
02-01 13:18:37.716  9054  9054 E crash_dump64: failed to get the guest state header for thread 868: Bad address
02-01 13:18:37.791  9054  9054 E crash_dump64: failed to get the guest state header for thread 871: Bad address
02-01 13:18:37.828  9054  9054 E crash_dump64: failed to get the guest state header for thread 872: Bad address
02-01 13:18:37.834  9054  9054 E crash_dump64: failed to get the guest state header for thread 875: Bad address
02-01 13:18:37.839  9054  9054 E crash_dump64: failed to get the guest state header for thread 876: Bad address
02-01 13:18:37.840  9054  9054 E crash_dump64: failed to get the guest state header for thread 878: Bad address
02-01 13:18:37.847  9054  9054 E crash_dump64: failed to get the guest state header for thread 879: Bad address
02-01 13:18:37.851  9054  9054 E crash_dump64: failed to get the guest state header for thread 880: Bad address
02-01 13:18:37.856  9054  9054 E crash_dump64: failed to get the guest state header for thread 881: Bad address
02-01 13:18:37.863  9054  9054 E crash_dump64: failed to get the guest state header for thread 882: Bad address
02-01 13:18:37.867  9054  9054 E crash_dump64: failed to get the guest state header for thread 884: Bad address
02-01 13:18:37.873  9054  9054 E crash_dump64: failed to get the guest state header for thread 885: Bad address
02-01 13:18:37.879  9054  9054 E crash_dump64: failed to get the guest state header for thread 886: Bad address
02-01 13:18:37.886  9054  9054 E crash_dump64: failed to get the guest state header for thread 889: Bad address
02-01 13:18:37.905  9054  9054 E crash_dump64: failed to get the guest state header for thread 892: Bad address
02-01 13:18:37.909  9054  9054 E crash_dump64: failed to get the guest state header for thread 893: Bad address
02-01 13:18:37.910  9054  9054 E crash_dump64: failed to get the guest state header for thread 894: Bad address
02-01 13:18:37.924  9054  9054 E crash_dump64: failed to get the guest state header for thread 897: Bad address
02-01 13:18:37.928  9054  9054 E crash_dump64: failed to get the guest state header for thread 900: Bad address
02-01 13:18:37.969  9054  9054 E crash_dump64: failed to get the guest state header for thread 901: Bad address
02-01 13:18:37.981  9054  9054 E crash_dump64: failed to get the guest state header for thread 903: Bad address
02-01 13:18:37.986  9054  9054 E crash_dump64: failed to get the guest state header for thread 910: Bad address
02-01 13:18:37.990  9054  9054 E crash_dump64: failed to get the guest state header for thread 928: Bad address
02-01 13:18:37.998  9054  9054 E crash_dump64: failed to get the guest state header for thread 952: Bad address
02-01 13:18:38.000  9054  9054 E crash_dump64: failed to get the guest state header for thread 959: Bad address
02-01 13:18:38.008  9054  9054 E crash_dump64: failed to get the guest state header for thread 1001: Bad address
02-01 13:18:38.018  9054  9054 E crash_dump64: failed to get the guest state header for thread 1006: Bad address
02-01 13:18:38.027  9054  9054 E crash_dump64: failed to get the guest state header for thread 1007: Bad address
02-01 13:18:38.029  9054  9054 E crash_dump64: failed to get the guest state header for thread 1008: Bad address
02-01 13:18:38.042  9054  9054 E crash_dump64: failed to get the guest state header for thread 1017: Bad address
02-01 13:18:38.056  9054  9054 E crash_dump64: failed to get the guest state header for thread 1018: Bad address
02-01 13:18:38.066  9054  9054 E crash_dump64: failed to get the guest state header for thread 1026: Bad address
02-01 13:18:38.096  9054  9054 E crash_dump64: failed to get the guest state header for thread 1029: Bad address
02-01 13:18:38.111  9054  9054 E crash_dump64: failed to get the guest state header for thread 1033: Bad address
02-01 13:18:38.124  9054  9054 E crash_dump64: failed to get the guest state header for thread 1037: Bad address
02-01 13:18:38.130  9054  9054 E crash_dump64: failed to get the guest state header for thread 1056: Bad address
02-01 13:18:38.131  9054  9054 E crash_dump64: failed to get the guest state header for thread 1057: Bad address
02-01 13:18:38.156  9054  9054 E crash_dump64: failed to get the guest state header for thread 1059: Bad address
02-01 13:18:38.199  9054  9054 E crash_dump64: failed to get the guest state header for thread 1060: Bad address
02-01 13:18:38.211  9054  9054 E crash_dump64: failed to get the guest state header for thread 1064: Bad address
02-01 13:18:38.216  9054  9054 E crash_dump64: failed to get the guest state header for thread 1121: Bad address
02-01 13:18:38.234  9054  9054 E crash_dump64: failed to get the guest state header for thread 1122: Bad address
02-01 13:18:38.258  9054  9054 E crash_dump64: failed to get the guest state header for thread 1123: Bad address
02-01 13:18:38.309  9054  9054 E crash_dump64: failed to get the guest state header for thread 1124: Bad address
02-01 13:18:38.323  9054  9054 E crash_dump64: failed to get the guest state header for thread 1125: Bad address
02-01 13:18:38.341  9054  9054 E crash_dump64: failed to get the guest state header for thread 1126: Bad address
02-01 13:18:38.357  9054  9054 E crash_dump64: failed to get the guest state header for thread 1157: Bad address
02-01 13:18:38.364  9054  9054 E crash_dump64: failed to get the guest state header for thread 1244: Bad address
02-01 13:18:38.374  9054  9054 E crash_dump64: failed to get the guest state header for thread 1293: Bad address
02-01 13:18:38.388  9054  9054 E crash_dump64: failed to get the guest state header for thread 1371: Bad address
02-01 13:18:38.396  9054  9054 E crash_dump64: failed to get the guest state header for thread 1373: Bad address
02-01 13:18:38.399  9054  9054 E crash_dump64: failed to get the guest state header for thread 1375: Bad address
02-01 13:18:38.403  9054  9054 E crash_dump64: failed to get the guest state header for thread 1387: Bad address
02-01 13:18:38.414  9054  9054 E crash_dump64: failed to get the guest state header for thread 1395: Bad address
02-01 13:18:38.424  9054  9054 E crash_dump64: failed to get the guest state header for thread 1431: Bad address
02-01 13:18:38.870  9054  9054 E crash_dump64: failed to get the guest state header for thread 1457: Bad address
02-01 13:18:39.018  9054  9054 E crash_dump64: failed to get the guest state header for thread 1482: Bad address
02-01 13:18:39.277  9054  9054 E crash_dump64: failed to get the guest state header for thread 1487: Bad address
02-01 13:18:39.407  9054  9054 E crash_dump64: failed to get the guest state header for thread 1490: Bad address
02-01 13:18:39.685  9054  9054 E crash_dump64: failed to get the guest state header for thread 1524: Bad address
02-01 13:18:39.748  9054  9054 E crash_dump64: failed to get the guest state header for thread 1533: Bad address
02-01 13:18:40.282  9054  9054 E crash_dump64: failed to get the guest state header for thread 1534: Bad address
02-01 13:18:40.388  9054  9054 E crash_dump64: failed to get the guest state header for thread 1592: Bad address
02-01 13:18:40.636  9054  9054 E crash_dump64: failed to get the guest state header for thread 1641: Bad address
02-01 13:18:40.657  9054  9054 E crash_dump64: failed to get the guest state header for thread 1718: Bad address
02-01 13:18:40.744  9054  9054 E crash_dump64: failed to get the guest state header for thread 1719: Bad address
02-01 13:18:40.839  9054  9054 E crash_dump64: failed to get the guest state header for thread 1720: Bad address
02-01 13:18:40.904  9054  9054 E crash_dump64: failed to get the guest state header for thread 1921: Bad address
02-01 13:18:40.913  9054  9054 E crash_dump64: failed to get the guest state header for thread 1922: Bad address
02-01 13:18:40.922  9054  9054 E crash_dump64: failed to get the guest state header for thread 1923: Bad address
02-01 13:18:40.927  9054  9054 E crash_dump64: failed to get the guest state header for thread 1924: Bad address
02-01 13:18:40.937  9054  9054 E crash_dump64: failed to get the guest state header for thread 1925: Bad address
02-01 13:18:40.939  9054  9054 E crash_dump64: failed to get the guest state header for thread 1926: Bad address
02-01 13:18:40.940  9054  9054 E crash_dump64: failed to get the guest state header for thread 1944: Bad address
02-01 13:18:40.989  9054  9054 E crash_dump64: failed to get the guest state header for thread 1945: Bad address
02-01 13:18:41.008  9054  9054 E crash_dump64: failed to get the guest state header for thread 1966: Bad address
02-01 13:18:41.035  9054  9054 E crash_dump64: failed to get the guest state header for thread 2025: Bad address
02-01 13:18:41.137  9054  9054 E crash_dump64: failed to get the guest state header for thread 2027: Bad address
02-01 13:18:41.189  9054  9054 E crash_dump64: failed to get the guest state header for thread 2029: Bad address
02-01 13:18:41.218  9054  9054 E crash_dump64: failed to get the guest state header for thread 2030: Bad address
02-01 13:18:41.248  9054  9054 E crash_dump64: failed to get the guest state header for thread 2501: Bad address
02-01 13:18:41.250  9054  9054 E crash_dump64: failed to get the guest state header for thread 2502: Bad address
02-01 13:18:41.374  9054  9054 E crash_dump64: failed to get the guest state header for thread 3921: Bad address
02-01 13:18:41.446  9054  9054 E crash_dump64: failed to get the guest state header for thread 3926: Bad address
02-01 13:18:41.447  9054  9054 E crash_dump64: failed to get the guest state header for thread 3927: Bad address
02-01 13:18:41.481  9054  9054 E crash_dump64: failed to get the guest state header for thread 3928: Bad address
02-01 13:18:41.494  9054  9054 E crash_dump64: failed to get the guest state header for thread 3929: Bad address
02-01 13:18:41.497  9054  9054 E crash_dump64: failed to get the guest state header for thread 3930: Bad address
02-01 13:18:41.517   239   239 E tombstoned: Traces for pid 1067 written to: trace_01
02-01 13:18:42.239   616   654 E libunwindstack: Timeout waiting for ucontext
02-01 13:18:42.930   239   239 E tombstoned: failed to get crash output for type kDebuggerdNativeBacktrace
02-01 13:18:43.126  9054  9054 E libc    : failed to read response to DumpRequest packet: No message of desired type
02-01 13:18:52.664   239   239 E tombstoned: Traces for pid 616 written to: trace_02
02-01 13:19:10.072   616   731 E SystemServiceRegistry: No service published for: persistent_data_block
02-01 13:19:10.072   616   731 E SystemServiceRegistry: android.os.ServiceManager$ServiceNotFoundException: No service published for: persistent_data_block
02-01 13:19:10.072   616   731 E SystemServiceRegistry: 	at android.os.ServiceManager.getServiceOrThrow(ServiceManager.java:203)
02-01 13:19:10.072   616   731 E SystemServiceRegistry: 	at android.app.SystemServiceRegistry$81.createService(SystemServiceRegistry.java:1071)
02-01 13:19:10.072   616   731 E SystemServiceRegistry: 	at android.app.SystemServiceRegistry$81.createService(SystemServiceRegistry.java:1068)
02-01 13:19:10.072   616   731 E SystemServiceRegistry: 	at android.app.SystemServiceRegistry$StaticServiceFetcher.getService(SystemServiceRegistry.java:2293)
02-01 13:19:10.072   616   731 E SystemServiceRegistry: 	at android.app.SystemServiceRegistry.getSystemService(SystemServiceRegistry.java:1812)
02-01 13:19:10.072   616   731 E SystemServiceRegistry: 	at android.app.ContextImpl.getSystemService(ContextImpl.java:2241)
02-01 13:19:10.072   616   731 E SystemServiceRegistry: 	at android.content.Context.getSystemService(Context.java:4503)
02-01 13:19:10.072   616   731 E SystemServiceRegistry: 	at com.android.server.pm.PackageInstallerSession.markAsSealed(PackageInstallerSession.java:2394)
02-01 13:19:10.072   616   731 E SystemServiceRegistry: 	at com.android.server.pm.PackageInstallerSession.commit(PackageInstallerSession.java:2143)
02-01 13:19:10.072   616   731 E SystemServiceRegistry: 	at android.content.pm.PackageInstaller$Session.commit(PackageInstaller.java:1977)
02-01 13:19:10.072   616   731 E SystemServiceRegistry: 	at com.android.server.pm.PackageManagerShellCommand.doCommitSession(PackageManagerShellCommand.java:4298)
02-01 13:19:10.072   616   731 E SystemServiceRegistry: 	at com.android.server.pm.PackageManagerShellCommand.doRunInstall(PackageManagerShellCommand.java:1634)
02-01 13:19:10.072   616   731 E SystemServiceRegistry: 	at com.android.server.pm.PackageManagerShellCommand.runInstall(PackageManagerShellCommand.java:1561)
02-01 13:19:10.072   616   731 E SystemServiceRegistry: 	at com.android.server.pm.PackageManagerShellCommand.onCommand(PackageManagerShellCommand.java:245)
02-01 13:19:10.072   616   731 E SystemServiceRegistry: 	at com.android.modules.utils.BasicShellCommandHandler.exec(BasicShellCommandHandler.java:97)
02-01 13:19:10.072   616   731 E SystemServiceRegistry: 	at android.os.ShellCommand.exec(ShellCommand.java:38)
02-01 13:19:10.072   616   731 E SystemServiceRegistry: 	at com.android.server.pm.PackageManagerService$IPackageManagerImpl.onShellCommand(PackageManagerService.java:6561)
02-01 13:19:10.072   616   731 E SystemServiceRegistry: 	at android.os.Binder.shellCommand(Binder.java:1230)
02-01 13:19:10.072   616   731 E SystemServiceRegistry: 	at android.os.Binder.onTransact(Binder.java:1043)
02-01 13:19:10.072   616   731 E SystemServiceRegistry: 	at android.content.pm.IPackageManager$Stub.onTransact(IPackageManager.java:4620)
02-01 13:19:10.072   616   731 E SystemServiceRegistry: 	at com.android.server.pm.PackageManagerService$IPackageManagerImpl.onTransact(PackageManagerService.java:6545)
02-01 13:19:10.072   616   731 E SystemServiceRegistry: 	at android.os.Binder.execTransactInternal(Binder.java:1505)
02-01 13:19:10.072   616   731 E SystemServiceRegistry: 	at android.os.Binder.execTransact(Binder.java:1444)
02-01 13:19:10.080   616   731 E SystemServiceRegistry: Manager wrapper not available: persistent_data_block
02-01 13:19:19.788   616   824 E AppOps  : attributionTag VCN not declared in manifest of android
02-01 13:19:19.881   616   824 E AppOps  : attributionTag VCN not declared in manifest of android
02-01 13:19:19.932   616  1524 E TaskPersister: File error accessing recents directory (directory doesn't exist?).
02-01 13:19:20.444   616   824 E AppOps  : attributionTag VCN not declared in manifest of android
02-01 13:19:20.763  9087  9087 E android.vending: Not starting debugger since process cannot load the jdwp agent.
02-01 13:19:21.037  1067  1067 E SmsApplication: com.google.android.apps.messaging lost android:read_cell_broadcasts:  (fixing)
02-01 13:19:21.476  1067  1067 E CellBroadcastUtils: getDefaultCellBroadcastReceiverPackageName: no package found
02-01 13:19:22.680  1067  1067 E SmsApplication: com.google.android.apps.messaging lost android:read_cell_broadcasts:  (fixing)
02-01 13:19:22.689  1067  1067 E CellBroadcastUtils: getDefaultCellBroadcastReceiverPackageName: no package found
02-01 13:19:22.711  1067  1067 E SmsApplication: com.google.android.apps.messaging lost android:read_cell_broadcasts:  (fixing)
02-01 13:19:22.714  1067  1067 E CellBroadcastUtils: getDefaultCellBroadcastReceiverPackageName: no package found
02-01 13:19:30.576   616  1524 E TaskPersister: File error accessing recents directory (directory doesn't exist?).
02-01 13:19:30.895  9146  9146 E earchbox:search: Not starting debugger since process cannot load the jdwp agent.
02-01 13:19:42.814  9129  9206 E SurfaceSyncGroup: Failed to receive transaction ready in 1000ms. Marking SurfaceSyncGroup(wmsSync-VRI[PopupWindow:d4532fb]#0) as ready
02-01 13:19:43.001  9129  9206 E SurfaceSyncGroup: Failed to receive transaction ready in 1000ms. Marking SurfaceSyncGroup(VRI[PopupWindow:d4532fb]#1) as ready
02-01 13:19:55.790   616  9224 E system_server: Could not open /dev/binderfs/binder_logs/transactions. Likely a permissions issue. errno: 2
02-01 13:19:55.792   616  9224 E android.os.Debug: Failed to get binder state info for pid: 9087 status: -2: No such file or directory
02-01 13:19:57.762   616  9231 E system_server: Could not open /dev/binderfs/binder_logs/transactions. Likely a permissions issue. errno: 2
02-01 13:19:57.765   616  9231 E android.os.Debug: Failed to get binder state info for pid: 9146 status: -2: No such file or directory
02-01 13:20:02.083   616  9225 E ActivityManager: ANR in com.android.vending
02-01 13:20:02.083   616  9225 E ActivityManager: PID: 9087
02-01 13:20:02.083   616  9225 E ActivityManager: Reason: Process ProcessRecord{806cbab 9087:com.android.vending/u0a140} failed to complete startup
02-01 13:20:02.083   616  9225 E ActivityManager: ErrorId: c525e97a-302e-4d5d-bee3-828f89bef78d
02-01 13:20:02.083   616  9225 E ActivityManager: Frozen: false
02-01 13:20:02.083   616  9225 E ActivityManager: Load: 0.0 / 0.0 / 0.0
02-01 13:20:02.083   616  9225 E ActivityManager: ----- Output from /proc/pressure/memory -----
02-01 13:20:02.083   616  9225 E ActivityManager: some avg10=6.42 avg60=6.19 avg300=2.38 total=118443001
02-01 13:20:02.083   616  9225 E ActivityManager: full avg10=1.87 avg60=3.06 avg300=1.22 total=76377369
02-01 13:20:02.083   616  9225 E ActivityManager: ----- End output from /proc/pressure/memory -----
02-01 13:20:02.083   616  9225 E ActivityManager: ----- Output from /proc/pressure/cpu -----
02-01 13:20:02.083   616  9225 E ActivityManager: some avg10=78.45 avg60=67.78 avg300=49.06 total=848785450
02-01 13:20:02.083   616  9225 E ActivityManager: full avg10=0.00 avg60=0.00 avg300=0.00 total=0
02-01 13:20:02.083   616  9225 E ActivityManager: ----- End output from /proc/pressure/cpu -----
02-01 13:20:02.083   616  9225 E ActivityManager: ----- Output from /proc/pressure/io -----
02-01 13:20:02.083   616  9225 E ActivityManager: some avg10=4.54 avg60=4.36 avg300=1.76 total=157674010
02-01 13:20:02.083   616  9225 E ActivityManager: full avg10=0.53 avg60=0.45 avg300=0.16 total=80600394
02-01 13:20:02.083   616  9225 E ActivityManager: ----- End output from /proc/pressure/io -----
02-01 13:20:02.083   616  9225 E ActivityManager: 
02-01 13:20:02.083   616  9225 E ActivityManager: CPU usage from 37ms to 6094ms later (2026-02-01 13:19:55.403 to 2026-02-01 13:20:01.461):
02-01 13:20:02.083   616  9225 E ActivityManager:   114% 9129/com.richardsam76.rezoamobile: 54% user + 60% kernel / faults: 1436 minor 2 major
02-01 13:20:02.083   616  9225 E ActivityManager:   58% 9087/com.android.vending: 19% user + 39% kernel / faults: 814 minor 76 major
02-01 13:20:02.083   616  9225 E ActivityManager:   37% 8120/com.google.android.gms: 6.5% user + 30% kernel / faults: 394 minor 34 major
02-01 13:20:02.083   616  9225 E ActivityManager:   34% 9146/com.google.android.googlequicksearchbox:search: 11% user + 23% kernel / faults: 1335 minor 13 major
02-01 13:20:02.083   616  9225 E ActivityManager:   26% 616/system_server: 3.6% user + 23% kernel / faults: 497 minor 6 major
02-01 13:20:02.083   616  9225 E ActivityManager:   16% 911/com.android.systemui: 10% user + 5.9% kernel / faults: 69 minor
02-01 13:20:02.083   616  9225 E ActivityManager:   8.8% 1132/com.google.android.gms.persistent: 0% user + 8.8% kernel / faults: 130 minor
02-01 13:20:02.083   616  9225 E ActivityManager:   6.6% 63/kswapd0: 0% user + 6.6% kernel
02-01 13:20:02.083   616  9225 E ActivityManager:   8.7% 8080/host.exp.exponent: 2.1% user + 6.5% kernel / faults: 118 minor 4 major
02-01 13:20:02.083   616  9225 E ActivityManager:   5.7% 1172/com.google.android.apps.nexuslauncher: 1.7% user + 4% kernel / faults: 68 minor 13 major
02-01 13:20:02.083   616  9225 E ActivityManager: 96% TOTAL: 29% user + 55% kernel + 1.2% iowait + 8.7% irq + 1.1% softirq
02-01 13:20:02.083   616  9225 E ActivityManager: CPU usage from 8143857ms to 8143857ms ago (1969-12-31 19:00:00.000 to 1969-12-31 19:00:00.000) with 0% awake:
02-01 13:20:02.083   616  9225 E ActivityManager: 0% TOTAL: 0% user + 0% kernel
02-01 13:20:02.734   616  9225 E ActivityManager: ANR in com.google.android.googlequicksearchbox:search
02-01 13:20:02.734   616  9225 E ActivityManager: PID: 9146
02-01 13:20:02.734   616  9225 E ActivityManager: Reason: Process ProcessRecord{7a7331e 9146:com.google.android.googlequicksearchbox:search/u0a145} failed to complete startup
02-01 13:20:02.734   616  9225 E ActivityManager: ErrorId: d1d6f0d8-067a-4b39-a91c-c80151cb9dec
02-01 13:20:02.734   616  9225 E ActivityManager: Frozen: false
02-01 13:20:02.734   616  9225 E ActivityManager: Load: 0.0 / 0.0 / 0.0
02-01 13:20:02.734   616  9225 E ActivityManager: ----- Output from /proc/pressure/memory -----
02-01 13:20:02.734   616  9225 E ActivityManager: some avg10=5.92 avg60=6.16 avg300=2.45 total=118820131
02-01 13:20:02.734   616  9225 E ActivityManager: full avg10=1.90 avg60=2.98 avg300=1.24 total=76536580
02-01 13:20:02.734   616  9225 E ActivityManager: ----- End output from /proc/pressure/memory -----
02-01 13:20:02.734   616  9225 E ActivityManager: ----- Output from /proc/pressure/cpu -----
02-01 13:20:02.734   616  9225 E ActivityManager: some avg10=76.16 avg60=68.28 avg300=49.55 total=853919144
02-01 13:20:02.734   616  9225 E ActivityManager: full avg10=0.00 avg60=0.00 avg300=0.00 total=0
02-01 13:20:02.734   616  9225 E ActivityManager: ----- End output from /proc/pressure/cpu -----
02-01 13:20:02.734   616  9225 E ActivityManager: ----- Output from /proc/pressure/io -----
02-01 13:20:02.734   616  9225 E ActivityManager: some avg10=5.04 avg60=4.49 avg300=1.84 total=158071590
02-01 13:20:02.734   616  9225 E ActivityManager: full avg10=0.58 avg60=0.47 avg300=0.17 total=80668971
02-01 13:20:02.734   616  9225 E ActivityManager: ----- End output from /proc/pressure/io -----
02-01 13:20:02.734   616  9225 E ActivityManager: 
02-01 13:20:02.734   616  9225 E ActivityManager: CPU usage from 6863ms to 806ms ago (2026-02-01 13:19:55.403 to 2026-02-01 13:20:01.461):
02-01 13:20:02.734   616  9225 E ActivityManager:   114% 9129/com.richardsam76.rezoamobile: 54% user + 60% kernel / faults: 1436 minor 2 major
02-01 13:20:02.734   616  9225 E ActivityManager:   58% 9087/com.android.vending: 19% user + 39% kernel / faults: 814 minor 76 major
02-01 13:20:02.734   616  9225 E ActivityManager:   37% 8120/com.google.android.gms: 6.5% user + 30% kernel / faults: 394 minor 34 major
02-01 13:20:02.734   616  9225 E ActivityManager:   34% 9146/com.google.android.googlequicksearchbox:search: 11% user + 23% kernel / faults: 1335 minor 13 major
02-01 13:20:02.734   616  9225 E ActivityManager:   26% 616/system_server: 3.6% user + 23% kernel / faults: 497 minor 6 major
02-01 13:20:02.734   616  9225 E ActivityManager:   16% 911/com.android.systemui: 10% user + 5.9% kernel / faults: 69 minor
02-01 13:20:02.734   616  9225 E ActivityManager:   8.8% 1132/com.google.android.gms.persistent: 0% user + 8.8% kernel / faults: 130 minor
02-01 13:20:02.734   616  9225 E ActivityManager:   6.6% 63/kswapd0: 0% user + 6.6% kernel
02-01 13:20:02.734   616  9225 E ActivityManager:   8.7% 8080/host.exp.exponent: 2.1% user + 6.5% kernel / faults: 118 minor 4 major
02-01 13:20:02.734   616  9225 E ActivityManager:   5.7% 1172/com.google.android.apps.nexuslauncher: 1.7% user + 4% kernel / faults: 68 minor 13 major
02-01 13:20:02.734   616  9225 E ActivityManager: 96% TOTAL: 29% user + 55% kernel + 1.2% iowait + 8.7% irq + 1.1% softirq
02-01 13:20:02.734   616  9225 E ActivityManager: CPU usage from 8150757ms to 8150757ms ago (1969-12-31 19:00:00.000 to 1969-12-31 19:00:00.000) with 0% awake:
02-01 13:20:02.734   616  9225 E ActivityManager: 0% TOTAL: 0% user + 0% kernel
02-01 13:20:04.535  9246  9246 E ding:background: Not starting debugger since process cannot load the jdwp agent.
02-01 13:21:10.287   616  9288 E system_server: Could not open /dev/binderfs/binder_logs/transactions. Likely a permissions issue. errno: 2
02-01 13:21:10.289   616  9288 E android.os.Debug: Failed to get binder state info for pid: 9246 status: -2: No such file or directory
02-01 13:21:20.899   616  9288 E system_server: libdebuggerd_client: failed to read status response from tombstoned: Try again
02-01 13:21:21.324   616  9288 E system_server: Could not open /dev/binderfs/binder_logs/transactions. Likely a permissions issue. errno: 2
02-01 13:21:21.324   616  9288 E android.os.Debug: Failed to get binder state info for pid: 9246 status: -2: No such file or directory
02-01 13:21:21.681  1132  1350 E WakeLock: GCoreFlp ** IS FORCE-RELEASED ON TIMEOUT ** [CONTEXT service_id=259 ]
02-01 13:21:21.741   239   239 E tombstoned: Traces for pid 9246 written to: trace_03
02-01 13:21:23.646   616  9288 E system_server: libdebuggerd_client: failed to read status response from tombstoned: Try again
02-01 13:21:23.898   616  9288 E ActivityManager: Aborted stack trace dump (current primary pid=9246); deadline exceeded.
02-01 13:21:23.943   616  9291 E ActivityManager: ANR in com.android.vending:background
02-01 13:21:23.943   616  9291 E ActivityManager: PID: 9246
02-01 13:21:23.943   616  9291 E ActivityManager: Reason: Process ProcessRecord{fa465a6 9246:com.android.vending:background/u0a140} failed to complete startup
02-01 13:21:23.943   616  9291 E ActivityManager: ErrorId: 7ee62788-e565-42e3-b572-4d1bef340ddf
02-01 13:21:23.943   616  9291 E ActivityManager: Frozen: false
02-01 13:21:23.943   616  9291 E ActivityManager: Load: 0.0 / 0.0 / 0.0
02-01 13:21:23.943   616  9291 E ActivityManager: ----- Output from /proc/pressure/memory -----
02-01 13:21:23.943   616  9291 E ActivityManager: some avg10=2.36 avg60=5.74 avg300=3.36 total=123991041
02-01 13:21:23.943   616  9291 E ActivityManager: full avg10=0.06 avg60=1.85 avg300=1.36 total=78028650
02-01 13:21:23.943   616  9291 E ActivityManager: ----- End output from /proc/pressure/memory -----
02-01 13:21:23.943   616  9291 E ActivityManager: ----- Output from /proc/pressure/cpu -----
02-01 13:21:23.943   616  9291 E ActivityManager: some avg10=86.54 avg60=79.90 avg300=56.77 total=911014866
02-01 13:21:23.943   616  9291 E ActivityManager: full avg10=0.00 avg60=0.00 avg300=0.00 total=0
02-01 13:21:23.943   616  9291 E ActivityManager: ----- End output from /proc/pressure/cpu -----
02-01 13:21:23.943   616  9291 E ActivityManager: ----- Output from /proc/pressure/io -----
02-01 13:21:23.943   616  9291 E ActivityManager: some avg10=9.20 avg60=5.57 avg300=2.77 total=162800772
02-01 13:21:23.943   616  9291 E ActivityManager: full avg10=0.00 avg60=0.22 avg300=0.17 total=80880920
02-01 13:21:23.943   616  9291 E ActivityManager: ----- End output from /proc/pressure/io -----
02-01 13:21:23.943   616  9291 E ActivityManager: 
02-01 13:21:23.943   616  9291 E ActivityManager: CPU usage from 15ms to -16614ms ago (2026-02-01 13:21:04.356 to 2026-02-01 13:21:20.985):
02-01 13:21:23.943   616  9291 E ActivityManager:   86% 616/system_server: 38% user + 48% kernel / faults: 182 minor 1 major
02-01 13:21:23.943   616  9291 E ActivityManager:   129% 9129/com.richardsam76.rezoamobile: 42% user + 87% kernel / faults: 1435 minor 2 major
02-01 13:21:23.943   616  9291 E ActivityManager:   67% 9246/com.android.vending:background: 36% user + 30% kernel / faults: 368 minor
02-01 13:21:23.943   616  9291 E ActivityManager:   12% 63/kswapd0: 0% user + 12% kernel
02-01 13:21:23.943   616  9291 E ActivityManager:   27% 1415/com.google.android.as: 19% user + 8.8% kernel / faults: 1 minor
02-01 13:21:23.943   616  9291 E ActivityManager:   44% 6022/com.google.android.apps.wellbeing: 3.2% user + 41% kernel / faults: 92 minor 19 major
02-01 13:21:23.943   616  9291 E ActivityManager:   13% 1132/com.google.android.gms.persistent: 8.8% user + 4.9% kernel / faults: 46 minor 1 major
02-01 13:21:23.943   616  9291 E ActivityManager:   8.2% 61/kworker/u11:1-loop41: 0% user + 8.2% kernel
02-01 13:21:23.943   616  9291 E ActivityManager:   4.3% 463/surfaceflinger: 0.8% user + 3.4% kernel / faults: 1 major
02-01 13:21:23.943   616  9291 E ActivityManager:   5.4% 911/com.android.systemui: 3.1% user + 2.3% kernel / faults: 34 minor 1 major
02-01 13:21:23.943   616  9291 E ActivityManager: 96% TOTAL: 24% user + 66% kernel + 0.8% iowait + 4.6% irq + 1% softirq
02-01 13:21:23.943   616  9291 E ActivityManager: CPU usage from 8212861ms to 8212861ms ago (1969-12-31 19:00:00.000 to 1969-12-31 19:00:00.000) with 0% awake:
02-01 13:21:23.943   616  9291 E ActivityManager: 0% TOTAL: 0% user + 0% kernel
02-01 13:21:25.584   616   674 E system_server: Could not open /dev/binderfs/binder_logs/transactions. Likely a permissions issue. errno: 2
02-01 13:21:25.584   616   674 E android.os.Debug: Failed to get binder state info for pid: 616 status: -2: No such file or directory
02-01 13:21:26.786   616   683 E libprocessgroup: Unable to remove cgroup /sys/fs/cgroup/uid_10140/pid_9246: Device or resource busy
02-01 13:21:28.851  9305  9305 E android.vending: Not starting debugger since process cannot load the jdwp agent.
02-01 13:21:38.280   616   674 E system_server: libdebuggerd_client: failed to read status response from tombstoned: timeout reached?
02-01 13:21:38.532   616   674 E system_server: Could not open /dev/binderfs/binder_logs/transactions. Likely a permissions issue. errno: 2
02-01 13:21:38.532   616   674 E android.os.Debug: Failed to get binder state info for pid: 616 status: -2: No such file or directory
02-01 13:21:40.300   410   744 E SensorsMultiHal: Dropping 1 events after blockingWrite failed.
02-01 13:21:40.628   616   674 E system_server: libdebuggerd_client: failed to read status response from tombstoned: Try again
02-01 13:21:45.353   410   744 E SensorsMultiHal: Dropping 1 events after blockingWrite failed.
02-01 13:21:50.799   410   744 E SensorsMultiHal: Dropping 1 events after blockingWrite failed.
02-01 13:21:50.882   616   654 E libunwindstack: Timeout waiting for ucontext
02-01 13:21:51.199   616   674 E ActivityManager: Aborting stack trace dump (current firstPid=616); deadline exceeded.
02-01 13:21:55.816   410   744 E SensorsMultiHal: Dropping 1 events after blockingWrite failed.
02-01 13:21:56.459  9328  9328 E crash_dump64: failed to get the guest state header for thread 616: Bad address
02-01 13:21:57.137  9328  9328 E crash_dump64: failed to get the guest state header for thread 654: Bad address
02-01 13:21:57.222  9328  9328 E crash_dump64: failed to get the guest state header for thread 655: Bad address
02-01 13:21:57.269  9328  9328 E crash_dump64: failed to get the guest state header for thread 657: Bad address
02-01 13:21:57.288  9328  9328 E crash_dump64: failed to get the guest state header for thread 658: Bad address
02-01 13:21:57.288  9328  9328 E crash_dump64: failed to get the guest state header for thread 659: Bad address
02-01 13:21:57.309  9328  9328 E crash_dump64: failed to get the guest state header for thread 660: Bad address
02-01 13:21:57.373  9328  9328 E crash_dump64: failed to get the guest state header for thread 661: Bad address
02-01 13:21:57.651  9328  9328 E crash_dump64: failed to get the guest state header for thread 662: Bad address
02-01 13:21:57.736  9328  9328 E crash_dump64: failed to get the guest state header for thread 663: Bad address
02-01 13:21:57.782  9328  9328 E crash_dump64: failed to get the guest state header for thread 664: Bad address
02-01 13:21:57.812  9328  9328 E crash_dump64: failed to get the guest state header for thread 666: Bad address
02-01 13:21:57.850  9328  9328 E crash_dump64: failed to get the guest state header for thread 667: Bad address
02-01 13:21:58.109  9328  9328 E crash_dump64: failed to get the guest state header for thread 668: Bad address
02-01 13:21:58.172  9328  9328 E crash_dump64: failed to get the guest state header for thread 669: Bad address
02-01 13:21:58.181  9328  9328 E crash_dump64: failed to get the guest state header for thread 670: Bad address
02-01 13:21:58.197  9328  9328 E crash_dump64: failed to get the guest state header for thread 672: Bad address
02-01 13:21:58.216  9328  9328 E crash_dump64: failed to get the guest state header for thread 673: Bad address
02-01 13:21:58.264  9328  9328 E crash_dump64: failed to get the guest state header for thread 674: Bad address
02-01 13:21:58.326  9328  9328 E crash_dump64: failed to get the guest state header for thread 679: Bad address
02-01 13:21:58.349  9328  9328 E crash_dump64: failed to get the guest state header for thread 680: Bad address
02-01 13:21:58.369  9328  9328 E crash_dump64: failed to get the guest state header for thread 681: Bad address
02-01 13:21:58.492  9328  9328 E crash_dump64: failed to get the guest state header for thread 682: Bad address
02-01 13:21:58.538  9328  9328 E crash_dump64: failed to get the guest state header for thread 683: Bad address
02-01 13:21:58.609  9328  9328 E crash_dump64: failed to get the guest state header for thread 685: Bad address
02-01 13:21:58.670  9328  9328 E crash_dump64: failed to get the guest state header for thread 686: Bad address
02-01 13:21:58.677  9328  9328 E crash_dump64: failed to get the guest state header for thread 687: Bad address
02-01 13:21:58.728  9328  9328 E crash_dump64: failed to get the guest state header for thread 688: Bad address
02-01 13:21:58.730  9328  9328 E crash_dump64: failed to get the guest state header for thread 689: Bad address
02-01 13:21:58.743  9328  9328 E crash_dump64: failed to get the guest state header for thread 690: Bad address
02-01 13:21:58.744  9328  9328 E crash_dump64: failed to get the guest state header for thread 691: Bad address
02-01 13:21:58.762  9328  9328 E crash_dump64: failed to get the guest state header for thread 692: Bad address
02-01 13:21:58.781  9328  9328 E crash_dump64: failed to get the guest state header for thread 693: Bad address
02-01 13:21:58.893  9328  9328 E crash_dump64: failed to get the guest state header for thread 694: Bad address
02-01 13:21:58.899  9328  9328 E crash_dump64: failed to get the guest state header for thread 695: Bad address
02-01 13:21:58.992  9328  9328 E crash_dump64: failed to get the guest state header for thread 696: Bad address
02-01 13:21:59.057  9328  9328 E crash_dump64: failed to get the guest state header for thread 697: Bad address
02-01 13:21:59.139  9328  9328 E crash_dump64: failed to get the guest state header for thread 698: Bad address
02-01 13:21:59.184  9328  9328 E crash_dump64: failed to get the guest state header for thread 699: Bad address
02-01 13:21:59.229  9328  9328 E crash_dump64: failed to get the guest state header for thread 700: Bad address
02-01 13:21:59.230  9328  9328 E crash_dump64: failed to get the guest state header for thread 702: Bad address
02-01 13:21:59.232  9328  9328 E crash_dump64: failed to get the guest state header for thread 703: Bad address
02-01 13:21:59.233  9328  9328 E crash_dump64: failed to get the guest state header for thread 704: Bad address
02-01 13:21:59.233  9328  9328 E crash_dump64: failed to get the guest state header for thread 708: Bad address
02-01 13:21:59.233  9328  9328 E crash_dump64: failed to get the guest state header for thread 729: Bad address
02-01 13:21:59.233  9328  9328 E crash_dump64: failed to get the guest state header for thread 730: Bad address
02-01 13:21:59.322  9328  9328 E crash_dump64: failed to get the guest state header for thread 731: Bad address
02-01 13:21:59.480  9328  9328 E crash_dump64: failed to get the guest state header for thread 734: Bad address
02-01 13:21:59.507  9328  9328 E crash_dump64: failed to get the guest state header for thread 746: Bad address
02-01 13:21:59.574  9328  9328 E crash_dump64: failed to get the guest state header for thread 747: Bad address
02-01 13:21:59.605  9328  9328 E crash_dump64: failed to get the guest state header for thread 748: Bad address
02-01 13:21:59.730  9328  9328 E crash_dump64: failed to get the guest state header for thread 749: Bad address
02-01 13:21:59.751  9328  9328 E crash_dump64: failed to get the guest state header for thread 750: Bad address
02-01 13:21:59.883  9328  9328 E crash_dump64: failed to get the guest state header for thread 753: Bad address
02-01 13:22:00.014  9328  9328 E crash_dump64: failed to get the guest state header for thread 754: Bad address
02-01 13:22:00.015  9328  9328 E crash_dump64: failed to get the guest state header for thread 755: Bad address
02-01 13:22:00.034  9328  9328 E crash_dump64: failed to get the guest state header for thread 757: Bad address
02-01 13:22:00.099  9328  9328 E crash_dump64: failed to get the guest state header for thread 758: Bad address
02-01 13:22:00.121  9328  9328 E crash_dump64: failed to get the guest state header for thread 759: Bad address
02-01 13:22:00.126  9328  9328 E crash_dump64: failed to get the guest state header for thread 760: Bad address
02-01 13:22:00.168  9328  9328 E crash_dump64: failed to get the guest state header for thread 761: Bad address
02-01 13:22:00.192  9328  9328 E crash_dump64: failed to get the guest state header for thread 762: Bad address
02-01 13:22:00.218  9328  9328 E crash_dump64: failed to get the guest state header for thread 763: Bad address
02-01 13:22:00.249  9328  9328 E crash_dump64: failed to get the guest state header for thread 764: Bad address
02-01 13:22:00.249  9328  9328 E crash_dump64: failed to get the guest state header for thread 766: Bad address
02-01 13:22:00.251  9328  9328 E crash_dump64: failed to get the guest state header for thread 767: Bad address
02-01 13:22:00.251  9328  9328 E crash_dump64: failed to get the guest state header for thread 768: Bad address
02-01 13:22:00.254  9328  9328 E crash_dump64: failed to get the guest state header for thread 770: Bad address
02-01 13:22:00.269  9328  9328 E crash_dump64: failed to get the guest state header for thread 771: Bad address
02-01 13:22:00.269  9328  9328 E crash_dump64: failed to get the guest state header for thread 772: Bad address
02-01 13:22:00.272  9328  9328 E crash_dump64: failed to get the guest state header for thread 773: Bad address
02-01 13:22:00.272  9328  9328 E crash_dump64: failed to get the guest state header for thread 774: Bad address
02-01 13:22:00.277  9328  9328 E crash_dump64: failed to get the guest state header for thread 775: Bad address
02-01 13:22:00.283  9328  9328 E crash_dump64: failed to get the guest state header for thread 776: Bad address
02-01 13:22:00.284  9328  9328 E crash_dump64: failed to get the guest state header for thread 777: Bad address
02-01 13:22:00.284  9328  9328 E crash_dump64: failed to get the guest state header for thread 778: Bad address
02-01 13:22:00.292  9328  9328 E crash_dump64: failed to get the guest state header for thread 779: Bad address
02-01 13:22:00.301  9328  9328 E crash_dump64: failed to get the guest state header for thread 780: Bad address
02-01 13:22:00.318  9328  9328 E crash_dump64: failed to get the guest state header for thread 781: Bad address
02-01 13:22:00.318  9328  9328 E crash_dump64: failed to get the guest state header for thread 785: Bad address
02-01 13:22:00.323  9328  9328 E crash_dump64: failed to get the guest state header for thread 788: Bad address
02-01 13:22:00.325  9328  9328 E crash_dump64: failed to get the guest state header for thread 789: Bad address
02-01 13:22:00.362  9328  9328 E crash_dump64: failed to get the guest state header for thread 806: Bad address
02-01 13:22:00.363  9328  9328 E crash_dump64: failed to get the guest state header for thread 807: Bad address
02-01 13:22:00.365  9328  9328 E crash_dump64: failed to get the guest state header for thread 808: Bad address
02-01 13:22:00.366  9328  9328 E crash_dump64: failed to get the guest state header for thread 809: Bad address
02-01 13:22:00.367  9328  9328 E crash_dump64: failed to get the guest state header for thread 812: Bad address
02-01 13:22:00.369  9328  9328 E crash_dump64: failed to get the guest state header for thread 813: Bad address
02-01 13:22:00.375  9328  9328 E crash_dump64: failed to get the guest state header for thread 814: Bad address
02-01 13:22:00.375  9328  9328 E crash_dump64: failed to get the guest state header for thread 815: Bad address
02-01 13:22:00.378  9328  9328 E crash_dump64: failed to get the guest state header for thread 816: Bad address
02-01 13:22:00.380  9328  9328 E crash_dump64: failed to get the guest state header for thread 817: Bad address
02-01 13:22:00.383  9328  9328 E crash_dump64: failed to get the guest state header for thread 818: Bad address
02-01 13:22:00.391  9328  9328 E crash_dump64: failed to get the guest state header for thread 819: Bad address
02-01 13:22:00.395  9328  9328 E crash_dump64: failed to get the guest state header for thread 820: Bad address
02-01 13:22:00.399  9328  9328 E crash_dump64: failed to get the guest state header for thread 821: Bad address
02-01 13:22:00.400  9328  9328 E crash_dump64: failed to get the guest state header for thread 822: Bad address
02-01 13:22:00.506  9328  9328 E crash_dump64: failed to get the guest state header for thread 823: Bad address
02-01 13:22:00.558  9328  9328 E crash_dump64: failed to get the guest state header for thread 824: Bad address
02-01 13:22:00.575  9328  9328 E crash_dump64: failed to get the guest state header for thread 825: Bad address
02-01 13:22:00.578  9328  9328 E crash_dump64: failed to get the guest state header for thread 826: Bad address
02-01 13:22:00.585  9328  9328 E crash_dump64: failed to get the guest state header for thread 827: Bad address
02-01 13:22:00.593  9328  9328 E crash_dump64: failed to get the guest state header for thread 828: Bad address
02-01 13:22:00.615  9328  9328 E crash_dump64: failed to get the guest state header for thread 829: Bad address
02-01 13:22:00.616  9328  9328 E crash_dump64: failed to get the guest state header for thread 830: Bad address
02-01 13:22:00.618  9328  9328 E crash_dump64: failed to get the guest state header for thread 831: Bad address
02-01 13:22:00.619  9328  9328 E crash_dump64: failed to get the guest state header for thread 832: Bad address
02-01 13:22:00.619  9328  9328 E crash_dump64: failed to get the guest state header for thread 833: Bad address
02-01 13:22:00.619  9328  9328 E crash_dump64: failed to get the guest state header for thread 834: Bad address
02-01 13:22:00.651  9328  9328 E crash_dump64: failed to get the guest state header for thread 835: Bad address
02-01 13:22:00.667  9328  9328 E crash_dump64: failed to get the guest state header for thread 836: Bad address
02-01 13:22:00.671  9328  9328 E crash_dump64: failed to get the guest state header for thread 837: Bad address
02-01 13:22:00.673  9328  9328 E crash_dump64: failed to get the guest state header for thread 838: Bad address
02-01 13:22:00.673  9328  9328 E crash_dump64: failed to get the guest state header for thread 842: Bad address
02-01 13:22:00.673  9328  9328 E crash_dump64: failed to get the guest state header for thread 844: Bad address
02-01 13:22:00.676  9328  9328 E crash_dump64: failed to get the guest state header for thread 845: Bad address
02-01 13:22:00.677  9328  9328 E crash_dump64: failed to get the guest state header for thread 846: Bad address
02-01 13:22:00.679  9328  9328 E crash_dump64: failed to get the guest state header for thread 847: Bad address
02-01 13:22:00.680  9328  9328 E crash_dump64: failed to get the guest state header for thread 852: Bad address
02-01 13:22:00.683  9328  9328 E crash_dump64: failed to get the guest state header for thread 853: Bad address
02-01 13:22:00.684  9328  9328 E crash_dump64: failed to get the guest state header for thread 854: Bad address
02-01 13:22:00.687  9328  9328 E crash_dump64: failed to get the guest state header for thread 855: Bad address
02-01 13:22:00.688  9328  9328 E crash_dump64: failed to get the guest state header for thread 857: Bad address
02-01 13:22:00.689  9328  9328 E crash_dump64: failed to get the guest state header for thread 858: Bad address
02-01 13:22:00.690  9328  9328 E crash_dump64: failed to get the guest state header for thread 859: Bad address
02-01 13:22:00.694  9328  9328 E crash_dump64: failed to get the guest state header for thread 860: Bad address
02-01 13:22:00.700  9328  9328 E crash_dump64: failed to get the guest state header for thread 862: Bad address
02-01 13:22:00.707  9328  9328 E crash_dump64: failed to get the guest state header for thread 868: Bad address
02-01 13:22:00.708  9328  9328 E crash_dump64: failed to get the guest state header for thread 871: Bad address
02-01 13:22:00.712  9328  9328 E crash_dump64: failed to get the guest state header for thread 872: Bad address
02-01 13:22:00.714  9328  9328 E crash_dump64: failed to get the guest state header for thread 875: Bad address
02-01 13:22:00.718  9328  9328 E crash_dump64: failed to get the guest state header for thread 876: Bad address
02-01 13:22:00.719  9328  9328 E crash_dump64: failed to get the guest state header for thread 878: Bad address
02-01 13:22:00.720  9328  9328 E crash_dump64: failed to get the guest state header for thread 879: Bad address
02-01 13:22:00.722  9328  9328 E crash_dump64: failed to get the guest state header for thread 880: Bad address
02-01 13:22:00.744  9328  9328 E crash_dump64: failed to get the guest state header for thread 881: Bad address
02-01 13:22:00.745  9328  9328 E crash_dump64: failed to get the guest state header for thread 882: Bad address
