02-01 14:13:25.104   616  1524 E TaskPersister: File error accessing recents directory (directory doesn't exist?).
02-01 14:13:38.716 12899 12899 E ding:background: Not starting debugger since process cannot load the jdwp agent.
02-01 14:13:52.175   616  1524 E TaskPersister: File error accessing recents directory (directory doesn't exist?).
02-01 14:13:58.037 12990 13094 E unknown:ReactNative: Exception in native call
02-01 14:13:58.037 12990 13094 E unknown:ReactNative: java.lang.RuntimeException: Unable to load script. Make sure you're either running Metro (run 'npx react-native start') or that your bundle 'index.android.bundle' is packaged correctly for release.
02-01 14:13:58.037 12990 13094 E unknown:ReactNative: 	at com.facebook.react.bridge.CatalystInstanceImpl.jniLoadScriptFromAssets(Native Method)
02-01 14:13:58.037 12990 13094 E unknown:ReactNative: 	at com.facebook.react.bridge.CatalystInstanceImpl.loadScriptFromAssets(CatalystInstanceImpl.java:239)
02-01 14:13:58.037 12990 13094 E unknown:ReactNative: 	at com.facebook.react.bridge.JSBundleLoader$1.loadScript(JSBundleLoader.java:27)
02-01 14:13:58.037 12990 13094 E unknown:ReactNative: 	at com.facebook.react.bridge.CatalystInstanceImpl.runJSBundle(CatalystInstanceImpl.java:268)
02-01 14:13:58.037 12990 13094 E unknown:ReactNative: 	at com.facebook.react.ReactInstanceManager.createReactContext(ReactInstanceManager.java:1521)
02-01 14:13:58.037 12990 13094 E unknown:ReactNative: 	at com.facebook.react.ReactInstanceManager.lambda$runCreateReactContextOnNewThread$2(ReactInstanceManager.java:1216)
02-01 14:13:58.037 12990 13094 E unknown:ReactNative: 	at com.facebook.react.ReactInstanceManager.$r8$lambda$PrBhihCbbAFk4ZReAALGanVLCyc(Unknown Source:0)
02-01 14:13:58.037 12990 13094 E unknown:ReactNative: 	at com.facebook.react.ReactInstanceManager$$ExternalSyntheticLambda1.run(D8$$SyntheticClass:0)
02-01 14:13:58.037 12990 13094 E unknown:ReactNative: 	at java.lang.Thread.run(Thread.java:1012)
02-01 14:15:06.704 12990 13083 E unknown:ReconnectingWebSocket: Error occurred, shutting down websocket connection: Websocket exception
02-01 14:15:06.704 12990 13083 E unknown:ReconnectingWebSocket: java.net.SocketException: Connection reset
02-01 14:15:06.704 12990 13083 E unknown:ReconnectingWebSocket: 	at java.net.SocketInputStream.read(SocketInputStream.java:191)
02-01 14:15:06.704 12990 13083 E unknown:ReconnectingWebSocket: 	at java.net.SocketInputStream.read(SocketInputStream.java:143)
02-01 14:15:06.704 12990 13083 E unknown:ReconnectingWebSocket: 	at okio.InputStreamSource.read(JvmOkio.kt:93)
02-01 14:15:06.704 12990 13083 E unknown:ReconnectingWebSocket: 	at okio.AsyncTimeout$source$1.read(AsyncTimeout.kt:128)
02-01 14:15:06.704 12990 13083 E unknown:ReconnectingWebSocket: 	at okio.RealBufferedSource.request(RealBufferedSource.kt:209)
02-01 14:15:06.704 12990 13083 E unknown:ReconnectingWebSocket: 	at okio.RealBufferedSource.require(RealBufferedSource.kt:202)
02-01 14:15:06.704 12990 13083 E unknown:ReconnectingWebSocket: 	at okio.RealBufferedSource.readByte(RealBufferedSource.kt:212)
02-01 14:15:06.704 12990 13083 E unknown:ReconnectingWebSocket: 	at okhttp3.internal.ws.WebSocketReader.readHeader(WebSocketReader.kt:119)
02-01 14:15:06.704 12990 13083 E unknown:ReconnectingWebSocket: 	at okhttp3.internal.ws.WebSocketReader.processNextFrame(WebSocketReader.kt:102)
02-01 14:15:06.704 12990 13083 E unknown:ReconnectingWebSocket: 	at okhttp3.internal.ws.RealWebSocket.loopReader(RealWebSocket.kt:293)
02-01 14:15:06.704 12990 13083 E unknown:ReconnectingWebSocket: 	at okhttp3.internal.ws.RealWebSocket$connect$1.onResponse(RealWebSocket.kt:195)
02-01 14:15:06.704 12990 13083 E unknown:ReconnectingWebSocket: 	at okhttp3.internal.connection.RealCall$AsyncCall.run(RealCall.kt:519)
02-01 14:15:06.704 12990 13083 E unknown:ReconnectingWebSocket: 	at java.util.concurrent.ThreadPoolExecutor.runWorker(ThreadPoolExecutor.java:1145)
02-01 14:15:06.704 12990 13083 E unknown:ReconnectingWebSocket: 	at java.util.concurrent.ThreadPoolExecutor$Worker.run(ThreadPoolExecutor.java:644)
02-01 14:15:06.704 12990 13083 E unknown:ReconnectingWebSocket: 	at java.lang.Thread.run(Thread.java:1012)
02-01 14:15:51.547 13159 13159 E st.exp.exponent: Not starting debugger since process cannot load the jdwp agent.
02-01 14:15:53.090 13159 13198 E st.exp.exponent: No package ID 6a found for resource ID 0x6a0b0013.
02-01 14:15:53.109   616  1924 E TransitionController: Set visible without transition ActivityRecord{cdd9061 u0 host.exp.exponent/.LauncherActivity t29} playing=false caller=com.android.server.wm.ActivityRecord.makeVisibleIfNeeded:6291 
02-01 14:15:54.803   616  1524 E TaskPersister: File error accessing recents directory (directory doesn't exist?).
02-01 14:15:56.207 13159 13159 E f       : java.lang.RuntimeException: A TaskDescription's primary color should be opaque
02-01 14:15:56.211 13159 13159 E r       : java.lang.NoSuchFieldException: No field numActivities in class Landroid/app/ActivityManager$RecentTaskInfo; (declaration of 'android.app.ActivityManager$RecentTaskInfo' appears in /system/framework/framework.jar)
02-01 14:15:56.343 13159 13159 E f       : java.lang.RuntimeException: A TaskDescription's primary color should be opaque
02-01 14:15:58.607   616  1524 E TaskPersister: File error accessing recents directory (directory doesn't exist?).
02-01 14:16:04.701 13159 13304 E chromium: [0201/141604.695962:ERROR:android_webview/browser/variations/variations_seed_loader.cc:39] Seed missing signature.
02-01 14:16:04.946 13308 13308 E webview_service: Not starting debugger since process cannot load the jdwp agent.
02-01 14:16:06.229 13159 13159 E ThemeUtils: View class com.facebook.react.views.text.ReactTextView is an AppCompat widget that can only be used with a Theme.AppCompat theme (or descendant).
02-01 14:16:06.237 13159 13159 E ThemeUtils: View class com.facebook.react.views.text.ReactTextView is an AppCompat widget that can only be used with a Theme.AppCompat theme (or descendant).
02-01 14:16:06.269 13159 13159 E ThemeUtils: View class com.facebook.react.views.text.ReactTextView is an AppCompat widget that can only be used with a Theme.AppCompat theme (or descendant).
02-01 14:16:06.270 13159 13159 E ThemeUtils: View class com.facebook.react.views.text.ReactTextView is an AppCompat widget that can only be used with a Theme.AppCompat theme (or descendant).
02-01 14:16:06.271 13159 13159 E ThemeUtils: View class com.facebook.react.views.text.ReactTextView is an AppCompat widget that can only be used with a Theme.AppCompat theme (or descendant).
02-01 14:16:06.288 13159 13159 E ThemeUtils: View class com.facebook.react.views.text.ReactTextView is an AppCompat widget that can only be used with a Theme.AppCompat theme (or descendant).
02-01 14:16:06.460 13159 13159 E ThemeUtils: View class com.facebook.react.views.text.ReactTextView is an AppCompat widget that can only be used with a Theme.AppCompat theme (or descendant).
02-01 14:16:06.461 13159 13159 E ThemeUtils: View class com.facebook.react.views.text.ReactTextView is an AppCompat widget that can only be used with a Theme.AppCompat theme (or descendant).
02-01 14:16:06.468 13159 13159 E ThemeUtils: View class com.facebook.react.views.text.ReactTextView is an AppCompat widget that can only be used with a Theme.AppCompat theme (or descendant).
02-01 14:16:06.470 13159 13159 E ThemeUtils: View class com.facebook.react.views.text.ReactTextView is an AppCompat widget that can only be used with a Theme.AppCompat theme (or descendant).
02-01 14:16:40.641 13159 13352 E AVManager: Cannot install JSI bindings for AV module because JS context is not available
02-01 14:16:56.674 13159 13159 E ThemeUtils: View class com.facebook.react.views.text.ReactTextView is an AppCompat widget that can only be used with a Theme.AppCompat theme (or descendant).
02-01 14:16:56.683 13159 13159 E ThemeUtils: View class com.facebook.react.views.text.ReactTextView is an AppCompat widget that can only be used with a Theme.AppCompat theme (or descendant).
02-01 14:16:56.684 13159 13159 E ThemeUtils: View class com.facebook.react.views.text.ReactTextView is an AppCompat widget that can only be used with a Theme.AppCompat theme (or descendant).
02-01 14:16:56.684 13159 13159 E ThemeUtils: View class com.facebook.react.views.text.ReactTextView is an AppCompat widget that can only be used with a Theme.AppCompat theme (or descendant).
02-01 14:16:56.684 13159 13159 E ThemeUtils: View class com.facebook.react.views.text.ReactTextView is an AppCompat widget that can only be used with a Theme.AppCompat theme (or descendant).
02-01 14:16:56.685 13159 13159 E ThemeUtils: View class com.facebook.react.views.text.ReactTextView is an AppCompat widget that can only be used with a Theme.AppCompat theme (or descendant).
02-01 14:16:57.787   616   830 E AS.AudioDeviceBroker: mCommunicationDeviceUpdateCount already 0 in MSG_L_SET_COMMUNICATION_DEVICE_FOR_CLIENT
02-01 14:17:16.841 13159 13217 E unknown:SurfaceMountingManager: Stopping surface [51]
02-01 14:17:16.849 13159 13159 E unknown:SurfaceMountingManager: Surface [51] was stopped on SurfaceMountingManager.
02-01 14:17:16.853 13159 13159 E unknown:IntBufferBatchMountItem: Skipping batch of MountItems; was stopped [51].
02-01 14:18:27.802 13159 13248 E unknown:ReactHost: Unhandled SoftException
02-01 14:18:27.802 13159 13248 E unknown:ReactHost: com.facebook.react.bridge.ReactNoCrashSoftException: raiseSoftException(getOrCreateDestroyTask()): ReactHostImpl.invalidate()
02-01 14:18:27.802 13159 13248 E unknown:ReactHost: 	at com.facebook.react.runtime.ReactHostImpl.raiseSoftException(SourceFile:4)
02-01 14:18:27.802 13159 13248 E unknown:ReactHost: 	at com.facebook.react.runtime.ReactHostImpl.getOrCreateDestroyTask(SourceFile:6)
02-01 14:18:27.802 13159 13248 E unknown:ReactHost: 	at com.facebook.react.runtime.ReactHostImpl.lambda$destroy$7(SourceFile:26)
02-01 14:18:27.802 13159 13248 E unknown:ReactHost: 	at com.facebook.react.runtime.ReactHostImpl.N(SourceFile:1)
02-01 14:18:27.802 13159 13248 E unknown:ReactHost: 	at com.facebook.react.runtime.K.call(SourceFile:1)
02-01 14:18:27.802 13159 13248 E unknown:ReactHost: 	at com.facebook.react.runtime.internal.bolts.Task$2.run(SourceFile:5)
02-01 14:18:27.802 13159 13248 E unknown:ReactHost: 	at java.util.concurrent.ThreadPoolExecutor.runWorker(ThreadPoolExecutor.java:1145)
02-01 14:18:27.802 13159 13248 E unknown:ReactHost: 	at java.util.concurrent.ThreadPoolExecutor$Worker.run(ThreadPoolExecutor.java:644)
02-01 14:18:27.802 13159 13248 E unknown:ReactHost: 	at java.lang.Thread.run(Thread.java:1012)
02-01 14:18:27.896   616  1524 E TaskPersister: File error accessing recents directory (directory doesn't exist?).
02-01 14:18:28.609 13159 13159 E unknown:ReactHost: Unhandled SoftException
02-01 14:18:28.609 13159 13159 E unknown:ReactHost: com.facebook.react.bridge.ReactNoCrashSoftException: raiseSoftException(callWithExistingReactInstance(callFunctionOnModule("RCTDeviceEventEmitter", "emit"))): Execute: reactInstance is null. Dropping work.
02-01 14:18:28.609 13159 13159 E unknown:ReactHost: 	at com.facebook.react.runtime.ReactHostImpl.raiseSoftException(SourceFile:4)
02-01 14:18:28.609 13159 13159 E unknown:ReactHost: 	at com.facebook.react.runtime.ReactHostImpl.raiseSoftException(SourceFile:1)
02-01 14:18:28.609 13159 13159 E unknown:ReactHost: 	at com.facebook.react.runtime.ReactHostImpl.lambda$callWithExistingReactInstance$16(SourceFile:11)
02-01 14:18:28.609 13159 13159 E unknown:ReactHost: 	at com.facebook.react.runtime.ReactHostImpl.P(SourceFile:1)
02-01 14:18:28.609 13159 13159 E unknown:ReactHost: 	at com.facebook.react.runtime.t.then(SourceFile:1)
02-01 14:18:28.609 13159 13159 E unknown:ReactHost: 	at com.facebook.react.runtime.internal.bolts.Task$7.run(SourceFile:5)
02-01 14:18:28.609 13159 13159 E unknown:ReactHost: 	at com.facebook.react.runtime.internal.bolts.Executors$ImmediateExecutor.execute(SourceFile:6)
02-01 14:18:28.609 13159 13159 E unknown:ReactHost: 	at com.facebook.react.runtime.internal.bolts.Task.completeImmediately(SourceFile:6)
02-01 14:18:28.609 13159 13159 E unknown:ReactHost: 	at com.facebook.react.runtime.internal.bolts.Task.continueWith(SourceFile:6)
02-01 14:18:28.609 13159 13159 E unknown:ReactHost: 	at com.facebook.react.runtime.internal.bolts.Task.continueWith(SourceFile:9)
02-01 14:18:28.609 13159 13159 E unknown:ReactHost: 	at com.facebook.react.runtime.internal.bolts.Task$5.then(SourceFile:6)
02-01 14:18:28.609 13159 13159 E unknown:ReactHost: 	at com.facebook.react.runtime.internal.bolts.Task$5.then(SourceFile:1)
02-01 14:18:28.609 13159 13159 E unknown:ReactHost: 	at com.facebook.react.runtime.internal.bolts.Task$8.run(SourceFile:5)
02-01 14:18:28.609 13159 13159 E unknown:ReactHost: 	at com.facebook.react.runtime.internal.bolts.Executors$ImmediateExecutor.execute(SourceFile:6)
02-01 14:18:28.609 13159 13159 E unknown:ReactHost: 	at com.facebook.react.runtime.internal.bolts.Task.completeAfterTask(SourceFile:6)
02-01 14:18:28.609 13159 13159 E unknown:ReactHost: 	at com.facebook.react.runtime.internal.bolts.Task.continueWithTask(SourceFile:6)
02-01 14:18:28.609 13159 13159 E unknown:ReactHost: 	at com.facebook.react.runtime.internal.bolts.Task.onSuccess(SourceFile:1)
02-01 14:18:28.609 13159 13159 E unknown:ReactHost: 	at com.facebook.react.runtime.ReactHostImpl.callWithExistingReactInstance(SourceFile:40)
02-01 14:18:28.609 13159 13159 E unknown:ReactHost: 	at com.facebook.react.runtime.ReactHostImpl.callFunctionOnModule(SourceFile:37)
02-01 14:18:28.609 13159 13159 E unknown:ReactHost: 	at com.facebook.react.runtime.BridgelessReactContext.emitDeviceEvent(SourceFile:15)
02-01 14:18:28.609 13159 13159 E unknown:ReactHost: 	at com.facebook.react.modules.appstate.AppStateModule.sendEvent(SourceFile:15)
02-01 14:18:28.609 13159 13159 E unknown:ReactHost: 	at com.facebook.react.modules.appstate.AppStateModule.sendAppStateChangeEvent(SourceFile:7)
02-01 14:18:28.609 13159 13159 E unknown:ReactHost: 	at com.facebook.react.modules.appstate.AppStateModule.onHostPause(SourceFile:5)
02-01 14:18:28.609 13159 13159 E unknown:ReactHost: 	at com.facebook.react.bridge.ReactContext.onHostPause(SourceFile:28)
02-01 14:18:28.609 13159 13159 E unknown:ReactHost: 	at com.facebook.react.runtime.ReactLifecycleStateManager.moveToOnHostDestroy(SourceFile:31)
02-01 14:18:28.609 13159 13159 E unknown:ReactHost: 	at com.facebook.react.runtime.ReactHostImpl.lambda$getOrCreateDestroyTask$36(SourceFile:82)
02-01 14:18:28.609 13159 13159 E unknown:ReactHost: 	at com.facebook.react.runtime.ReactHostImpl.E(SourceFile:1)
02-01 14:18:28.609 13159 13159 E unknown:ReactHost: 	at com.facebook.react.runtime.C.then(SourceFile:1)
02-01 14:18:28.609 13159 13159 E unknown:ReactHost: 	at com.facebook.react.runtime.internal.bolts.Task$8.run(SourceFile:5)
02-01 14:18:28.609 13159 13159 E unknown:ReactHost: 	at android.os.Handler.handleCallback(Handler.java:959)
02-01 14:18:28.609 13159 13159 E unknown:ReactHost: 	at android.os.Handler.dispatchMessage(Handler.java:100)
02-01 14:18:28.609 13159 13159 E unknown:ReactHost: 	at android.os.Looper.loopOnce(Looper.java:232)
02-01 14:18:28.609 13159 13159 E unknown:ReactHost: 	at android.os.Looper.loop(Looper.java:317)
02-01 14:18:28.609 13159 13159 E unknown:ReactHost: 	at android.app.ActivityThread.main(ActivityThread.java:8705)
02-01 14:18:28.609 13159 13159 E unknown:ReactHost: 	at java.lang.reflect.Method.invoke(Native Method)
02-01 14:18:28.609 13159 13159 E unknown:ReactHost: 	at com.android.internal.os.RuntimeInit$MethodAndArgsCaller.run(RuntimeInit.java:580)
02-01 14:18:28.609 13159 13159 E unknown:ReactHost: 	at com.android.internal.os.ZygoteInit.main(ZygoteInit.java:886)
02-01 14:18:29.443 13159 13159 E unknown:ReactNative: Tried to remove non-existent frame callback
02-01 14:18:29.444 13159 13248 E unknown:SurfaceMountingManager: Stopping surface [31]
02-01 14:18:29.941 13159 13159 E unknown:SurfaceMountingManager: Surface [31] was stopped on SurfaceMountingManager.
02-01 14:18:31.064   616  1524 E TaskPersister: File error accessing recents directory (directory doesn't exist?).
02-01 14:18:31.084 13428 13428 E gle.android.tts: Not starting debugger since process cannot load the jdwp agent.
02-01 14:18:31.255 13159 13159 E WindowManager: android.view.WindowLeaked: Activity host.exp.exponent.experience.ExperienceActivity has leaked window android.widget.PopupWindow$PopupDecorView{714078e V.E...... R.....ID 0,0-1080,95} that was originally added here
02-01 14:18:31.255 13159 13159 E WindowManager: 	at android.view.ViewRootImpl.<init>(ViewRootImpl.java:1246)
02-01 14:18:31.255 13159 13159 E WindowManager: 	at android.view.ViewRootImpl.<init>(ViewRootImpl.java:1232)
02-01 14:18:31.255 13159 13159 E WindowManager: 	at android.view.WindowManagerGlobal.addView(WindowManagerGlobal.java:428)
02-01 14:18:31.255 13159 13159 E WindowManager: 	at android.view.WindowManagerImpl.addView(WindowManagerImpl.java:158)
02-01 14:18:31.255 13159 13159 E WindowManager: 	at android.widget.PopupWindow.invokePopup(PopupWindow.java:1580)
02-01 14:18:31.255 13159 13159 E WindowManager: 	at android.widget.PopupWindow.showAtLocation(PopupWindow.java:1346)
02-01 14:18:31.255 13159 13159 E WindowManager: 	at android.widget.PopupWindow.showAtLocation(PopupWindow.java:1312)
02-01 14:18:31.255 13159 13159 E WindowManager: 	at bh.f.l(SourceFile:24)
02-01 14:18:31.255 13159 13159 E WindowManager: 	at bh.f.e(SourceFile:1)
02-01 14:18:31.255 13159 13159 E WindowManager: 	at bh.e.run(SourceFile:1)
02-01 14:18:31.255 13159 13159 E WindowManager: 	at android.os.Handler.handleCallback(Handler.java:959)
02-01 14:18:31.255 13159 13159 E WindowManager: 	at android.os.Handler.dispatchMessage(Handler.java:100)
02-01 14:18:31.255 13159 13159 E WindowManager: 	at android.os.Looper.loopOnce(Looper.java:232)
02-01 14:18:31.255 13159 13159 E WindowManager: 	at android.os.Looper.loop(Looper.java:317)
02-01 14:18:31.255 13159 13159 E WindowManager: 	at android.app.ActivityThread.main(ActivityThread.java:8705)
02-01 14:18:31.255 13159 13159 E WindowManager: 	at java.lang.reflect.Method.invoke(Native Method)
02-01 14:18:31.255 13159 13159 E WindowManager: 	at com.android.internal.os.RuntimeInit$MethodAndArgsCaller.run(RuntimeInit.java:580)
02-01 14:18:31.255 13159 13159 E WindowManager: 	at com.android.internal.os.ZygoteInit.main(ZygoteInit.java:886)
02-01 14:18:31.386 13159 13159 E f       : java.lang.RuntimeException: A TaskDescription's primary color should be opaque
02-01 14:18:31.428 13159 13248 E unknown:ReactNative: Tried to remove non-existent frame callback
02-01 14:18:31.971 13159 13159 E f       : java.lang.RuntimeException: A TaskDescription's primary color should be opaque
02-01 14:18:31.977 13159 13159 E r       : java.lang.NoSuchFieldException: No field numActivities in class Landroid/app/ActivityManager$RecentTaskInfo; (declaration of 'android.app.ActivityManager$RecentTaskInfo' appears in /system/framework/framework.jar)
02-01 14:18:32.436 13159 13159 E ThemeUtils: View class com.facebook.react.views.text.ReactTextView is an AppCompat widget that can only be used with a Theme.AppCompat theme (or descendant).
02-01 14:18:32.439 13159 13159 E ThemeUtils: View class com.facebook.react.views.text.ReactTextView is an AppCompat widget that can only be used with a Theme.AppCompat theme (or descendant).
02-01 14:18:32.453 13159 13159 E ThemeUtils: View class com.facebook.react.views.text.ReactTextView is an AppCompat widget that can only be used with a Theme.AppCompat theme (or descendant).
02-01 14:18:34.280   616  1524 E TaskPersister: File error accessing recents directory (directory doesn't exist?).
02-01 14:18:39.409 13428 13428 E tflite  : third_party/tensorflow/lite/core/subgraph.cc:1084 tensor.data.raw != nullptr was not true.
02-01 14:18:39.574 13428 13428 E native  : E0000 00:00:1769973519.574593   13428 re2.cc:250] Error parsing '^|[^\p{Letter}\\]': invalid character class range: \p{Letter}
02-01 14:18:39.574 13428 13428 E native  : E0000 00:00:1769973519.574652   13428 replacement_rule.cc:40] Invalid context regexp: invalid character class range: \p{Letter}
02-01 14:18:39.574 13428 13428 E native  : E0000 00:00:1769973519.574659   13428 replacement_rule.cc:151] Error creating replacement rule.
02-01 14:18:39.574 13428 13428 E native  : E0000 00:00:1769973519.574664   13428 regexp_rewriter.cc:34] Error creating rule MessageLite at 0x71537d6a15d0.
02-01 14:20:36.845 13489 13489 E .apps.safetyhub: Not starting debugger since process cannot load the jdwp agent.
02-01 14:20:45.498 13159 13447 E unknown:ReactHost: Unhandled SoftException
02-01 14:20:45.498 13159 13447 E unknown:ReactHost: com.facebook.react.bridge.ReactNoCrashSoftException: raiseSoftException(getOrCreateDestroyTask()): Destroy Activity
02-01 14:20:45.498 13159 13447 E unknown:ReactHost: 	at com.facebook.react.runtime.ReactHostImpl.raiseSoftException(SourceFile:4)
02-01 14:20:45.498 13159 13447 E unknown:ReactHost: 	at com.facebook.react.runtime.ReactHostImpl.getOrCreateDestroyTask(SourceFile:6)
02-01 14:20:45.498 13159 13447 E unknown:ReactHost: 	at com.facebook.react.runtime.ReactHostImpl.lambda$destroy$7(SourceFile:26)
02-01 14:20:45.498 13159 13447 E unknown:ReactHost: 	at com.facebook.react.runtime.ReactHostImpl.N(SourceFile:1)
02-01 14:20:45.498 13159 13447 E unknown:ReactHost: 	at com.facebook.react.runtime.K.call(SourceFile:1)
02-01 14:20:45.498 13159 13447 E unknown:ReactHost: 	at com.facebook.react.runtime.internal.bolts.Task$2.run(SourceFile:5)
02-01 14:20:45.498 13159 13447 E unknown:ReactHost: 	at java.util.concurrent.ThreadPoolExecutor.runWorker(ThreadPoolExecutor.java:1145)
02-01 14:20:45.498 13159 13447 E unknown:ReactHost: 	at java.util.concurrent.ThreadPoolExecutor$Worker.run(ThreadPoolExecutor.java:644)
02-01 14:20:45.498 13159 13447 E unknown:ReactHost: 	at java.lang.Thread.run(Thread.java:1012)
02-01 14:20:45.558 13159 13159 E WindowManager: android.view.WindowLeaked: Activity host.exp.exponent.experience.ExperienceActivity has leaked window android.widget.PopupWindow$PopupDecorView{ffcf32b V.E...... R......D 0,0-1080,95} that was originally added here
02-01 14:20:45.558 13159 13159 E WindowManager: 	at android.view.ViewRootImpl.<init>(ViewRootImpl.java:1246)
02-01 14:20:45.558 13159 13159 E WindowManager: 	at android.view.ViewRootImpl.<init>(ViewRootImpl.java:1232)
02-01 14:20:45.558 13159 13159 E WindowManager: 	at android.view.WindowManagerGlobal.addView(WindowManagerGlobal.java:428)
02-01 14:20:45.558 13159 13159 E WindowManager: 	at android.view.WindowManagerImpl.addView(WindowManagerImpl.java:158)
02-01 14:20:45.558 13159 13159 E WindowManager: 	at android.widget.PopupWindow.invokePopup(PopupWindow.java:1580)
02-01 14:20:45.558 13159 13159 E WindowManager: 	at android.widget.PopupWindow.showAtLocation(PopupWindow.java:1346)
02-01 14:20:45.558 13159 13159 E WindowManager: 	at android.widget.PopupWindow.showAtLocation(PopupWindow.java:1312)
02-01 14:20:45.558 13159 13159 E WindowManager: 	at bh.f.l(SourceFile:24)
02-01 14:20:45.558 13159 13159 E WindowManager: 	at bh.f.e(SourceFile:1)
02-01 14:20:45.558 13159 13159 E WindowManager: 	at bh.e.run(SourceFile:1)
02-01 14:20:45.558 13159 13159 E WindowManager: 	at android.os.Handler.handleCallback(Handler.java:959)
02-01 14:20:45.558 13159 13159 E WindowManager: 	at android.os.Handler.dispatchMessage(Handler.java:100)
02-01 14:20:45.558 13159 13159 E WindowManager: 	at android.os.Looper.loopOnce(Looper.java:232)
02-01 14:20:45.558 13159 13159 E WindowManager: 	at android.os.Looper.loop(Looper.java:317)
02-01 14:20:45.558 13159 13159 E WindowManager: 	at android.app.ActivityThread.main(ActivityThread.java:8705)
02-01 14:20:45.558 13159 13159 E WindowManager: 	at java.lang.reflect.Method.invoke(Native Method)
02-01 14:20:45.558 13159 13159 E WindowManager: 	at com.android.internal.os.RuntimeInit$MethodAndArgsCaller.run(RuntimeInit.java:580)
02-01 14:20:45.558 13159 13159 E WindowManager: 	at com.android.internal.os.ZygoteInit.main(ZygoteInit.java:886)
02-01 14:20:45.631   616  1524 E TaskPersister: File error accessing recents directory (directory doesn't exist?).
02-01 14:20:48.987  1415 11016 E AiAiMatchmaker: The text provided was empty.
02-01 14:20:48.988  1415 11016 E AiAiMatchmaker: The text provided was empty.
02-01 14:20:50.954   616  1524 E TaskPersister: File error accessing recents directory (directory doesn't exist?).
02-01 14:20:54.581   616  1524 E TaskPersister: File error accessing recents directory (directory doesn't exist?).
02-01 14:20:54.773   616  1524 E TaskPersister: File error accessing recents directory (directory doesn't exist?).
02-01 14:20:58.743   616  1524 E TaskPersister: File error accessing recents directory (directory doesn't exist?).
02-01 14:21:36.796 13555 13555 E id.gms.unstable: Not starting debugger since process cannot load the jdwp agent.
02-01 14:22:46.986   616  1720 E SystemServiceRegistry: No service published for: persistent_data_block
02-01 14:22:46.986   616  1720 E SystemServiceRegistry: android.os.ServiceManager$ServiceNotFoundException: No service published for: persistent_data_block
02-01 14:22:46.986   616  1720 E SystemServiceRegistry: 	at android.os.ServiceManager.getServiceOrThrow(ServiceManager.java:203)
02-01 14:22:46.986   616  1720 E SystemServiceRegistry: 	at android.app.SystemServiceRegistry$81.createService(SystemServiceRegistry.java:1071)
02-01 14:22:46.986   616  1720 E SystemServiceRegistry: 	at android.app.SystemServiceRegistry$81.createService(SystemServiceRegistry.java:1068)
02-01 14:22:46.986   616  1720 E SystemServiceRegistry: 	at android.app.SystemServiceRegistry$StaticServiceFetcher.getService(SystemServiceRegistry.java:2293)
02-01 14:22:46.986   616  1720 E SystemServiceRegistry: 	at android.app.SystemServiceRegistry.getSystemService(SystemServiceRegistry.java:1812)
02-01 14:22:46.986   616  1720 E SystemServiceRegistry: 	at android.app.ContextImpl.getSystemService(ContextImpl.java:2241)
02-01 14:22:46.986   616  1720 E SystemServiceRegistry: 	at android.content.Context.getSystemService(Context.java:4503)
02-01 14:22:46.986   616  1720 E SystemServiceRegistry: 	at com.android.server.pm.PackageInstallerSession.markAsSealed(PackageInstallerSession.java:2394)
02-01 14:22:46.986   616  1720 E SystemServiceRegistry: 	at com.android.server.pm.PackageInstallerSession.commit(PackageInstallerSession.java:2143)
02-01 14:22:46.986   616  1720 E SystemServiceRegistry: 	at android.content.pm.PackageInstaller$Session.commit(PackageInstaller.java:1977)
02-01 14:22:46.986   616  1720 E SystemServiceRegistry: 	at com.android.server.pm.PackageManagerShellCommand.doCommitSession(PackageManagerShellCommand.java:4298)
02-01 14:22:46.986   616  1720 E SystemServiceRegistry: 	at com.android.server.pm.PackageManagerShellCommand.doRunInstall(PackageManagerShellCommand.java:1634)
02-01 14:22:46.986   616  1720 E SystemServiceRegistry: 	at com.android.server.pm.PackageManagerShellCommand.runInstall(PackageManagerShellCommand.java:1561)
02-01 14:22:46.986   616  1720 E SystemServiceRegistry: 	at com.android.server.pm.PackageManagerShellCommand.onCommand(PackageManagerShellCommand.java:245)
02-01 14:22:46.986   616  1720 E SystemServiceRegistry: 	at com.android.modules.utils.BasicShellCommandHandler.exec(BasicShellCommandHandler.java:97)
02-01 14:22:46.986   616  1720 E SystemServiceRegistry: 	at android.os.ShellCommand.exec(ShellCommand.java:38)
02-01 14:22:46.986   616  1720 E SystemServiceRegistry: 	at com.android.server.pm.PackageManagerService$IPackageManagerImpl.onShellCommand(PackageManagerService.java:6561)
02-01 14:22:46.986   616  1720 E SystemServiceRegistry: 	at android.os.Binder.shellCommand(Binder.java:1230)
02-01 14:22:46.986   616  1720 E SystemServiceRegistry: 	at android.os.Binder.onTransact(Binder.java:1043)
02-01 14:22:46.986   616  1720 E SystemServiceRegistry: 	at android.content.pm.IPackageManager$Stub.onTransact(IPackageManager.java:4620)
02-01 14:22:46.986   616  1720 E SystemServiceRegistry: 	at com.android.server.pm.PackageManagerService$IPackageManagerImpl.onTransact(PackageManagerService.java:6545)
02-01 14:22:46.986   616  1720 E SystemServiceRegistry: 	at android.os.Binder.execTransactInternal(Binder.java:1505)
02-01 14:22:46.986   616  1720 E SystemServiceRegistry: 	at android.os.Binder.execTransact(Binder.java:1444)
02-01 14:22:47.130   616  1720 E SystemServiceRegistry: Manager wrapper not available: persistent_data_block
02-01 14:22:50.659   616   824 E AppOps  : attributionTag VCN not declared in manifest of android
02-01 14:22:50.680   616   824 E AppOps  : attributionTag VCN not declared in manifest of android
02-01 14:22:50.874   616   824 E AppOps  : attributionTag VCN not declared in manifest of android
02-01 14:22:50.984  1067  1067 E SmsApplication: com.google.android.apps.messaging lost android:read_cell_broadcasts:  (fixing)
02-01 14:22:51.212  1067  1067 E CellBroadcastUtils: getDefaultCellBroadcastReceiverPackageName: no package found
02-01 14:22:53.666  1067  1067 E SmsApplication: com.google.android.apps.messaging lost android:read_cell_broadcasts:  (fixing)
02-01 14:22:53.696  1067  1067 E CellBroadcastUtils: getDefaultCellBroadcastReceiverPackageName: no package found
02-01 14:22:54.176  1067  1067 E SmsApplication: com.google.android.apps.messaging lost android:read_cell_broadcasts:  (fixing)
02-01 14:22:54.347  1067  1067 E CellBroadcastUtils: getDefaultCellBroadcastReceiverPackageName: no package found
02-01 14:22:55.808   616 13639 E IPCThreadState: Binder transaction failure. id: 3190099, BR_*: 29201, error: -28 (No space left on device)
02-01 14:22:56.047   616 13639 E JavaBinder: !!! FAILED BINDER TRANSACTION !!!  (parcel size = 367116)
02-01 14:23:10.632   616  1524 E TaskPersister: File error accessing recents directory (directory doesn't exist?).
02-01 14:24:31.335 13792 13792 E gle.android.gms: Not starting debugger since process cannot load the jdwp agent.
02-01 14:24:38.104 13819 13819 E d.process.acore: Not starting debugger since process cannot load the jdwp agent.
02-01 14:25:11.087 13693 13892 E chromium: [0201/142511.080851:ERROR:android_webview/browser/variations/variations_seed_loader.cc:39] Seed missing signature.
02-01 14:25:15.981   616   830 E AS.AudioDeviceBroker: mCommunicationDeviceUpdateCount already 0 in MSG_L_SET_COMMUNICATION_DEVICE_FOR_CLIENT
02-01 14:29:34.107   616   830 E AS.AudioDeviceBroker: mCommunicationDeviceUpdateCount already 0 in MSG_L_SET_COMMUNICATION_DEVICE_FOR_CLIENT
02-01 14:31:38.458 13968 13968 E id.gms.unstable: Not starting debugger since process cannot load the jdwp agent.
02-01 14:33:59.681 13693 13947 E ReactNativeJS: { [Error: UnableToResolveError Unable to resolve module react-native-google-mobile-ads from C:\Users\U4652G6\Documents\rezoa\project_v1\rezoa-mobile\components\AdBanner.tsx: react-native-google-mobile-ads could not be found within the project or in these directories:
02-01 14:33:59.681 13693 13947 E ReactNativeJS:   node_modules
02-01 14:33:59.681 13693 13947 E ReactNativeJS:   ..\node_modules
02-01 14:33:59.681 13693 13947 E ReactNativeJS:   ..\..\node_modules
02-01 14:33:59.681 13693 13947 E ReactNativeJS: [0m[31m[1m>[22m[39m[90m 1 |[39m [36mimport[39m { [33mBannerAd[39m[33m,[39m [33mBannerAdSize[39m[33m,[39m [33mTestIds[39m } [36mfrom[39m [32m'react-native-google-mobile-ads'[39m[33m;[39m
02-01 14:33:59.681 13693 13947 E ReactNativeJS:  [90m   |[39m                                                  [31m[1m^[22m[39m
02-01 14:33:59.681 13693 13947 E ReactNativeJS:  [90m 2 |[39m
02-01 14:33:59.681 13693 13947 E ReactNativeJS:  [90m 3 |[39m [36mconst[39m adUnitId [33m=[39m [33mTestIds[39m[33m.[39m[33mBANNER[39m[33m;[39m
02-01 14:33:59.681 13693 13947 E ReactNativeJS:  [90m 4 |[39m[0m] preventSymbolication: true }
02-01 14:34:03.447 13693 13947 E ReactNativeJS: { [Error: UnableToResolveError Unable to resolve module react-native-google-mobile-ads from C:\Users\U4652G6\Documents\rezoa\project_v1\rezoa-mobile\components\AdBanner.tsx: react-native-google-mobile-ads could not be found within the project or in these directories:
02-01 14:34:03.447 13693 13947 E ReactNativeJS:   node_modules
02-01 14:34:03.447 13693 13947 E ReactNativeJS:   ..\node_modules
02-01 14:34:03.447 13693 13947 E ReactNativeJS:   ..\..\node_modules
02-01 14:34:03.447 13693 13947 E ReactNativeJS: [0m [90m 1 |[39m [36mimport[39m [33mReact[39m [36mfrom[39m [32m'react'[39m[33m;[39m
02-01 14:34:03.447 13693 13947 E ReactNativeJS:  [90m 2 |[39m [36mimport[39m { [33mDimensionValue[39m[33m,[39m [33mStyleSheet[39m[33m,[39m [33mView[39m } [36mfrom[39m [32m'react-native'[39m[33m;[39m
02-01 14:34:03.447 13693 13947 E ReactNativeJS: [31m[1m>[22m[39m[90m 3 |[39m [36mimport[39m { [33mBannerAd[39m[33m,[39m [33mBannerAdSize[39m[33m,[39m [33mTestIds[39m } [36mfrom[39m [32m'react-native-google-mobile-ads'[39m[33m;[39m
02-01 14:34:03.447 13693 13947 E ReactNativeJS:  [90m   |[39m                                                  [31m[1m^[22m[39m
02-01 14:34:03.447 13693 13947 E ReactNativeJS:  [90m 4 |[39m
02-01 14:34:03.447 13693 13947 E ReactNativeJS:  [90m 5 |[39m [36mconst[39m adUnitId [33m=[39m [33mTestIds[39m[33m.[39m[33mBANNER[39m[33m;[39m
02-01 14:34:03.447 13693 13947 E ReactNativeJS:  [90m 6 |[39m[0m] preventSymbolication: true }
02-01 14:37:58.228   166   177 E lowmemorykiller: process_mrelease 13968 failed: No such process
02-01 14:37:59.432   166   178 E lowmemorykiller: process_mrelease 13792 failed: No such process
02-01 14:38:31.448 13693 13947 E ReactNativeJS: { [Error: UnableToResolveError Unable to resolve module react-native-google-mobile-ads from C:\Users\U4652G6\Documents\rezoa\project_v1\rezoa-mobile\components\AdBanner.tsx: react-native-google-mobile-ads could not be found within the project or in these directories:
02-01 14:38:31.448 13693 13947 E ReactNativeJS:   node_modules
02-01 14:38:31.448 13693 13947 E ReactNativeJS:   ..\node_modules
02-01 14:38:31.448 13693 13947 E ReactNativeJS:   ..\..\node_modules
02-01 14:38:31.448 13693 13947 E ReactNativeJS: [0m [90m 1 |[39m [36mimport[39m [33mReact[39m [36mfrom[39m [32m'react'[39m[33m;[39m
02-01 14:38:31.448 13693 13947 E ReactNativeJS:  [90m 2 |[39m [36mimport[39m { [33mDimensionValue[39m[33m,[39m [33mStyleSheet[39m[33m,[39m [33mView[39m } [36mfrom[39m [32m'react-native'[39m[33m;[39m
02-01 14:38:31.448 13693 13947 E ReactNativeJS: [31m[1m>[22m[39m[90m 3 |[39m [36mimport[39m { [33mBannerAd[39m[33m,[39m [33mBannerAdSize[39m[33m,[39m [33mTestIds[39m } [36mfrom[39m [32m'react-native-google-mobile-ads'[39m[33m;[39m
02-01 14:38:31.448 13693 13947 E ReactNativeJS:  [90m   |[39m                                                  [31m[1m^[22m[39m
02-01 14:38:31.448 13693 13947 E ReactNativeJS:  [90m 4 |[39m
02-01 14:38:31.448 13693 13947 E ReactNativeJS:  [90m 5 |[39m [36mconst[39m adUnitId [33m=[39m [33mTestIds[39m[33m.[39m[33mBANNER[39m[33m;[39m
02-01 14:38:31.448 13693 13947 E ReactNativeJS:  [90m 6 |[39m[0m] preventSymbolication: true }
02-01 14:38:33.014 13693 13947 E ReactNativeJS: { [Error: UnableToResolveError Unable to resolve module react-native-google-mobile-ads from C:\Users\U4652G6\Documents\rezoa\project_v1\rezoa-mobile\components\AdBanner.tsx: react-native-google-mobile-ads could not be found within the project or in these directories:
02-01 14:38:33.014 13693 13947 E ReactNativeJS:   node_modules
02-01 14:38:33.014 13693 13947 E ReactNativeJS:   ..\node_modules
02-01 14:38:33.014 13693 13947 E ReactNativeJS:   ..\..\node_modules
02-01 14:38:33.014 13693 13947 E ReactNativeJS: [0m [90m 1 |[39m [36mimport[39m [33mReact[39m [36mfrom[39m [32m'react'[39m[33m;[39m
02-01 14:38:33.014 13693 13947 E ReactNativeJS:  [90m 2 |[39m [36mimport[39m { [33mDimensionValue[39m[33m,[39m [33mStyleSheet[39m[33m,[39m [33mView[39m } [36mfrom[39m [32m'react-native'[39m[33m;[39m
02-01 14:38:33.014 13693 13947 E ReactNativeJS: [31m[1m>[22m[39m[90m 3 |[39m [36mimport[39m { [33mBannerAd[39m[33m,[39m [33mBannerAdSize[39m[33m,[39m [33mTestIds[39m } [36mfrom[39m [32m'react-native-google-mobile-ads'[39m[33m;[39m
02-01 14:38:33.014 13693 13947 E ReactNativeJS:  [90m   |[39m                                                  [31m[1m^[22m[39m
02-01 14:38:33.014 13693 13947 E ReactNativeJS:  [90m 4 |[39m
02-01 14:38:33.014 13693 13947 E ReactNativeJS:  [90m 5 |[39m [36mconst[39m adUnitId [33m=[39m [33mTestIds[39m[33m.[39m[33mBANNER[39m[33m;[39m
02-01 14:38:33.014 13693 13947 E ReactNativeJS:  [90m 6 |[39m[0m] preventSymbolication: true }
02-01 14:38:34.291 14091 14091 E gle.android.gms: Not starting debugger since process cannot load the jdwp agent.
02-01 14:38:40.143 14134 14134 E d.process.acore: Not starting debugger since process cannot load the jdwp agent.
02-01 14:38:40.237 13693 13947 E ReactNativeJS: { [Error: UnableToResolveError Unable to resolve module react-native-google-mobile-ads from C:\Users\U4652G6\Documents\rezoa\project_v1\rezoa-mobile\components\AdBanner.tsx: react-native-google-mobile-ads could not be found within the project or in these directories:
02-01 14:38:40.237 13693 13947 E ReactNativeJS:   node_modules
02-01 14:38:40.237 13693 13947 E ReactNativeJS:   ..\node_modules
02-01 14:38:40.237 13693 13947 E ReactNativeJS:   ..\..\node_modules
02-01 14:38:40.237 13693 13947 E ReactNativeJS: [0m [90m 1 |[39m [36mimport[39m [33mReact[39m [36mfrom[39m [32m'react'[39m[33m;[39m
02-01 14:38:40.237 13693 13947 E ReactNativeJS:  [90m 2 |[39m [36mimport[39m { [33mDimensionValue[39m[33m,[39m [33mStyleSheet[39m[33m,[39m [33mView[39m } [36mfrom[39m [32m'react-native'[39m[33m;[39m
02-01 14:38:40.237 13693 13947 E ReactNativeJS: [31m[1m>[22m[39m[90m 3 |[39m [36mimport[39m { [33mBannerAd[39m[33m,[39m [33mBannerAdSize[39m[33m,[39m [33mTestIds[39m } [36mfrom[39m [32m'react-native-google-mobile-ads'[39m[33m;[39m
02-01 14:38:40.237 13693 13947 E ReactNativeJS:  [90m   |[39m                                                  [31m[1m^[22m[39m
02-01 14:38:40.237 13693 13947 E ReactNativeJS:  [90m 4 |[39m
02-01 14:38:40.237 13693 13947 E ReactNativeJS:  [90m 5 |[39m [36mconst[39m adUnitId [33m=[39m [33mTestIds[39m[33m.[39m[33mBANNER[39m[33m;[39m
02-01 14:38:40.237 13693 13947 E ReactNativeJS:  [90m 6 |[39m[0m] preventSymbolication: true }
02-01 14:38:41.317 13693 13947 E ReactNativeJS: { [Error: UnableToResolveError Unable to resolve module react-native-google-mobile-ads from C:\Users\U4652G6\Documents\rezoa\project_v1\rezoa-mobile\components\AdBanner.tsx: react-native-google-mobile-ads could not be found within the project or in these directories:
02-01 14:38:41.317 13693 13947 E ReactNativeJS:   node_modules
02-01 14:38:41.317 13693 13947 E ReactNativeJS:   ..\node_modules
02-01 14:38:41.317 13693 13947 E ReactNativeJS:   ..\..\node_modules
02-01 14:38:41.317 13693 13947 E ReactNativeJS: [0m [90m 1 |[39m [36mimport[39m [33mReact[39m [36mfrom[39m [32m'react'[39m[33m;[39m
02-01 14:38:41.317 13693 13947 E ReactNativeJS:  [90m 2 |[39m [36mimport[39m { [33mDimensionValue[39m[33m,[39m [33mStyleSheet[39m[33m,[39m [33mView[39m } [36mfrom[39m [32m'react-native'[39m[33m;[39m
02-01 14:38:41.317 13693 13947 E ReactNativeJS: [31m[1m>[22m[39m[90m 3 |[39m [36mimport[39m { [33mBannerAd[39m[33m,[39m [33mBannerAdSize[39m[33m,[39m [33mTestIds[39m } [36mfrom[39m [32m'react-native-google-mobile-ads'[39m[33m;[39m
02-01 14:38:41.317 13693 13947 E ReactNativeJS:  [90m   |[39m                                                  [31m[1m^[22m[39m
02-01 14:38:41.317 13693 13947 E ReactNativeJS:  [90m 4 |[39m
02-01 14:38:41.317 13693 13947 E ReactNativeJS:  [90m 5 |[39m [36mconst[39m adUnitId [33m=[39m [33mTestIds[39m[33m.[39m[33mBANNER[39m[33m;[39m
02-01 14:38:41.317 13693 13947 E ReactNativeJS:  [90m 6 |[39m[0m] preventSymbolication: true }
02-01 14:38:42.438 13693 13947 E ReactNativeJS: { [Error: UnableToResolveError Unable to resolve module react-native-google-mobile-ads from C:\Users\U4652G6\Documents\rezoa\project_v1\rezoa-mobile\components\AdBanner.tsx: react-native-google-mobile-ads could not be found within the project or in these directories:
02-01 14:38:42.438 13693 13947 E ReactNativeJS:   node_modules
02-01 14:38:42.438 13693 13947 E ReactNativeJS:   ..\node_modules
02-01 14:38:42.438 13693 13947 E ReactNativeJS:   ..\..\node_modules
02-01 14:38:42.438 13693 13947 E ReactNativeJS: [0m [90m 1 |[39m [36mimport[39m [33mReact[39m [36mfrom[39m [32m'react'[39m[33m;[39m
02-01 14:38:42.438 13693 13947 E ReactNativeJS:  [90m 2 |[39m [36mimport[39m { [33mDimensionValue[39m[33m,[39m [33mStyleSheet[39m[33m,[39m [33mView[39m } [36mfrom[39m [32m'react-native'[39m[33m;[39m
02-01 14:38:42.438 13693 13947 E ReactNativeJS: [31m[1m>[22m[39m[90m 3 |[39m [36mimport[39m { [33mBannerAd[39m[33m,[39m [33mBannerAdSize[39m[33m,[39m [33mTestIds[39m } [36mfrom[39m [32m'react-native-google-mobile-ads'[39m[33m;[39m
02-01 14:38:42.438 13693 13947 E ReactNativeJS:  [90m   |[39m                                                  [31m[1m^[22m[39m
02-01 14:38:42.438 13693 13947 E ReactNativeJS:  [90m 4 |[39m
02-01 14:38:42.438 13693 13947 E ReactNativeJS:  [90m 5 |[39m [36mconst[39m adUnitId [33m=[39m [33mTestIds[39m[33m.[39m[33mBANNER[39m[33m;[39m
02-01 14:38:42.438 13693 13947 E ReactNativeJS:  [90m 6 |[39m[0m] preventSymbolication: true }
02-01 14:39:22.170 13693 13947 E ReactNativeJS: { [Error: UnableToResolveError Unable to resolve module react-native-google-mobile-ads from C:\Users\U4652G6\Documents\rezoa\project_v1\rezoa-mobile\components\AdBanner.tsx: react-native-google-mobile-ads could not be found within the project or in these directories:
02-01 14:39:22.170 13693 13947 E ReactNativeJS:   node_modules
02-01 14:39:22.170 13693 13947 E ReactNativeJS:   ..\node_modules
02-01 14:39:22.170 13693 13947 E ReactNativeJS:   ..\..\node_modules
02-01 14:39:22.170 13693 13947 E ReactNativeJS: [0m [90m 1 |[39m [36mimport[39m [33mReact[39m [36mfrom[39m [32m'react'[39m[33m;[39m
02-01 14:39:22.170 13693 13947 E ReactNativeJS:  [90m 2 |[39m [36mimport[39m { [33mDimensionValue[39m[33m,[39m [33mStyleSheet[39m[33m,[39m [33mView[39m } [36mfrom[39m [32m'react-native'[39m[33m;[39m
02-01 14:39:22.170 13693 13947 E ReactNativeJS: [31m[1m>[22m[39m[90m 3 |[39m [36mimport[39m { [33mBannerAd[39m[33m,[39m [33mBannerAdSize[39m[33m,[39m [33mTestIds[39m } [36mfrom[39m [32m'react-native-google-mobile-ads'[39m[33m;[39m
02-01 14:39:22.170 13693 13947 E ReactNativeJS:  [90m   |[39m                                                  [31m[1m^[22m[39m
02-01 14:39:22.170 13693 13947 E ReactNativeJS:  [90m 4 |[39m
02-01 14:39:22.170 13693 13947 E ReactNativeJS:  [90m 5 |[39m [36mconst[39m adUnitId [33m=[39m [33mTestIds[39m[33m.[39m[33mBANNER[39m[33m;[39m
02-01 14:39:22.170 13693 13947 E ReactNativeJS:  [90m 6 |[39m[0m] preventSymbolication: true }
02-01 14:40:05.224 13693 13947 E ReactNativeJS: { [Error: UnableToResolveError Unable to resolve module react-native-google-mobile-ads from C:\Users\U4652G6\Documents\rezoa\project_v1\rezoa-mobile\components\AdBanner.tsx: react-native-google-mobile-ads could not be found within the project or in these directories:
02-01 14:40:05.224 13693 13947 E ReactNativeJS:   node_modules
02-01 14:40:05.224 13693 13947 E ReactNativeJS:   ..\node_modules
02-01 14:40:05.224 13693 13947 E ReactNativeJS:   ..\..\node_modules
02-01 14:40:05.224 13693 13947 E ReactNativeJS: [0m [90m 1 |[39m [36mimport[39m [33mReact[39m [36mfrom[39m [32m'react'[39m[33m;[39m
02-01 14:40:05.224 13693 13947 E ReactNativeJS:  [90m 2 |[39m [36mimport[39m { [33mDimensionValue[39m[33m,[39m [33mStyleSheet[39m[33m,[39m [33mView[39m } [36mfrom[39m [32m'react-native'[39m[33m;[39m
02-01 14:40:05.224 13693 13947 E ReactNativeJS: [31m[1m>[22m[39m[90m 3 |[39m [36mimport[39m { [33mBannerAd[39m[33m,[39m [33mBannerAdSize[39m[33m,[39m [33mTestIds[39m } [36mfrom[39m [32m'react-native-google-mobile-ads'[39m[33m;[39m
02-01 14:40:05.224 13693 13947 E ReactNativeJS:  [90m   |[39m                                                  [31m[1m^[22m[39m
02-01 14:40:05.224 13693 13947 E ReactNativeJS:  [90m 4 |[39m
02-01 14:40:05.224 13693 13947 E ReactNativeJS:  [90m 5 |[39m [36mconst[39m adUnitId [33m=[39m [33mTestIds[39m[33m.[39m[33mBANNER[39m[33m;[39m
02-01 14:40:05.224 13693 13947 E ReactNativeJS:  [90m 6 |[39m[0m] preventSymbolication: true }
02-01 14:40:13.952 13693 13947 E ReactNativeJS: { [Error: UnableToResolveError Unable to resolve module react-native-google-mobile-ads from C:\Users\U4652G6\Documents\rezoa\project_v1\rezoa-mobile\components\AdBanner.tsx: react-native-google-mobile-ads could not be found within the project or in these directories:
02-01 14:40:13.952 13693 13947 E ReactNativeJS:   node_modules
02-01 14:40:13.952 13693 13947 E ReactNativeJS:   ..\node_modules
02-01 14:40:13.952 13693 13947 E ReactNativeJS:   ..\..\node_modules
02-01 14:40:13.952 13693 13947 E ReactNativeJS: [0m [90m 1 |[39m [36mimport[39m [33mReact[39m [36mfrom[39m [32m'react'[39m[33m;[39m
02-01 14:40:13.952 13693 13947 E ReactNativeJS:  [90m 2 |[39m [36mimport[39m { [33mDimensionValue[39m[33m,[39m [33mStyleSheet[39m[33m,[39m [33mView[39m } [36mfrom[39m [32m'react-native'[39m[33m;[39m
02-01 14:40:13.952 13693 13947 E ReactNativeJS: [31m[1m>[22m[39m[90m 3 |[39m [36mimport[39m { [33mBannerAd[39m[33m,[39m [33mBannerAdSize[39m[33m,[39m [33mTestIds[39m } [36mfrom[39m [32m'react-native-google-mobile-ads'[39m[33m;[39m
02-01 14:40:13.952 13693 13947 E ReactNativeJS:  [90m   |[39m                                                  [31m[1m^[22m[39m
02-01 14:40:13.952 13693 13947 E ReactNativeJS:  [90m 4 |[39m
02-01 14:40:13.952 13693 13947 E ReactNativeJS:  [90m 5 |[39m [36mconst[39m adUnitId [33m=[39m [33mTestIds[39m[33m.[39m[33mBANNER[39m[33m;[39m
02-01 14:40:13.952 13693 13947 E ReactNativeJS:  [90m 6 |[39m[0m] preventSymbolication: true }
02-01 14:40:19.319 13693 13947 E ReactNativeJS: { [Error: UnableToResolveError Unable to resolve module react-native-google-mobile-ads from C:\Users\U4652G6\Documents\rezoa\project_v1\rezoa-mobile\components\AdBanner.tsx: react-native-google-mobile-ads could not be found within the project or in these directories:
02-01 14:40:19.319 13693 13947 E ReactNativeJS:   node_modules
02-01 14:40:19.319 13693 13947 E ReactNativeJS:   ..\node_modules
02-01 14:40:19.319 13693 13947 E ReactNativeJS:   ..\..\node_modules
02-01 14:40:19.319 13693 13947 E ReactNativeJS: [0m [90m 1 |[39m [36mimport[39m [33mReact[39m [36mfrom[39m [32m'react'[39m[33m;[39m
02-01 14:40:19.319 13693 13947 E ReactNativeJS:  [90m 2 |[39m [36mimport[39m { [33mDimensionValue[39m[33m,[39m [33mStyleSheet[39m[33m,[39m [33mView[39m } [36mfrom[39m [32m'react-native'[39m[33m;[39m
02-01 14:40:19.319 13693 13947 E ReactNativeJS: [31m[1m>[22m[39m[90m 3 |[39m [36mimport[39m { [33mBannerAd[39m[33m,[39m [33mBannerAdSize[39m[33m,[39m [33mTestIds[39m } [36mfrom[39m [32m'react-native-google-mobile-ads'[39m[33m;[39m
02-01 14:40:19.319 13693 13947 E ReactNativeJS:  [90m   |[39m                                                  [31m[1m^[22m[39m
02-01 14:40:19.319 13693 13947 E ReactNativeJS:  [90m 4 |[39m
02-01 14:40:19.319 13693 13947 E ReactNativeJS:  [90m 5 |[39m [36mconst[39m adUnitId [33m=[39m [33mTestIds[39m[33m.[39m[33mBANNER[39m[33m;[39m
02-01 14:40:19.319 13693 13947 E ReactNativeJS:  [90m 6 |[39m[0m] preventSymbolication: true }
02-01 14:40:28.254 13693 13947 E ReactNativeJS: { [Error: UnableToResolveError Unable to resolve module react-native-google-mobile-ads from C:\Users\U4652G6\Documents\rezoa\project_v1\rezoa-mobile\components\AdBanner.tsx: react-native-google-mobile-ads could not be found within the project or in these directories:
02-01 14:40:28.254 13693 13947 E ReactNativeJS:   node_modules
02-01 14:40:28.254 13693 13947 E ReactNativeJS:   ..\node_modules
02-01 14:40:28.254 13693 13947 E ReactNativeJS:   ..\..\node_modules
02-01 14:40:28.254 13693 13947 E ReactNativeJS: [0m [90m 1 |[39m [36mimport[39m [33mReact[39m [36mfrom[39m [32m'react'[39m[33m;[39m
02-01 14:40:28.254 13693 13947 E ReactNativeJS:  [90m 2 |[39m [36mimport[39m { [33mDimensionValue[39m[33m,[39m [33mStyleSheet[39m[33m,[39m [33mView[39m } [36mfrom[39m [32m'react-native'[39m[33m;[39m
02-01 14:40:28.254 13693 13947 E ReactNativeJS: [31m[1m>[22m[39m[90m 3 |[39m [36mimport[39m { [33mBannerAd[39m[33m,[39m [33mBannerAdSize[39m[33m,[39m [33mTestIds[39m } [36mfrom[39m [32m'react-native-google-mobile-ads'[39m[33m;[39m
02-01 14:40:28.254 13693 13947 E ReactNativeJS:  [90m   |[39m                                                  [31m[1m^[22m[39m
02-01 14:40:28.254 13693 13947 E ReactNativeJS:  [90m 4 |[39m
02-01 14:40:28.254 13693 13947 E ReactNativeJS:  [90m 5 |[39m [36mconst[39m adUnitId [33m=[39m [33mTestIds[39m[33m.[39m[33mBANNER[39m[33m;[39m
02-01 14:40:28.254 13693 13947 E ReactNativeJS:  [90m 6 |[39m[0m] preventSymbolication: true }
