02-01 13:54:04.446 10136 10167 E TraceManagerImpl: 	at tk_trace.ExecuteActionRunnable#runImpl(Started After:24)
02-01 13:54:04.446 10136 10167 E TraceManagerImpl: 	at tk_trace.GwqWorkerStartupTask(Started After:9)
02-01 13:54:04.446 10136 10167 E TraceManagerImpl: 	at tk_trace.StartupHandlerImpl#onAppInteractiveInternal(Started After:0)
02-01 13:54:04.446 10136 10167 E TraceManagerImpl: 	at tk_trace.StartupHandlerImpl App Interactive Delay Timer Fired(Started After:0)
02-01 13:54:04.447 10136 10167 E TraceManagerImpl: Trace WorkQueueWorkerShim#startWork timed out after 1696458 ms. Complete trace: # esoa@f0f6ac42
02-01 13:54:04.447 10136 10167 E TraceManagerImpl: esoh: 
02-01 13:54:04.447 10136 10167 E TraceManagerImpl: 	at tk_trace.DatabaseWrapperImpl.inTransactionDeferredRunnableList(Started After:0)
02-01 13:54:04.447 10136 10167 E TraceManagerImpl: 	at tk_trace.WorkQueueWorkerImpl.startWork(Started After:0)
02-01 13:54:04.447 10136 10167 E TraceManagerImpl: 	at tk_trace.WorkQueueWorkerShim#startWork(Started After:0)
02-01 13:54:04.505 10136 10168 E TraceManagerImpl: Trace BuglePhoneApplicationBase#attatchBaseContext timed out after 1698016 ms. Complete trace: # esoa@480f54cb
02-01 13:54:04.505 10136 10168 E TraceManagerImpl: esoh: 
02-01 13:54:04.505 10136 10168 E TraceManagerImpl: 	at tk_trace.BugleGservicesImpl#assertKeyAndWaitForGservices(Started After:1)
02-01 13:54:04.505 10136 10168 E TraceManagerImpl: 	at tk_trace.WorkQueueBatchingImpl#schedulingDeferred(Started After:1)
02-01 13:54:04.505 10136 10168 E TraceManagerImpl: 	at tk_trace.WorkQueueBatchingImpl#queueWorkItems(Started After:1)
02-01 13:54:04.505 10136 10168 E TraceManagerImpl: 	at tk_trace.WorkQueueBatchingImpl#queueWorkItem(Started After:1)
02-01 13:54:04.505 10136 10168 E TraceManagerImpl: 	at tk_trace.PhenotypeHelper#onBuglePhenotypeChanged(Started After:1)
02-01 13:54:04.505 10136 10168 E TraceManagerImpl: 	at tk_trace.PhenotypeHelper#registerPhenotype(Started After:0)
02-01 13:54:04.505 10136 10168 E TraceManagerImpl: 	at tk_trace.PhoneAsyncAppCreateStartupTask(Started After:0)
02-01 13:54:04.505 10136 10168 E TraceManagerImpl: 	at tk_trace.StartupHandlerImpl#onApplicationCreatedInternal(Started After:0)
02-01 13:54:04.505 10136 10168 E TraceManagerImpl: 	at tk_trace.StartupHandlerImpl#onApplicationCreated(Started After:0)
02-01 13:54:04.505 10136 10168 E TraceManagerImpl: 	at tk_trace.Application.onCreate(Started After:0)
02-01 13:54:04.505 10136 10168 E TraceManagerImpl: 	at tk_trace.Application creation(Started After:0)
02-01 13:54:04.505 10136 10168 E TraceManagerImpl: 	at tk_trace.BuglePhoneApplicationBase#attatchBaseContext(Started After:0)
02-01 13:54:22.615 11015 11015 E chbox:googleapp: Not starting debugger since process cannot load the jdwp agent.
02-01 13:54:25.168   616  1033 E ActivityTaskManager: Could not find activity for task 16
02-01 13:54:25.177   616  1524 E TaskPersister: File error accessing recents directory (directory doesn't exist?).
02-01 13:54:27.526   616  1524 E TaskPersister: File error accessing recents directory (directory doesn't exist?).
02-01 13:54:27.555   616  1944 E ActivityTaskManager: Could not find activity for task 15
02-01 13:54:30.054   616  1524 E TaskPersister: File error accessing recents directory (directory doesn't exist?).
02-01 13:54:31.114 11076 11076 E d.process.acore: Not starting debugger since process cannot load the jdwp agent.
02-01 13:54:37.326 11110 11110 E ackageinstaller: Not starting debugger since process cannot load the jdwp agent.
02-01 13:54:46.196   616  1524 E TaskPersister: File error accessing recents directory (directory doesn't exist?).
02-01 13:54:46.383   616   824 E AppOps  : attributionTag VCN not declared in manifest of android
02-01 13:54:46.533 11146 11146 E .android.chrome: Not starting debugger since process cannot load the jdwp agent.
02-01 13:54:46.600  1067  1067 E SmsApplication: com.google.android.apps.messaging lost android:read_cell_broadcasts:  (fixing)
02-01 13:54:46.643 11154 11154 E ndroid.keychain: Not starting debugger since process cannot load the jdwp agent.
02-01 13:54:46.968   616   959 E RoleControllerServiceImpl: Default/fallback role holder package doesn't qualify for the role, package: com.google.android.gms.supervision, role: android.app.role.SYSTEM_SUPERVISION
02-01 13:54:47.037  1067  1067 E CellBroadcastUtils: getDefaultCellBroadcastReceiverPackageName: no package found
02-01 13:54:47.208 11176 11176 E id.ext.services: Not starting debugger since process cannot load the jdwp agent.
02-01 13:54:47.459   616   959 E RoleControllerServiceImpl: Default/fallback role holder package doesn't qualify for the role, package: com.google.android.gms, role: android.app.role.WALLET
02-01 13:54:47.674   616   959 E RoleControllerServiceImpl: Default/fallback role holder package doesn't qualify for the role, package: com.google.android.devicelockcontroller, role: android.app.role.SYSTEM_FINANCED_DEVICE_CONTROLLER
02-01 13:54:48.123 11212 11212 E android.vending: Not starting debugger since process cannot load the jdwp agent.
02-01 13:54:48.257 10935 10962 E WorkSourceUtil: Could not find package: com.richardsam76.rezoamobile
02-01 13:54:48.877 11146 11237 E cr_ChromiumAndroidLinker: AndroidDlopenExt: android_dlopen_ext: dlopen failed: reserved address space 14766080 smaller than 216092672 bytes needed for "/data/app/~~jNZEyUSYVu1tjtbHyF8xPg==/com.google.android.trichromelibrary_749919238-rIa6A_ZBT8onbZcg40HWRA==/base.apk!/lib/x86_64/libmonochrome_64.so"
02-01 13:54:48.877 11146 11237 E cr_ChromiumAndroidLinker: LoadWithDlopenExt: android_dlopen_ext() error
02-01 13:54:48.877 11146 11237 E cr_ChromiumAndroidLinker: LoadLibrary: Failed to load native library: libmonochrome_64.so
02-01 13:54:48.877 11146 11237 E cr_Linker: Unable to load with Linker, using the system linker instead
02-01 13:54:48.967 11239 11239 E ding:background: Not starting debugger since process cannot load the jdwp agent.
02-01 13:54:51.502 11288 11288 E oid.documentsui: Not starting debugger since process cannot load the jdwp agent.
02-01 13:54:52.924 11400 11400 E externalstorage: Not starting debugger since process cannot load the jdwp agent.
02-01 13:54:53.250 11414 11414 E ssioncontroller: Not starting debugger since process cannot load the jdwp agent.
02-01 13:54:53.456 11212 11311 E PlayCommon: [66] Error reading the content of the response body: java.io.EOFException
02-01 13:54:53.980 11451 11451 E d.process.media: Not starting debugger since process cannot load the jdwp agent.
02-01 13:58:07.139   616  1059 E SystemServiceRegistry: No service published for: persistent_data_block
02-01 13:58:07.139   616  1059 E SystemServiceRegistry: android.os.ServiceManager$ServiceNotFoundException: No service published for: persistent_data_block
02-01 13:58:07.139   616  1059 E SystemServiceRegistry: 	at android.os.ServiceManager.getServiceOrThrow(ServiceManager.java:203)
02-01 13:58:07.139   616  1059 E SystemServiceRegistry: 	at android.app.SystemServiceRegistry$81.createService(SystemServiceRegistry.java:1071)
02-01 13:58:07.139   616  1059 E SystemServiceRegistry: 	at android.app.SystemServiceRegistry$81.createService(SystemServiceRegistry.java:1068)
02-01 13:58:07.139   616  1059 E SystemServiceRegistry: 	at android.app.SystemServiceRegistry$StaticServiceFetcher.getService(SystemServiceRegistry.java:2293)
02-01 13:58:07.139   616  1059 E SystemServiceRegistry: 	at android.app.SystemServiceRegistry.getSystemService(SystemServiceRegistry.java:1812)
02-01 13:58:07.139   616  1059 E SystemServiceRegistry: 	at android.app.ContextImpl.getSystemService(ContextImpl.java:2241)
02-01 13:58:07.139   616  1059 E SystemServiceRegistry: 	at android.content.Context.getSystemService(Context.java:4503)
02-01 13:58:07.139   616  1059 E SystemServiceRegistry: 	at com.android.server.pm.PackageInstallerSession.markAsSealed(PackageInstallerSession.java:2394)
02-01 13:58:07.139   616  1059 E SystemServiceRegistry: 	at com.android.server.pm.PackageInstallerSession.commit(PackageInstallerSession.java:2143)
02-01 13:58:07.139   616  1059 E SystemServiceRegistry: 	at android.content.pm.PackageInstaller$Session.commit(PackageInstaller.java:1977)
02-01 13:58:07.139   616  1059 E SystemServiceRegistry: 	at com.android.server.pm.PackageManagerShellCommand.doCommitSession(PackageManagerShellCommand.java:4298)
02-01 13:58:07.139   616  1059 E SystemServiceRegistry: 	at com.android.server.pm.PackageManagerShellCommand.doRunInstall(PackageManagerShellCommand.java:1634)
02-01 13:58:07.139   616  1059 E SystemServiceRegistry: 	at com.android.server.pm.PackageManagerShellCommand.runInstall(PackageManagerShellCommand.java:1561)
02-01 13:58:07.139   616  1059 E SystemServiceRegistry: 	at com.android.server.pm.PackageManagerShellCommand.onCommand(PackageManagerShellCommand.java:245)
02-01 13:58:07.139   616  1059 E SystemServiceRegistry: 	at com.android.modules.utils.BasicShellCommandHandler.exec(BasicShellCommandHandler.java:97)
02-01 13:58:07.139   616  1059 E SystemServiceRegistry: 	at android.os.ShellCommand.exec(ShellCommand.java:38)
02-01 13:58:07.139   616  1059 E SystemServiceRegistry: 	at com.android.server.pm.PackageManagerService$IPackageManagerImpl.onShellCommand(PackageManagerService.java:6561)
02-01 13:58:07.139   616  1059 E SystemServiceRegistry: 	at android.os.Binder.shellCommand(Binder.java:1230)
02-01 13:58:07.139   616  1059 E SystemServiceRegistry: 	at android.os.Binder.onTransact(Binder.java:1043)
02-01 13:58:07.139   616  1059 E SystemServiceRegistry: 	at android.content.pm.IPackageManager$Stub.onTransact(IPackageManager.java:4620)
02-01 13:58:07.139   616  1059 E SystemServiceRegistry: 	at com.android.server.pm.PackageManagerService$IPackageManagerImpl.onTransact(PackageManagerService.java:6545)
02-01 13:58:07.139   616  1059 E SystemServiceRegistry: 	at android.os.Binder.execTransactInternal(Binder.java:1505)
02-01 13:58:07.139   616  1059 E SystemServiceRegistry: 	at android.os.Binder.execTransact(Binder.java:1444)
02-01 13:58:07.230   616  1059 E SystemServiceRegistry: Manager wrapper not available: persistent_data_block
02-01 13:58:08.996   616   667 E AppOps  : Trying to set mode for unknown uid 10211.
02-01 13:58:09.034   616   667 E AppOpService: Blocked setUidMode call for runtime permission app op: uid = 10211, code = RECORD_AUDIO, mode = ignore, callingUid = 1000, oldMode = allow
02-01 13:58:09.034   616   667 E AppOpService: java.lang.RuntimeException
02-01 13:58:09.034   616   667 E AppOpService: 	at com.android.server.permission.access.appop.AppOpService.setUidMode(AppOpService.kt:268)
02-01 13:58:09.034   616   667 E AppOpService: 	at com.android.server.appop.AppOpsCheckingServiceTracingDecorator.setUidMode(AppOpsCheckingServiceTracingDecorator.java:120)
02-01 13:58:09.034   616   667 E AppOpService: 	at com.android.server.appop.AppOpsService.setUidMode(AppOpsService.java:2076)
02-01 13:58:09.034   616   667 E AppOpService: 	at com.android.server.appop.AppOpsService.-$$Nest$msetUidMode(AppOpsService.java:0)
02-01 13:58:09.034   616   667 E AppOpService: 	at com.android.server.appop.AppOpsService$AppOpsManagerInternalImpl.setUidModeFromPermissionPolicy(AppOpsService.java:7125)
02-01 13:58:09.034   616   667 E AppOpService: 	at com.android.server.policy.PermissionPolicyService$PermissionToOpSynchroniser.setUidMode(PermissionPolicyService.java:1112)
02-01 13:58:09.034   616   667 E AppOpService: 	at com.android.server.policy.PermissionPolicyService$PermissionToOpSynchroniser.setUidModeIgnored(PermissionPolicyService.java:1090)
02-01 13:58:09.034   616   667 E AppOpService: 	at com.android.server.policy.PermissionPolicyService$PermissionToOpSynchroniser.syncPackages(PermissionPolicyService.java:898)
02-01 13:58:09.034   616   667 E AppOpService: 	at com.android.server.policy.PermissionPolicyService$PermissionToOpSynchroniser.-$$Nest$msyncPackages(PermissionPolicyService.java:0)
02-01 13:58:09.034   616   667 E AppOpService: 	at com.android.server.policy.PermissionPolicyService.synchronizeUidPermissionsAndAppOps(PermissionPolicyService.java:690)
02-01 13:58:09.034   616   667 E AppOpService: 	at com.android.server.policy.PermissionPolicyService.$r8$lambda$g9YhLNd1OZQfuSCyT_yO-G8mZv0(PermissionPolicyService.java:0)
02-01 13:58:09.034   616   667 E AppOpService: 	at com.android.server.policy.PermissionPolicyService$$ExternalSyntheticLambda4.accept(R8$$SyntheticClass:0)
02-01 13:58:09.034   616   667 E AppOpService: 	at com.android.internal.util.function.pooled.PooledLambdaImpl.doInvoke(PooledLambdaImpl.java:281)
02-01 13:58:09.034   616   667 E AppOpService: 	at com.android.internal.util.function.pooled.PooledLambdaImpl.invoke(PooledLambdaImpl.java:204)
02-01 13:58:09.034   616   667 E AppOpService: 	at com.android.internal.util.function.pooled.OmniFunction.run(OmniFunction.java:87)
02-01 13:58:09.034   616   667 E AppOpService: 	at android.os.Handler.handleCallback(Handler.java:959)
02-01 13:58:09.034   616   667 E AppOpService: 	at android.os.Handler.dispatchMessage(Handler.java:100)
02-01 13:58:09.034   616   667 E AppOpService: 	at android.os.Looper.loopOnce(Looper.java:232)
02-01 13:58:09.034   616   667 E AppOpService: 	at android.os.Looper.loop(Looper.java:317)
02-01 13:58:09.034   616   667 E AppOpService: 	at android.os.HandlerThread.run(HandlerThread.java:85)
02-01 13:58:09.034   616   667 E AppOpService: 	at com.android.server.ServiceThread.run(ServiceThread.java:46)
02-01 13:58:11.316   616   824 E AppOps  : attributionTag VCN not declared in manifest of android
02-01 13:58:11.367  1067  1067 E SmsApplication: com.google.android.apps.messaging lost android:read_cell_broadcasts:  (fixing)
02-01 13:58:11.413  1067  1067 E CellBroadcastUtils: getDefaultCellBroadcastReceiverPackageName: no package found
02-01 13:58:12.425   616   959 E RoleControllerServiceImpl: Default/fallback role holder package doesn't qualify for the role, package: com.google.android.gms.supervision, role: android.app.role.SYSTEM_SUPERVISION
02-01 13:58:12.548  1067  1067 E SmsApplication: com.google.android.apps.messaging lost android:read_cell_broadcasts:  (fixing)
02-01 13:58:12.573  1067  1067 E CellBroadcastUtils: getDefaultCellBroadcastReceiverPackageName: no package found
02-01 13:58:13.207   616   959 E RoleControllerServiceImpl: Default/fallback role holder package doesn't qualify for the role, package: com.google.android.gms, role: android.app.role.WALLET
02-01 13:58:23.198   616   959 E RoleControllerServiceImpl: Default/fallback role holder package doesn't qualify for the role, package: com.google.android.devicelockcontroller, role: android.app.role.SYSTEM_FINANCED_DEVICE_CONTROLLER
02-01 13:58:23.257   616   959 E RoleControllerServiceImpl: Default/fallback role holder package doesn't qualify for the role, package: com.google.android.gms.supervision, role: android.app.role.SYSTEM_SUPERVISION
02-01 13:58:23.741   616   959 E RoleControllerServiceImpl: Default/fallback role holder package doesn't qualify for the role, package: com.google.android.gms, role: android.app.role.WALLET
02-01 13:58:23.780   616   959 E RoleControllerServiceImpl: Default/fallback role holder package doesn't qualify for the role, package: com.google.android.devicelockcontroller, role: android.app.role.SYSTEM_FINANCED_DEVICE_CONTROLLER
02-01 13:58:45.014   616  1524 E TaskPersister: File error accessing recents directory (directory doesn't exist?).
02-01 13:59:01.313 11675 11675 E webview_service: Not starting debugger since process cannot load the jdwp agent.
02-01 13:59:07.256   616   830 E AS.AudioDeviceBroker: mCommunicationDeviceUpdateCount already 0 in MSG_L_SET_COMMUNICATION_DEVICE_FOR_CLIENT
02-01 14:00:01.427 11766 11766 E ndroid.settings: Not starting debugger since process cannot load the jdwp agent.
02-01 14:00:03.421   616   830 E AS.AudioDeviceBroker: mCommunicationDeviceUpdateCount already 0 in MSG_L_SET_COMMUNICATION_DEVICE_FOR_CLIENT
02-01 14:00:04.903 11766 11784 E DataProcessor: abnormal entry list in the timestamp:Feb 01, 2026, 11:00:00
02-01 14:00:05.365 11797 11797 E gs.intelligence: Not starting debugger since process cannot load the jdwp agent.
02-01 14:00:06.492 11766 11766 E SmsApplication: com.google.android.apps.messaging lost android:read_cell_broadcasts:  (fixing)
02-01 14:00:06.641 11766 11766 E SmsApplication: com.google.android.apps.messaging lost android:read_cell_broadcasts:  (fixing)
02-01 14:00:21.754 11613 11639 E unknown:ReconnectingWebSocket: Error occurred, shutting down websocket connection: Websocket exception
02-01 14:00:21.754 11613 11639 E unknown:ReconnectingWebSocket: java.io.EOFException
02-01 14:00:21.754 11613 11639 E unknown:ReconnectingWebSocket: 	at okio.RealBufferedSource.require(RealBufferedSource.kt:202)
02-01 14:00:21.754 11613 11639 E unknown:ReconnectingWebSocket: 	at okio.RealBufferedSource.readByte(RealBufferedSource.kt:212)
02-01 14:00:21.754 11613 11639 E unknown:ReconnectingWebSocket: 	at okhttp3.internal.ws.WebSocketReader.readHeader(WebSocketReader.kt:119)
02-01 14:00:21.754 11613 11639 E unknown:ReconnectingWebSocket: 	at okhttp3.internal.ws.WebSocketReader.processNextFrame(WebSocketReader.kt:102)
02-01 14:00:21.754 11613 11639 E unknown:ReconnectingWebSocket: 	at okhttp3.internal.ws.RealWebSocket.loopReader(RealWebSocket.kt:293)
02-01 14:00:21.754 11613 11639 E unknown:ReconnectingWebSocket: 	at okhttp3.internal.ws.RealWebSocket$connect$1.onResponse(RealWebSocket.kt:195)
02-01 14:00:21.754 11613 11639 E unknown:ReconnectingWebSocket: 	at okhttp3.internal.connection.RealCall$AsyncCall.run(RealCall.kt:519)
02-01 14:00:21.754 11613 11639 E unknown:ReconnectingWebSocket: 	at java.util.concurrent.ThreadPoolExecutor.runWorker(ThreadPoolExecutor.java:1145)
02-01 14:00:21.754 11613 11639 E unknown:ReconnectingWebSocket: 	at java.util.concurrent.ThreadPoolExecutor$Worker.run(ThreadPoolExecutor.java:644)
02-01 14:00:21.754 11613 11639 E unknown:ReconnectingWebSocket: 	at java.lang.Thread.run(Thread.java:1012)
02-01 14:00:31.415   616  1524 E TaskPersister: File error accessing recents directory (directory doesn't exist?).
02-01 14:00:31.752   392   444 E netd    : control message was truncated when receiving file descriptors
02-01 14:00:34.676   616  1524 E TaskPersister: File error accessing recents directory (directory doesn't exist?).
02-01 14:00:41.403   616  1524 E TaskPersister: File error accessing recents directory (directory doesn't exist?).
02-01 14:00:41.685 11288 11864 E IPCThreadState: Binder transaction failure. id: 2957202, BR_*: 29202, error: 0 (Success)
02-01 14:00:41.689 11288 11864 E JavaBinder: !!! FAILED BINDER TRANSACTION !!!  (parcel size = 336)
02-01 14:00:41.692   616   824 E AppOps  : attributionTag VCN not declared in manifest of android
02-01 14:00:41.759   616  2027 E IPCThreadState: Binder transaction failure. id: 2957221, BR_*: 29202, error: 0 (Success)
02-01 14:00:41.946  1067  1067 E SmsApplication: com.google.android.apps.messaging lost android:read_cell_broadcasts:  (fixing)
02-01 14:00:41.973   616   959 E RoleControllerServiceImpl: Default/fallback role holder package doesn't qualify for the role, package: com.google.android.gms.supervision, role: android.app.role.SYSTEM_SUPERVISION
02-01 14:00:42.040  1067  1067 E CellBroadcastUtils: getDefaultCellBroadcastReceiverPackageName: no package found
02-01 14:00:42.100   616   959 E RoleControllerServiceImpl: Default/fallback role holder package doesn't qualify for the role, package: com.google.android.gms, role: android.app.role.WALLET
02-01 14:00:42.530   616   959 E RoleControllerServiceImpl: Default/fallback role holder package doesn't qualify for the role, package: com.google.android.devicelockcontroller, role: android.app.role.SYSTEM_FINANCED_DEVICE_CONTROLLER
02-01 14:00:42.726 11899 11899 E externalstorage: Not starting debugger since process cannot load the jdwp agent.
02-01 14:01:35.320 11982 11982 E id.gms.unstable: Not starting debugger since process cannot load the jdwp agent.
02-01 14:02:30.825   616   662 E SystemServiceRegistry: No service published for: persistent_data_block
02-01 14:02:30.825   616   662 E SystemServiceRegistry: android.os.ServiceManager$ServiceNotFoundException: No service published for: persistent_data_block
02-01 14:02:30.825   616   662 E SystemServiceRegistry: 	at android.os.ServiceManager.getServiceOrThrow(ServiceManager.java:203)
02-01 14:02:30.825   616   662 E SystemServiceRegistry: 	at android.app.SystemServiceRegistry$81.createService(SystemServiceRegistry.java:1071)
02-01 14:02:30.825   616   662 E SystemServiceRegistry: 	at android.app.SystemServiceRegistry$81.createService(SystemServiceRegistry.java:1068)
02-01 14:02:30.825   616   662 E SystemServiceRegistry: 	at android.app.SystemServiceRegistry$StaticServiceFetcher.getService(SystemServiceRegistry.java:2293)
02-01 14:02:30.825   616   662 E SystemServiceRegistry: 	at android.app.SystemServiceRegistry.getSystemService(SystemServiceRegistry.java:1812)
02-01 14:02:30.825   616   662 E SystemServiceRegistry: 	at android.app.ContextImpl.getSystemService(ContextImpl.java:2241)
02-01 14:02:30.825   616   662 E SystemServiceRegistry: 	at android.content.Context.getSystemService(Context.java:4503)
02-01 14:02:30.825   616   662 E SystemServiceRegistry: 	at com.android.server.pm.PackageInstallerSession.markAsSealed(PackageInstallerSession.java:2394)
02-01 14:02:30.825   616   662 E SystemServiceRegistry: 	at com.android.server.pm.PackageInstallerSession.commit(PackageInstallerSession.java:2143)
02-01 14:02:30.825   616   662 E SystemServiceRegistry: 	at android.content.pm.PackageInstaller$Session.commit(PackageInstaller.java:1977)
02-01 14:02:30.825   616   662 E SystemServiceRegistry: 	at com.android.server.pm.PackageManagerShellCommand.doCommitSession(PackageManagerShellCommand.java:4298)
02-01 14:02:30.825   616   662 E SystemServiceRegistry: 	at com.android.server.pm.PackageManagerShellCommand.doRunInstall(PackageManagerShellCommand.java:1634)
02-01 14:02:30.825   616   662 E SystemServiceRegistry: 	at com.android.server.pm.PackageManagerShellCommand.runInstall(PackageManagerShellCommand.java:1561)
02-01 14:02:30.825   616   662 E SystemServiceRegistry: 	at com.android.server.pm.PackageManagerShellCommand.onCommand(PackageManagerShellCommand.java:245)
02-01 14:02:30.825   616   662 E SystemServiceRegistry: 	at com.android.modules.utils.BasicShellCommandHandler.exec(BasicShellCommandHandler.java:97)
02-01 14:02:30.825   616   662 E SystemServiceRegistry: 	at android.os.ShellCommand.exec(ShellCommand.java:38)
02-01 14:02:30.825   616   662 E SystemServiceRegistry: 	at com.android.server.pm.PackageManagerService$IPackageManagerImpl.onShellCommand(PackageManagerService.java:6561)
02-01 14:02:30.825   616   662 E SystemServiceRegistry: 	at android.os.Binder.shellCommand(Binder.java:1230)
02-01 14:02:30.825   616   662 E SystemServiceRegistry: 	at android.os.Binder.onTransact(Binder.java:1043)
02-01 14:02:30.825   616   662 E SystemServiceRegistry: 	at android.content.pm.IPackageManager$Stub.onTransact(IPackageManager.java:4620)
02-01 14:02:30.825   616   662 E SystemServiceRegistry: 	at com.android.server.pm.PackageManagerService$IPackageManagerImpl.onTransact(PackageManagerService.java:6545)
02-01 14:02:30.825   616   662 E SystemServiceRegistry: 	at android.os.Binder.execTransactInternal(Binder.java:1505)
02-01 14:02:30.825   616   662 E SystemServiceRegistry: 	at android.os.Binder.execTransact(Binder.java:1444)
02-01 14:02:30.832   616   662 E SystemServiceRegistry: Manager wrapper not available: persistent_data_block
02-01 14:02:32.146   616   667 E AppOps  : Trying to set mode for unknown uid 10214.
02-01 14:02:32.169   616   667 E AppOpService: Blocked setUidMode call for runtime permission app op: uid = 10214, code = RECORD_AUDIO, mode = ignore, callingUid = 1000, oldMode = allow
02-01 14:02:32.169   616   667 E AppOpService: java.lang.RuntimeException
02-01 14:02:32.169   616   667 E AppOpService: 	at com.android.server.permission.access.appop.AppOpService.setUidMode(AppOpService.kt:268)
02-01 14:02:32.169   616   667 E AppOpService: 	at com.android.server.appop.AppOpsCheckingServiceTracingDecorator.setUidMode(AppOpsCheckingServiceTracingDecorator.java:120)
02-01 14:02:32.169   616   667 E AppOpService: 	at com.android.server.appop.AppOpsService.setUidMode(AppOpsService.java:2076)
02-01 14:02:32.169   616   667 E AppOpService: 	at com.android.server.appop.AppOpsService.-$$Nest$msetUidMode(AppOpsService.java:0)
02-01 14:02:32.169   616   667 E AppOpService: 	at com.android.server.appop.AppOpsService$AppOpsManagerInternalImpl.setUidModeFromPermissionPolicy(AppOpsService.java:7125)
02-01 14:02:32.169   616   667 E AppOpService: 	at com.android.server.policy.PermissionPolicyService$PermissionToOpSynchroniser.setUidMode(PermissionPolicyService.java:1112)
02-01 14:02:32.169   616   667 E AppOpService: 	at com.android.server.policy.PermissionPolicyService$PermissionToOpSynchroniser.setUidModeIgnored(PermissionPolicyService.java:1090)
02-01 14:02:32.169   616   667 E AppOpService: 	at com.android.server.policy.PermissionPolicyService$PermissionToOpSynchroniser.syncPackages(PermissionPolicyService.java:898)
02-01 14:02:32.169   616   667 E AppOpService: 	at com.android.server.policy.PermissionPolicyService$PermissionToOpSynchroniser.-$$Nest$msyncPackages(PermissionPolicyService.java:0)
02-01 14:02:32.169   616   667 E AppOpService: 	at com.android.server.policy.PermissionPolicyService.synchronizeUidPermissionsAndAppOps(PermissionPolicyService.java:690)
02-01 14:02:32.169   616   667 E AppOpService: 	at com.android.server.policy.PermissionPolicyService.$r8$lambda$g9YhLNd1OZQfuSCyT_yO-G8mZv0(PermissionPolicyService.java:0)
02-01 14:02:32.169   616   667 E AppOpService: 	at com.android.server.policy.PermissionPolicyService$$ExternalSyntheticLambda4.accept(R8$$SyntheticClass:0)
02-01 14:02:32.169   616   667 E AppOpService: 	at com.android.internal.util.function.pooled.PooledLambdaImpl.doInvoke(PooledLambdaImpl.java:281)
02-01 14:02:32.169   616   667 E AppOpService: 	at com.android.internal.util.function.pooled.PooledLambdaImpl.invoke(PooledLambdaImpl.java:204)
02-01 14:02:32.169   616   667 E AppOpService: 	at com.android.internal.util.function.pooled.OmniFunction.run(OmniFunction.java:87)
02-01 14:02:32.169   616   667 E AppOpService: 	at android.os.Handler.handleCallback(Handler.java:959)
02-01 14:02:32.169   616   667 E AppOpService: 	at android.os.Handler.dispatchMessage(Handler.java:100)
02-01 14:02:32.169   616   667 E AppOpService: 	at android.os.Looper.loopOnce(Looper.java:232)
02-01 14:02:32.169   616   667 E AppOpService: 	at android.os.Looper.loop(Looper.java:317)
02-01 14:02:32.169   616   667 E AppOpService: 	at android.os.HandlerThread.run(HandlerThread.java:85)
02-01 14:02:32.169   616   667 E AppOpService: 	at com.android.server.ServiceThread.run(ServiceThread.java:46)
02-01 14:02:34.461   616   824 E AppOps  : attributionTag VCN not declared in manifest of android
02-01 14:02:35.357  1067  1067 E SmsApplication: com.google.android.apps.messaging lost android:read_cell_broadcasts:  (fixing)
02-01 14:02:35.424  1067  1067 E CellBroadcastUtils: getDefaultCellBroadcastReceiverPackageName: no package found
02-01 14:02:35.949   616   959 E RoleControllerServiceImpl: Default/fallback role holder package doesn't qualify for the role, package: com.google.android.gms.supervision, role: android.app.role.SYSTEM_SUPERVISION
02-01 14:02:42.991 11212 11212 E Finsky  : [2] Failed to read frosting: java.util.concurrent.TimeoutException: Waited 2 seconds (plus 19645000 nanoseconds delay) but future completed as timeout expired
02-01 14:02:43.201  1067  1067 E SmsApplication: com.google.android.apps.messaging lost android:read_cell_broadcasts:  (fixing)
02-01 14:02:45.910  1067  1067 E CellBroadcastUtils: getDefaultCellBroadcastReceiverPackageName: no package found
02-01 14:02:48.899   616   959 E RoleControllerServiceImpl: Default/fallback role holder package doesn't qualify for the role, package: com.google.android.gms, role: android.app.role.WALLET
02-01 14:02:49.972   616   959 E RoleControllerServiceImpl: Default/fallback role holder package doesn't qualify for the role, package: com.google.android.devicelockcontroller, role: android.app.role.SYSTEM_FINANCED_DEVICE_CONTROLLER
02-01 14:02:50.078   616   959 E RoleControllerServiceImpl: Default/fallback role holder package doesn't qualify for the role, package: com.google.android.gms.supervision, role: android.app.role.SYSTEM_SUPERVISION
02-01 14:02:50.518   616   959 E RoleControllerServiceImpl: Default/fallback role holder package doesn't qualify for the role, package: com.google.android.gms, role: android.app.role.WALLET
02-01 14:02:50.684   616   959 E RoleControllerServiceImpl: Default/fallback role holder package doesn't qualify for the role, package: com.google.android.devicelockcontroller, role: android.app.role.SYSTEM_FINANCED_DEVICE_CONTROLLER
02-01 14:03:09.209   616  1524 E TaskPersister: File error accessing recents directory (directory doesn't exist?).
02-01 14:03:24.215   616 12120 E system_server: Could not open /dev/binderfs/binder_logs/transactions. Likely a permissions issue. errno: 2
02-01 14:03:24.216   616 12120 E android.os.Debug: Failed to get binder state info for pid: 12100 status: -2: No such file or directory
02-01 14:03:27.912   616 12121 E ActivityManager: ANR in com.richardsam76.rezoamobile
02-01 14:03:27.912   616 12121 E ActivityManager: PID: 12100
02-01 14:03:27.912   616 12121 E ActivityManager: Reason: Process ProcessRecord{fedffe2 12100:com.richardsam76.rezoamobile/u0a214} failed to complete startup
02-01 14:03:27.912   616 12121 E ActivityManager: ErrorId: 28127831-0dce-4429-a2b5-8606d867fa84
02-01 14:03:27.912   616 12121 E ActivityManager: Frozen: false
02-01 14:03:27.912   616 12121 E ActivityManager: Load: 0.0 / 0.0 / 0.0
02-01 14:03:27.912   616 12121 E ActivityManager: ----- Output from /proc/pressure/memory -----
02-01 14:03:27.912   616 12121 E ActivityManager: some avg10=2.15 avg60=6.26 avg300=3.43 total=242890278
02-01 14:03:27.912   616 12121 E ActivityManager: full avg10=1.39 avg60=4.10 avg300=2.16 total=137049346
02-01 14:03:27.912   616 12121 E ActivityManager: ----- End output from /proc/pressure/memory -----
02-01 14:03:27.912   616 12121 E ActivityManager: ----- Output from /proc/pressure/cpu -----
02-01 14:03:27.912   616 12121 E ActivityManager: some avg10=18.57 avg60=21.28 avg300=14.05 total=1391734739
02-01 14:03:27.912   616 12121 E ActivityManager: full avg10=0.00 avg60=0.00 avg300=0.00 total=0
02-01 14:03:27.912   616 12121 E ActivityManager: ----- End output from /proc/pressure/cpu -----
02-01 14:03:27.912   616 12121 E ActivityManager: ----- Output from /proc/pressure/io -----
02-01 14:03:27.912   616 12121 E ActivityManager: some avg10=1.04 avg60=1.87 avg300=1.72 total=269883424
02-01 14:03:27.912   616 12121 E ActivityManager: full avg10=0.24 avg60=0.49 avg300=0.58 total=104647592
02-01 14:03:27.912   616 12121 E ActivityManager: ----- End output from /proc/pressure/io -----
02-01 14:03:27.912   616 12121 E ActivityManager: 
02-01 14:03:27.912   616 12121 E ActivityManager: CPU usage from 115688ms to -18ms ago (2026-02-01 14:01:28.427 to 2026-02-01 14:03:24.132):
02-01 14:03:27.912   616 12121 E ActivityManager:   18% 616/system_server: 8.4% user + 10% kernel / faults: 12278 minor 92 major
02-01 14:03:27.912   616 12121 E ActivityManager:   13% 63/kswapd0: 0% user + 13% kernel
02-01 14:03:27.912   616 12121 E ActivityManager:   10% 11239/com.android.vending:background: 2.7% user + 7.8% kernel / faults: 787 minor 4330 major
02-01 14:03:27.912   616 12121 E ActivityManager:   8.8% 1132/com.google.android.gms.persistent: 6.2% user + 2.6% kernel / faults: 3211 minor 158 major
02-01 14:03:27.912   616 12121 E ActivityManager:   8.8% 10935/com.google.android.gms: 3.4% user + 5.3% kernel / faults: 3994 minor 10892 major
02-01 14:03:27.912   616 12121 E ActivityManager:   7.4% 11212/com.android.vending: 3% user + 4.4% kernel / faults: 4662 minor 11221 major
02-01 14:03:27.912   616 12121 E ActivityManager:   5.4% 9692/com.google.android.apps.wellbeing: 2% user + 3.4% kernel / faults: 6037 minor 3499 major
02-01 14:03:27.912   616 12121 E ActivityManager:   2.2% 9794/com.android.systemui: 1.3% user + 0.8% kernel / faults: 2252 minor 16 major
02-01 14:03:27.912   616 12121 E ActivityManager:   2% 10683/kworker/u9:2-events_unbound: 0% user + 2% kernel
02-01 14:03:27.912   616 12121 E ActivityManager:   1.9% 9463/com.google.android.apps.nexuslauncher: 1.9% user + 0% kernel / faults: 1223 minor 20 major
02-01 14:03:27.912   616 12121 E ActivityManager: 24% TOTAL: 6.8% user + 14% kernel + 0.3% iowait + 2.3% irq + 0.2% softirq
02-01 14:03:27.912   616 12121 E ActivityManager: CPU usage from 10752605ms to 10752605ms ago (1969-12-31 19:00:00.000 to 1969-12-31 19:00:00.000) with 0% awake:
02-01 14:03:27.912   616 12121 E ActivityManager: 0% TOTAL: 0% user + 0% kernel
02-01 14:03:47.741 12176 12176 E webview_service: Not starting debugger since process cannot load the jdwp agent.
02-01 14:03:52.412   616   830 E AS.AudioDeviceBroker: mCommunicationDeviceUpdateCount already 0 in MSG_L_SET_COMMUNICATION_DEVICE_FOR_CLIENT
02-01 14:04:13.737   616  1524 E TaskPersister: File error accessing recents directory (directory doesn't exist?).
02-01 14:04:17.092   616  1524 E TaskPersister: File error accessing recents directory (directory doesn't exist?).
02-01 14:04:53.927  1024  1204 E bluetooth: system/gd/os/linux_generic/files.cc:223 FileCreatedTime: unable to read '/data/misc/bluetooth/logs/btsnooz_hci.log' file metadata, error: No such file or directory
02-01 14:05:19.058   616  1064 E SystemServiceRegistry: No service published for: persistent_data_block
02-01 14:05:19.058   616  1064 E SystemServiceRegistry: android.os.ServiceManager$ServiceNotFoundException: No service published for: persistent_data_block
02-01 14:05:19.058   616  1064 E SystemServiceRegistry: 	at android.os.ServiceManager.getServiceOrThrow(ServiceManager.java:203)
02-01 14:05:19.058   616  1064 E SystemServiceRegistry: 	at android.app.SystemServiceRegistry$81.createService(SystemServiceRegistry.java:1071)
02-01 14:05:19.058   616  1064 E SystemServiceRegistry: 	at android.app.SystemServiceRegistry$81.createService(SystemServiceRegistry.java:1068)
02-01 14:05:19.058   616  1064 E SystemServiceRegistry: 	at android.app.SystemServiceRegistry$StaticServiceFetcher.getService(SystemServiceRegistry.java:2293)
02-01 14:05:19.058   616  1064 E SystemServiceRegistry: 	at android.app.SystemServiceRegistry.getSystemService(SystemServiceRegistry.java:1812)
02-01 14:05:19.058   616  1064 E SystemServiceRegistry: 	at android.app.ContextImpl.getSystemService(ContextImpl.java:2241)
02-01 14:05:19.058   616  1064 E SystemServiceRegistry: 	at android.content.Context.getSystemService(Context.java:4503)
02-01 14:05:19.058   616  1064 E SystemServiceRegistry: 	at com.android.server.pm.PackageInstallerSession.markAsSealed(PackageInstallerSession.java:2394)
02-01 14:05:19.058   616  1064 E SystemServiceRegistry: 	at com.android.server.pm.PackageInstallerSession.commit(PackageInstallerSession.java:2143)
02-01 14:05:19.058   616  1064 E SystemServiceRegistry: 	at android.content.pm.PackageInstaller$Session.commit(PackageInstaller.java:1977)
02-01 14:05:19.058   616  1064 E SystemServiceRegistry: 	at com.android.server.pm.PackageManagerShellCommand.doCommitSession(PackageManagerShellCommand.java:4298)
02-01 14:05:19.058   616  1064 E SystemServiceRegistry: 	at com.android.server.pm.PackageManagerShellCommand.doRunInstall(PackageManagerShellCommand.java:1634)
02-01 14:05:19.058   616  1064 E SystemServiceRegistry: 	at com.android.server.pm.PackageManagerShellCommand.runInstall(PackageManagerShellCommand.java:1561)
02-01 14:05:19.058   616  1064 E SystemServiceRegistry: 	at com.android.server.pm.PackageManagerShellCommand.onCommand(PackageManagerShellCommand.java:245)
02-01 14:05:19.058   616  1064 E SystemServiceRegistry: 	at com.android.modules.utils.BasicShellCommandHandler.exec(BasicShellCommandHandler.java:97)
02-01 14:05:19.058   616  1064 E SystemServiceRegistry: 	at android.os.ShellCommand.exec(ShellCommand.java:38)
02-01 14:05:19.058   616  1064 E SystemServiceRegistry: 	at com.android.server.pm.PackageManagerService$IPackageManagerImpl.onShellCommand(PackageManagerService.java:6561)
02-01 14:05:19.058   616  1064 E SystemServiceRegistry: 	at android.os.Binder.shellCommand(Binder.java:1230)
02-01 14:05:19.058   616  1064 E SystemServiceRegistry: 	at android.os.Binder.onTransact(Binder.java:1043)
02-01 14:05:19.058   616  1064 E SystemServiceRegistry: 	at android.content.pm.IPackageManager$Stub.onTransact(IPackageManager.java:4620)
02-01 14:05:19.058   616  1064 E SystemServiceRegistry: 	at com.android.server.pm.PackageManagerService$IPackageManagerImpl.onTransact(PackageManagerService.java:6545)
02-01 14:05:19.058   616  1064 E SystemServiceRegistry: 	at android.os.Binder.execTransactInternal(Binder.java:1505)
02-01 14:05:19.058   616  1064 E SystemServiceRegistry: 	at android.os.Binder.execTransact(Binder.java:1444)
02-01 14:05:19.069   616  1064 E SystemServiceRegistry: Manager wrapper not available: persistent_data_block
02-01 14:05:23.066   616   729 E AtomicFile: Failed to rename /data/system/install_sessions.xml.new to /data/system/install_sessions.xml
02-01 14:05:23.362   616   824 E AppOps  : attributionTag VCN not declared in manifest of android
02-01 14:05:23.590   616   824 E AppOps  : attributionTag VCN not declared in manifest of android
02-01 14:05:23.682   616   824 E AppOps  : attributionTag VCN not declared in manifest of android
02-01 14:05:26.807  1067  1067 E SmsApplication: com.google.android.apps.messaging lost android:read_cell_broadcasts:  (fixing)
02-01 14:05:27.431  1067  1067 E CellBroadcastUtils: getDefaultCellBroadcastReceiverPackageName: no package found
02-01 14:05:28.133  1067  1067 E SmsApplication: com.google.android.apps.messaging lost android:read_cell_broadcasts:  (fixing)
02-01 14:05:28.225  1067  1067 E CellBroadcastUtils: getDefaultCellBroadcastReceiverPackageName: no package found
02-01 14:05:28.326  1067  1067 E SmsApplication: com.google.android.apps.messaging lost android:read_cell_broadcasts:  (fixing)
02-01 14:05:28.423  1067  1067 E CellBroadcastUtils: getDefaultCellBroadcastReceiverPackageName: no package found
02-01 14:05:31.910   616 12343 E IPCThreadState: Binder transaction failure. id: 3006935, BR_*: 29201, error: -28 (No space left on device)
02-01 14:05:31.911   616 12343 E JavaBinder: !!! FAILED BINDER TRANSACTION !!!  (parcel size = 367116)
02-01 14:05:51.072 12371 12371 E id.partnersetup: Not starting debugger since process cannot load the jdwp agent.
02-01 14:05:53.662   616  1524 E TaskPersister: File error accessing recents directory (directory doesn't exist?).
02-01 14:06:05.887 12279 12451 E chromium: [0201/140605.813678:ERROR:android_webview/browser/variations/variations_seed_loader.cc:39] Seed missing signature.
02-01 14:06:10.452   616   830 E AS.AudioDeviceBroker: mCommunicationDeviceUpdateCount already 0 in MSG_L_SET_COMMUNICATION_DEVICE_FOR_CLIENT
02-01 14:08:56.440   616   830 E AS.AudioDeviceBroker: mCommunicationDeviceUpdateCount already 0 in MSG_L_SET_COMMUNICATION_DEVICE_FOR_CLIENT
02-01 14:10:10.447   616   830 E AS.AudioDeviceBroker: mCommunicationDeviceUpdateCount already 0 in MSG_L_SET_COMMUNICATION_DEVICE_FOR_CLIENT
02-01 14:10:14.764   166   177 E lowmemorykiller: process_mrelease 11288 failed: No such process
02-01 14:10:14.871 12520 12563 E PhenotypeFlagCommitter: Retrieving snapshot for hub_android.device#com.google.android.gm failed
02-01 14:10:14.871 12520 12563 E PhenotypeFlagCommitter: java.util.concurrent.TimeoutException: Timed out waiting for Task
02-01 14:10:14.871 12520 12563 E PhenotypeFlagCommitter: 	at yik.aM(PG:48)
02-01 14:10:14.871 12520 12563 E PhenotypeFlagCommitter: 	at zgy.d(PG:13)
02-01 14:10:14.871 12520 12563 E PhenotypeFlagCommitter: 	at zgy.g(PG:38)
02-01 14:10:14.871 12520 12563 E PhenotypeFlagCommitter: 	at zgy.c(PG:2)
02-01 14:10:14.871 12520 12563 E PhenotypeFlagCommitter: 	at iue.run(PG:377)
02-01 14:10:14.871 12520 12563 E PhenotypeFlagCommitter: 	at java.util.concurrent.ThreadPoolExecutor.runWorker(ThreadPoolExecutor.java:1145)
02-01 14:10:14.871 12520 12563 E PhenotypeFlagCommitter: 	at java.util.concurrent.ThreadPoolExecutor$Worker.run(ThreadPoolExecutor.java:644)
02-01 14:10:14.871 12520 12563 E PhenotypeFlagCommitter: 	at java.lang.Thread.run(Thread.java:1012)
02-01 14:10:15.445   166   178 E lowmemorykiller: process_mrelease 11451 failed: No such process
02-01 14:10:15.670   166   177 E lowmemorykiller: process_mrelease 11899 failed: No such process
02-01 14:10:16.906 12520 12563 E PhenotypeFlagCommitter: Retrieving snapshot for com.google.android.partnersetup#com.google.android.gm failed
02-01 14:10:16.906 12520 12563 E PhenotypeFlagCommitter: java.util.concurrent.TimeoutException: Timed out waiting for Task
02-01 14:10:16.906 12520 12563 E PhenotypeFlagCommitter: 	at yik.aM(PG:48)
02-01 14:10:16.906 12520 12563 E PhenotypeFlagCommitter: 	at zgy.d(PG:13)
02-01 14:10:16.906 12520 12563 E PhenotypeFlagCommitter: 	at zgy.g(PG:38)
02-01 14:10:16.906 12520 12563 E PhenotypeFlagCommitter: 	at zgy.c(PG:2)
02-01 14:10:16.906 12520 12563 E PhenotypeFlagCommitter: 	at iue.run(PG:423)
02-01 14:10:16.906 12520 12563 E PhenotypeFlagCommitter: 	at java.util.concurrent.ThreadPoolExecutor.runWorker(ThreadPoolExecutor.java:1145)
02-01 14:10:16.906 12520 12563 E PhenotypeFlagCommitter: 	at java.util.concurrent.ThreadPoolExecutor$Worker.run(ThreadPoolExecutor.java:644)
02-01 14:10:16.906 12520 12563 E PhenotypeFlagCommitter: 	at java.lang.Thread.run(Thread.java:1012)
02-01 14:10:18.238   616   818 E IPCThreadState: Binder transaction failure. id: 3060678, BR_*: 29189, error: -3 (No such process)
02-01 14:10:18.261   166   178 E lowmemorykiller: process_mrelease 11146 failed: No such process
02-01 14:10:18.267   166   177 E lowmemorykiller: process_mrelease 11982 failed: No such process
02-01 14:10:18.304   616   818 E ConnectivityService: RemoteException caught trying to send a callback msg for NetworkRequest [ TRACK_DEFAULT id=266, [ Capabilities: INTERNET&NOT_RESTRICTED&TRUSTED&NOT_VCN_MANAGED&NOT_BANDWIDTH_CONSTRAINED Uid: 10140 RequestorUid: 10140 RequestorPkg: com.android.vending UnderlyingNetworks: Null] ]
02-01 14:10:39.988   616   830 E AS.AudioDeviceBroker: mCommunicationDeviceUpdateCount already 0 in MSG_L_SET_COMMUNICATION_DEVICE_FOR_CLIENT
02-01 14:10:52.554   413   413 E IPCThreadState: binder thread pool (1 threads) starved for 334 ms
02-01 14:11:05.622   616   830 E AS.AudioDeviceBroker: mCommunicationDeviceUpdateCount already 0 in MSG_L_SET_COMMUNICATION_DEVICE_FOR_CLIENT
02-01 14:11:21.306 12279 12402 E unknown:ReconnectingWebSocket: Error occurred, shutting down websocket connection: Websocket exception
02-01 14:11:21.306 12279 12402 E unknown:ReconnectingWebSocket: java.io.EOFException
02-01 14:11:21.306 12279 12402 E unknown:ReconnectingWebSocket: 	at okio.RealBufferedSource.require(RealBufferedSource.kt:202)
02-01 14:11:21.306 12279 12402 E unknown:ReconnectingWebSocket: 	at okio.RealBufferedSource.readByte(RealBufferedSource.kt:212)
02-01 14:11:21.306 12279 12402 E unknown:ReconnectingWebSocket: 	at okhttp3.internal.ws.WebSocketReader.readHeader(WebSocketReader.kt:119)
02-01 14:11:21.306 12279 12402 E unknown:ReconnectingWebSocket: 	at okhttp3.internal.ws.WebSocketReader.processNextFrame(WebSocketReader.kt:102)
02-01 14:11:21.306 12279 12402 E unknown:ReconnectingWebSocket: 	at okhttp3.internal.ws.RealWebSocket.loopReader(RealWebSocket.kt:293)
02-01 14:11:21.306 12279 12402 E unknown:ReconnectingWebSocket: 	at okhttp3.internal.ws.RealWebSocket$connect$1.onResponse(RealWebSocket.kt:195)
02-01 14:11:21.306 12279 12402 E unknown:ReconnectingWebSocket: 	at okhttp3.internal.connection.RealCall$AsyncCall.run(RealCall.kt:519)
02-01 14:11:21.306 12279 12402 E unknown:ReconnectingWebSocket: 	at java.util.concurrent.ThreadPoolExecutor.runWorker(ThreadPoolExecutor.java:1145)
02-01 14:11:21.306 12279 12402 E unknown:ReconnectingWebSocket: 	at java.util.concurrent.ThreadPoolExecutor$Worker.run(ThreadPoolExecutor.java:644)
02-01 14:11:21.306 12279 12402 E unknown:ReconnectingWebSocket: 	at java.lang.Thread.run(Thread.java:1012)
02-01 14:11:36.322 12638 12638 E id.gms.unstable: Not starting debugger since process cannot load the jdwp agent.
02-01 14:13:13.034   616   662 E SystemServiceRegistry: No service published for: persistent_data_block
02-01 14:13:13.034   616   662 E SystemServiceRegistry: android.os.ServiceManager$ServiceNotFoundException: No service published for: persistent_data_block
02-01 14:13:13.034   616   662 E SystemServiceRegistry: 	at android.os.ServiceManager.getServiceOrThrow(ServiceManager.java:203)
02-01 14:13:13.034   616   662 E SystemServiceRegistry: 	at android.app.SystemServiceRegistry$81.createService(SystemServiceRegistry.java:1071)
02-01 14:13:13.034   616   662 E SystemServiceRegistry: 	at android.app.SystemServiceRegistry$81.createService(SystemServiceRegistry.java:1068)
02-01 14:13:13.034   616   662 E SystemServiceRegistry: 	at android.app.SystemServiceRegistry$StaticServiceFetcher.getService(SystemServiceRegistry.java:2293)
02-01 14:13:13.034   616   662 E SystemServiceRegistry: 	at android.app.SystemServiceRegistry.getSystemService(SystemServiceRegistry.java:1812)
02-01 14:13:13.034   616   662 E SystemServiceRegistry: 	at android.app.ContextImpl.getSystemService(ContextImpl.java:2241)
02-01 14:13:13.034   616   662 E SystemServiceRegistry: 	at android.content.Context.getSystemService(Context.java:4503)
02-01 14:13:13.034   616   662 E SystemServiceRegistry: 	at com.android.server.pm.PackageInstallerSession.markAsSealed(PackageInstallerSession.java:2394)
02-01 14:13:13.034   616   662 E SystemServiceRegistry: 	at com.android.server.pm.PackageInstallerSession.commit(PackageInstallerSession.java:2143)
02-01 14:13:13.034   616   662 E SystemServiceRegistry: 	at android.content.pm.PackageInstaller$Session.commit(PackageInstaller.java:1977)
02-01 14:13:13.034   616   662 E SystemServiceRegistry: 	at com.android.server.pm.PackageManagerShellCommand.doCommitSession(PackageManagerShellCommand.java:4298)
02-01 14:13:13.034   616   662 E SystemServiceRegistry: 	at com.android.server.pm.PackageManagerShellCommand.doRunInstall(PackageManagerShellCommand.java:1634)
02-01 14:13:13.034   616   662 E SystemServiceRegistry: 	at com.android.server.pm.PackageManagerShellCommand.runInstall(PackageManagerShellCommand.java:1561)
02-01 14:13:13.034   616   662 E SystemServiceRegistry: 	at com.android.server.pm.PackageManagerShellCommand.onCommand(PackageManagerShellCommand.java:245)
02-01 14:13:13.034   616   662 E SystemServiceRegistry: 	at com.android.modules.utils.BasicShellCommandHandler.exec(BasicShellCommandHandler.java:97)
02-01 14:13:13.034   616   662 E SystemServiceRegistry: 	at android.os.ShellCommand.exec(ShellCommand.java:38)
02-01 14:13:13.034   616   662 E SystemServiceRegistry: 	at com.android.server.pm.PackageManagerService$IPackageManagerImpl.onShellCommand(PackageManagerService.java:6561)
02-01 14:13:13.034   616   662 E SystemServiceRegistry: 	at android.os.Binder.shellCommand(Binder.java:1230)
02-01 14:13:13.034   616   662 E SystemServiceRegistry: 	at android.os.Binder.onTransact(Binder.java:1043)
02-01 14:13:13.034   616   662 E SystemServiceRegistry: 	at android.content.pm.IPackageManager$Stub.onTransact(IPackageManager.java:4620)
02-01 14:13:13.034   616   662 E SystemServiceRegistry: 	at com.android.server.pm.PackageManagerService$IPackageManagerImpl.onTransact(PackageManagerService.java:6545)
02-01 14:13:13.034   616   662 E SystemServiceRegistry: 	at android.os.Binder.execTransactInternal(Binder.java:1505)
02-01 14:13:13.034   616   662 E SystemServiceRegistry: 	at android.os.Binder.execTransact(Binder.java:1444)
02-01 14:13:13.059   616   662 E SystemServiceRegistry: Manager wrapper not available: persistent_data_block
02-01 14:13:18.804   616   824 E AppOps  : attributionTag VCN not declared in manifest of android
02-01 14:13:19.197   616   824 E AppOps  : attributionTag VCN not declared in manifest of android
02-01 14:13:19.209   616   824 E AppOps  : attributionTag VCN not declared in manifest of android
02-01 14:13:19.877 12742 12742 E ssioncontroller: Not starting debugger since process cannot load the jdwp agent.
02-01 14:13:19.879 12744 12744 E .apps.wellbeing: Not starting debugger since process cannot load the jdwp agent.
02-01 14:13:19.948  1067  1067 E SmsApplication: com.google.android.apps.messaging lost android:read_cell_broadcasts:  (fixing)
02-01 14:13:20.033  1067  1067 E CellBroadcastUtils: getDefaultCellBroadcastReceiverPackageName: no package found
02-01 14:13:20.179  1067  1067 E SmsApplication: com.google.android.apps.messaging lost android:read_cell_broadcasts:  (fixing)
02-01 14:13:20.185  1067  1067 E CellBroadcastUtils: getDefaultCellBroadcastReceiverPackageName: no package found
02-01 14:13:20.248  1067  1067 E SmsApplication: com.google.android.apps.messaging lost android:read_cell_broadcasts:  (fixing)
02-01 14:13:20.255  1067  1067 E CellBroadcastUtils: getDefaultCellBroadcastReceiverPackageName: no package found
02-01 14:13:21.136 12764 12764 E ndroid.keychain: Not starting debugger since process cannot load the jdwp agent.
02-01 14:13:21.796   616  1923 E IPCThreadState: Binder transaction failure. id: 3093240, BR_*: 29189, error: -22 (Invalid argument)
02-01 14:13:22.108   463   463 E BpTransactionCompletedListener: Failed to transact (-32)
02-01 14:13:22.357 12784 12784 E chbox:googleapp: Not starting debugger since process cannot load the jdwp agent.
02-01 14:13:24.680 12818 12818 E android.vending: Not starting debugger since process cannot load the jdwp agent.
