02-01 12:46:31.241  6354  8014 E unknown:ReactNative: 	... 3 more
02-01 12:46:31.247  6354  6354 E unknown:ReactNative: Exception in native call
02-01 12:46:31.247  6354  6354 E unknown:ReactNative: com.facebook.react.common.DebugServerException: Could not connect to development server.
02-01 12:46:31.247  6354  6354 E unknown:ReactNative: 
02-01 12:46:31.247  6354  6354 E unknown:ReactNative: Try the following to fix the issue:
02-01 12:46:31.247  6354  6354 E unknown:ReactNative: \u2022 Ensure that Metro is running
02-01 12:46:31.247  6354  6354 E unknown:ReactNative: \u2022 Ensure that your device/emulator is connected to your machine and has USB debugging enabled - run 'adb devices' to see a list of connected devices
02-01 12:46:31.247  6354  6354 E unknown:ReactNative: \u2022 Ensure Airplane Mode is disabled
02-01 12:46:31.247  6354  6354 E unknown:ReactNative: \u2022 If you're on a physical device connected to the same machine, run 'adb reverse tcp:8083 tcp:8083 to forward requests from your device
02-01 12:46:31.247  6354  6354 E unknown:ReactNative: \u2022 If your device is on the same Wi-Fi network, set 'Debug server host & port for device' in 'Dev settings' to your machine's IP address and the port of the local dev server - e.g. 10.0.1.1:8083
02-01 12:46:31.247  6354  6354 E unknown:ReactNative: 
02-01 12:46:31.247  6354  6354 E unknown:ReactNative: URL: http://10.0.2.2:8083/.expo/.virtual-metro-entry.bundle?platform=android&dev=true&lazy=true&minify=false&app=com.richardsam76.rezoamobile&modulesOnly=false&runModule=true&excludeSource=true&sourcePaths=url-server
02-01 12:46:31.247  6354  6354 E unknown:ReactNative: 	at com.facebook.react.common.DebugServerException$Companion.makeGeneric(DebugServerException.kt:72)
02-01 12:46:31.247  6354  6354 E unknown:ReactNative: 	at com.facebook.react.common.DebugServerException.makeGeneric(Unknown Source:2)
02-01 12:46:31.247  6354  6354 E unknown:ReactNative: 	at com.facebook.react.devsupport.BundleDownloader$1.onFailure(BundleDownloader.java:126)
02-01 12:46:31.247  6354  6354 E unknown:ReactNative: 	at okhttp3.internal.connection.RealCall$AsyncCall.run(RealCall.kt:525)
02-01 12:46:31.247  6354  6354 E unknown:ReactNative: 	at java.util.concurrent.ThreadPoolExecutor.runWorker(ThreadPoolExecutor.java:1145)
02-01 12:46:31.247  6354  6354 E unknown:ReactNative: 	at java.util.concurrent.ThreadPoolExecutor$Worker.run(ThreadPoolExecutor.java:644)
02-01 12:46:31.247  6354  6354 E unknown:ReactNative: 	at java.lang.Thread.run(Thread.java:1012)
02-01 12:46:31.247  6354  6354 E unknown:ReactNative: Caused by: java.net.SocketTimeoutException: failed to connect to /10.0.2.2 (port 8083) from /10.0.2.16 (port 43338) after 5000ms
02-01 12:46:31.247  6354  6354 E unknown:ReactNative: 	at libcore.io.IoBridge.connectErrno(IoBridge.java:235)
02-01 12:46:31.247  6354  6354 E unknown:ReactNative: 	at libcore.io.IoBridge.connect(IoBridge.java:179)
02-01 12:46:31.247  6354  6354 E unknown:ReactNative: 	at java.net.PlainSocketImpl.socketConnect(PlainSocketImpl.java:142)
02-01 12:46:31.247  6354  6354 E unknown:ReactNative: 	at java.net.AbstractPlainSocketImpl.doConnect(AbstractPlainSocketImpl.java:390)
02-01 12:46:31.247  6354  6354 E unknown:ReactNative: 	at java.net.AbstractPlainSocketImpl.connectToAddress(AbstractPlainSocketImpl.java:230)
02-01 12:46:31.247  6354  6354 E unknown:ReactNative: 	at java.net.AbstractPlainSocketImpl.connect(AbstractPlainSocketImpl.java:212)
02-01 12:46:31.247  6354  6354 E unknown:ReactNative: 	at java.net.SocksSocketImpl.connect(SocksSocketImpl.java:436)
02-01 12:46:31.247  6354  6354 E unknown:ReactNative: 	at java.net.Socket.connect(Socket.java:646)
02-01 12:46:31.247  6354  6354 E unknown:ReactNative: 	at okhttp3.internal.platform.Platform.connectSocket(Platform.kt:128)
02-01 12:46:31.247  6354  6354 E unknown:ReactNative: 	at okhttp3.internal.connection.RealConnection.connectSocket(RealConnection.kt:295)
02-01 12:46:31.247  6354  6354 E unknown:ReactNative: 	at okhttp3.internal.connection.RealConnection.connect(RealConnection.kt:207)
02-01 12:46:31.247  6354  6354 E unknown:ReactNative: 	at okhttp3.internal.connection.ExchangeFinder.findConnection(ExchangeFinder.kt:226)
02-01 12:46:31.247  6354  6354 E unknown:ReactNative: 	at okhttp3.internal.connection.ExchangeFinder.findHealthyConnection(ExchangeFinder.kt:106)
02-01 12:46:31.247  6354  6354 E unknown:ReactNative: 	at okhttp3.internal.connection.ExchangeFinder.find(ExchangeFinder.kt:74)
02-01 12:46:31.247  6354  6354 E unknown:ReactNative: 	at okhttp3.internal.connection.RealCall.initExchange$okhttp(RealCall.kt:255)
02-01 12:46:31.247  6354  6354 E unknown:ReactNative: 	at okhttp3.internal.connection.ConnectInterceptor.intercept(ConnectInterceptor.kt:32)
02-01 12:46:31.247  6354  6354 E unknown:ReactNative: 	at okhttp3.internal.http.RealInterceptorChain.proceed(RealInterceptorChain.kt:109)
02-01 12:46:31.247  6354  6354 E unknown:ReactNative: 	at okhttp3.internal.cache.CacheInterceptor.intercept(CacheInterceptor.kt:95)
02-01 12:46:31.247  6354  6354 E unknown:ReactNative: 	at okhttp3.internal.http.RealInterceptorChain.proceed(RealInterceptorChain.kt:109)
02-01 12:46:31.247  6354  6354 E unknown:ReactNative: 	at okhttp3.internal.http.BridgeInterceptor.intercept(BridgeInterceptor.kt:83)
02-01 12:46:31.247  6354  6354 E unknown:ReactNative: 	at okhttp3.internal.http.RealInterceptorChain.proceed(RealInterceptorChain.kt:109)
02-01 12:46:31.247  6354  6354 E unknown:ReactNative: 	at okhttp3.internal.http.RetryAndFollowUpInterceptor.intercept(RetryAndFollowUpInterceptor.kt:76)
02-01 12:46:31.247  6354  6354 E unknown:ReactNative: 	at okhttp3.internal.http.RealInterceptorChain.proceed(RealInterceptorChain.kt:109)
02-01 12:46:31.247  6354  6354 E unknown:ReactNative: 	at okhttp3.internal.connection.RealCall.getResponseWithInterceptorChain$okhttp(RealCall.kt:201)
02-01 12:46:31.247  6354  6354 E unknown:ReactNative: 	at okhttp3.internal.connection.RealCall$AsyncCall.run(RealCall.kt:517)
02-01 12:46:31.247  6354  6354 E unknown:ReactNative: 	... 3 more
02-01 12:46:46.508  8080  8080 E st.exp.exponent: Not starting debugger since process cannot load the jdwp agent.
02-01 12:46:48.126  8080  8115 E st.exp.exponent: No package ID 6a found for resource ID 0x6a0b0013.
02-01 12:46:48.505   616  1524 E TaskPersister: File error accessing recents directory (directory doesn't exist?).
02-01 12:46:48.783  8120  8120 E gle.android.gms: Not starting debugger since process cannot load the jdwp agent.
02-01 12:46:51.061   911  1210 E SurfaceSyncGroup: Failed to receive transaction ready in 1000ms. Marking SurfaceSyncGroup(wmsSync-VRI[exponent]#32) as ready
02-01 12:46:52.329   616  1524 E TaskPersister: File error accessing recents directory (directory doesn't exist?).
02-01 12:46:54.824  8080  8080 E f       : java.lang.RuntimeException: A TaskDescription's primary color should be opaque
02-01 12:46:55.037  8080  8080 E f       : java.lang.RuntimeException: A TaskDescription's primary color should be opaque
02-01 12:46:56.283   616  1524 E TaskPersister: File error accessing recents directory (directory doesn't exist?).
02-01 12:47:09.066  8080  8261 E chromium: [0201/124709.030633:ERROR:android_webview/browser/variations/variations_seed_loader.cc:39] Seed missing signature.
02-01 12:47:11.041  8080  8080 E ThemeUtils: View class com.facebook.react.views.text.ReactTextView is an AppCompat widget that can only be used with a Theme.AppCompat theme (or descendant).
02-01 12:47:11.052  8080  8080 E ThemeUtils: View class com.facebook.react.views.text.ReactTextView is an AppCompat widget that can only be used with a Theme.AppCompat theme (or descendant).
02-01 12:47:11.102  8080  8080 E ThemeUtils: View class com.facebook.react.views.text.ReactTextView is an AppCompat widget that can only be used with a Theme.AppCompat theme (or descendant).
02-01 12:47:11.103  8080  8080 E ThemeUtils: View class com.facebook.react.views.text.ReactTextView is an AppCompat widget that can only be used with a Theme.AppCompat theme (or descendant).
02-01 12:47:11.104  8080  8080 E ThemeUtils: View class com.facebook.react.views.text.ReactTextView is an AppCompat widget that can only be used with a Theme.AppCompat theme (or descendant).
02-01 12:47:11.118  8080  8080 E ThemeUtils: View class com.facebook.react.views.text.ReactTextView is an AppCompat widget that can only be used with a Theme.AppCompat theme (or descendant).
02-01 12:47:11.223  8080  8080 E ThemeUtils: View class com.facebook.react.views.text.ReactTextView is an AppCompat widget that can only be used with a Theme.AppCompat theme (or descendant).
02-01 12:47:11.239  8080  8080 E ThemeUtils: View class com.facebook.react.views.text.ReactTextView is an AppCompat widget that can only be used with a Theme.AppCompat theme (or descendant).
02-01 12:47:11.286  8080  8080 E ThemeUtils: View class com.facebook.react.views.text.ReactTextView is an AppCompat widget that can only be used with a Theme.AppCompat theme (or descendant).
02-01 12:47:11.291  8080  8080 E ThemeUtils: View class com.facebook.react.views.text.ReactTextView is an AppCompat widget that can only be used with a Theme.AppCompat theme (or descendant).
02-01 12:47:36.049  8080  8282 E AVManager: Cannot install JSI bindings for AV module because JS context is not available
02-01 12:47:52.304  8080  8080 E ThemeUtils: View class com.facebook.react.views.text.ReactTextView is an AppCompat widget that can only be used with a Theme.AppCompat theme (or descendant).
02-01 12:47:52.316  8080  8080 E ThemeUtils: View class com.facebook.react.views.text.ReactTextView is an AppCompat widget that can only be used with a Theme.AppCompat theme (or descendant).
02-01 12:47:52.317  8080  8080 E ThemeUtils: View class com.facebook.react.views.text.ReactTextView is an AppCompat widget that can only be used with a Theme.AppCompat theme (or descendant).
02-01 12:47:52.322  8080  8080 E ThemeUtils: View class com.facebook.react.views.text.ReactTextView is an AppCompat widget that can only be used with a Theme.AppCompat theme (or descendant).
02-01 12:47:52.326  8080  8080 E ThemeUtils: View class com.facebook.react.views.text.ReactTextView is an AppCompat widget that can only be used with a Theme.AppCompat theme (or descendant).
02-01 12:47:52.327  8080  8080 E ThemeUtils: View class com.facebook.react.views.text.ReactTextView is an AppCompat widget that can only be used with a Theme.AppCompat theme (or descendant).
02-01 12:48:00.281  8080  8143 E unknown:SurfaceMountingManager: Stopping surface [51]
02-01 12:48:00.300  8080  8080 E unknown:SurfaceMountingManager: Surface [51] was stopped on SurfaceMountingManager.
02-01 12:48:00.301  8080  8080 E unknown:IntBufferBatchMountItem: Skipping batch of MountItems; was stopped [51].
02-01 12:48:00.333  8080  8080 E unknown:IntBufferBatchMountItem: Skipping batch of MountItems; was stopped [51].
02-01 12:48:06.857  8080  8123 E DisplayEventDispatcher: dispatcher 0x7154ed6a1990 ~ last event processed while scheduling was for 6232459
02-01 12:49:47.733   616   818 E IPCThreadState: Binder transaction failure. id: 1106334, BR_*: 29201, error: -28 (No space left on device)
02-01 12:49:47.735   616   818 E JavaBinder: !!! FAILED BINDER TRANSACTION !!!  (parcel size = 1116)
02-01 12:49:47.752   616   818 E ConnectivityService: RemoteException caught trying to send a callback msg for NetworkRequest [ TRACK_DEFAULT id=168, [ Capabilities: INTERNET&NOT_RESTRICTED&TRUSTED&NOT_VCN_MANAGED&NOT_BANDWIDTH_CONSTRAINED Uid: 10140 RequestorUid: 10140 RequestorPkg: com.android.vending UnderlyingNetworks: Null] ]
02-01 12:49:47.759   616   818 E IPCThreadState: Binder transaction failure. id: 1106363, BR_*: 29201, error: -28 (No space left on device)
02-01 12:49:47.759   616   818 E JavaBinder: !!! FAILED BINDER TRANSACTION !!!  (parcel size = 1116)
02-01 12:49:47.760   616   818 E ConnectivityService: RemoteException caught trying to send a callback msg for NetworkRequest [ TRACK_DEFAULT id=170, [ Capabilities: INTERNET&NOT_RESTRICTED&TRUSTED&NOT_VCN_MANAGED&NOT_BANDWIDTH_CONSTRAINED Uid: 10140 RequestorUid: 10140 RequestorPkg: com.android.vending UnderlyingNetworks: Null] ]
02-01 12:49:50.128   616   683 E libprocessgroup: Unable to remove cgroup /sys/fs/cgroup/uid_10140/pid_4837: Device or resource busy
02-01 13:00:01.998  8769  8769 E ndroid.settings: Not starting debugger since process cannot load the jdwp agent.
02-01 13:04:53.953  1024  1204 E bluetooth: system/gd/os/linux_generic/files.cc:223 FileCreatedTime: unable to read '/data/misc/bluetooth/logs/btsnooz_hci.log' file metadata, error: No such file or directory
02-01 13:06:50.733  8878  8878 E earchbox:search: Not starting debugger since process cannot load the jdwp agent.
02-01 13:07:08.394   616  8900 E system_server: Could not open /dev/binderfs/binder_logs/transactions. Likely a permissions issue. errno: 2
02-01 13:07:08.395   616  8900 E android.os.Debug: Failed to get binder state info for pid: 8878 status: -2: No such file or directory
02-01 13:07:11.764   616  8901 E ActivityManager: ANR in com.google.android.googlequicksearchbox:search
02-01 13:07:11.764   616  8901 E ActivityManager: PID: 8878
02-01 13:07:11.764   616  8901 E ActivityManager: Reason: Process ProcessRecord{691f3d4 8878:com.google.android.googlequicksearchbox:search/u0a145} failed to complete startup
02-01 13:07:11.764   616  8901 E ActivityManager: ErrorId: fd3a46d1-13b5-43dc-bcd7-4c68924f881a
02-01 13:07:11.764   616  8901 E ActivityManager: Frozen: false
02-01 13:07:11.764   616  8901 E ActivityManager: Load: 0.0 / 0.0 / 0.0
02-01 13:07:11.764   616  8901 E ActivityManager: ----- Output from /proc/pressure/memory -----
02-01 13:07:11.764   616  8901 E ActivityManager: some avg10=0.61 avg60=0.36 avg300=0.57 total=106623395
02-01 13:07:11.764   616  8901 E ActivityManager: full avg10=0.33 avg60=0.24 avg300=0.50 total=69454007
02-01 13:07:11.764   616  8901 E ActivityManager: ----- End output from /proc/pressure/memory -----
02-01 13:07:11.764   616  8901 E ActivityManager: ----- Output from /proc/pressure/cpu -----
02-01 13:07:11.764   616  8901 E ActivityManager: some avg10=21.65 avg60=13.33 avg300=7.78 total=550112062
02-01 13:07:11.764   616  8901 E ActivityManager: full avg10=0.00 avg60=0.00 avg300=0.00 total=0
02-01 13:07:11.764   616  8901 E ActivityManager: ----- End output from /proc/pressure/cpu -----
02-01 13:07:11.764   616  8901 E ActivityManager: ----- Output from /proc/pressure/io -----
02-01 13:07:11.764   616  8901 E ActivityManager: some avg10=4.08 avg60=1.34 avg300=0.40 total=149736364
02-01 13:07:11.764   616  8901 E ActivityManager: full avg10=2.79 avg60=0.91 avg300=0.27 total=79378144
02-01 13:07:11.764   616  8901 E ActivityManager: ----- End output from /proc/pressure/io -----
02-01 13:07:11.764   616  8901 E ActivityManager: 
02-01 13:07:11.764   616  8901 E ActivityManager: CPU usage from 101463ms to -30ms ago (2026-02-01 13:05:26.706 to 2026-02-01 13:07:08.198):
02-01 13:07:11.764   616  8901 E ActivityManager:   30% 8080/host.exp.exponent: 4.7% user + 26% kernel / faults: 208 minor
02-01 13:07:11.764   616  8901 E ActivityManager:   28% 421/android.hardware.graphics.composer3-service.ranchu: 0.5% user + 27% kernel
02-01 13:07:11.764   616  8901 E ActivityManager:   21% 463/surfaceflinger: 3.3% user + 17% kernel / faults: 210 minor
02-01 13:07:11.764   616  8901 E ActivityManager:   7.5% 616/system_server: 3.5% user + 3.9% kernel / faults: 1524 minor 37 major
02-01 13:07:11.764   616  8901 E ActivityManager:   6.7% 1132/com.google.android.gms.persistent: 4.1% user + 2.6% kernel / faults: 4992 minor 96 major
02-01 13:07:11.764   616  8901 E ActivityManager:   2.5% 5474/com.google.android.apps.messaging: 1.2% user + 1.3% kernel / faults: 661 minor 706 major
02-01 13:07:11.764   616  8901 E ActivityManager:   0.3% 8399/kworker/u11:0-events_unbound: 0% user + 0.3% kernel
02-01 13:07:11.764   616  8901 E ActivityManager:   0.5% 393/zygote64: 0% user + 0.4% kernel / faults: 43 minor
02-01 13:07:11.764   616  8901 E ActivityManager:   1.3% 911/com.android.systemui: 0.9% user + 0.4% kernel / faults: 328 minor
02-01 13:07:11.764   616  8901 E ActivityManager:   1.3% 1067/com.android.phone: 1% user + 0.2% kernel / faults: 238 minor 2 major
02-01 13:07:11.764   616  8901 E ActivityManager: 33% TOTAL: 4.9% user + 20% kernel + 0.8% iowait + 6.1% irq + 0.7% softirq
02-01 13:07:11.764   616  8901 E ActivityManager: CPU usage from 7376659ms to 7376659ms ago (1969-12-31 19:00:00.000 to 1969-12-31 19:00:00.000) with 0% awake:
02-01 13:07:11.764   616  8901 E ActivityManager: 0% TOTAL: 0% user + 0% kernel
02-01 13:07:12.734  1132  2058 E IPCThreadState: Binder transaction failure. id: 1726785, BR_*: 29189, error: -22 (Invalid argument)
02-01 13:12:53.667   413   890 E IPCThreadState: binder thread pool (1 threads) starved for 286 ms
02-01 13:12:55.069   413   413 E IPCThreadState: binder thread pool (1 threads) starved for 174 ms
02-01 13:15:08.483  8080  8123 E DisplayEventDispatcher: dispatcher 0x7154ed6a1990 ~ last event processed while scheduling was for 7856489
02-01 13:15:16.930   413   890 E IPCThreadState: binder thread pool (1 threads) starved for 108 ms
02-01 13:15:35.544   616   683 E libprocessgroup: Unable to remove cgroup /sys/fs/cgroup/uid_10210/pid_6354: Device or resource busy
02-01 13:16:18.587  8959  8959 E earchbox:search: Not starting debugger since process cannot load the jdwp agent.
02-01 13:16:18.587  8958  8958 E ding:background: Not starting debugger since process cannot load the jdwp agent.
02-01 13:16:42.460   616  9017 E system_server: Could not open /dev/binderfs/binder_logs/transactions. Likely a permissions issue. errno: 2
02-01 13:16:42.538   616  9017 E android.os.Debug: Failed to get binder state info for pid: 8958 status: -2: No such file or directory
02-01 13:16:46.193   616  9025 E system_server: Could not open /dev/binderfs/binder_logs/transactions. Likely a permissions issue. errno: 2
02-01 13:16:46.193   616  9025 E android.os.Debug: Failed to get binder state info for pid: 8959 status: -2: No such file or directory
02-01 13:16:56.749   616  9025 E system_server: libdebuggerd_client: failed to read status response from tombstoned: Try again
02-01 13:16:58.277   239   239 E tombstoned: Traces for pid 8959 written to: trace_00
02-01 13:16:58.296   616  9025 E system_server: Could not open /dev/binderfs/binder_logs/transactions. Likely a permissions issue. errno: 2
02-01 13:16:58.296   616  9025 E android.os.Debug: Failed to get binder state info for pid: 8959 status: -2: No such file or directory
02-01 13:16:58.488   616  9018 E ActivityManager: ANR in com.android.vending:background
02-01 13:16:58.488   616  9018 E ActivityManager: PID: 8958
02-01 13:16:58.488   616  9018 E ActivityManager: Reason: Process ProcessRecord{e70e8e5 8958:com.android.vending:background/u0a140} failed to complete startup
02-01 13:16:58.488   616  9018 E ActivityManager: ErrorId: 1734e571-4fa2-4cae-bb65-9b07bcf798e8
02-01 13:16:58.488   616  9018 E ActivityManager: Frozen: false
02-01 13:16:58.488   616  9018 E ActivityManager: Load: 0.0 / 0.0 / 0.0
02-01 13:16:58.488   616  9018 E ActivityManager: ----- Output from /proc/pressure/memory -----
02-01 13:16:58.488   616  9018 E ActivityManager: some avg10=0.46 avg60=0.25 avg300=0.56 total=110705261
02-01 13:16:58.488   616  9018 E ActivityManager: full avg10=0.04 avg60=0.10 avg300=0.44 total=72665900
02-01 13:16:58.488   616  9018 E ActivityManager: ----- End output from /proc/pressure/memory -----
02-01 13:16:58.488   616  9018 E ActivityManager: ----- Output from /proc/pressure/cpu -----
02-01 13:16:58.488   616  9018 E ActivityManager: some avg10=66.13 avg60=41.40 avg300=30.17 total=713243961
02-01 13:16:58.488   616  9018 E ActivityManager: full avg10=0.00 avg60=0.00 avg300=0.00 total=0
02-01 13:16:58.488   616  9018 E ActivityManager: ----- End output from /proc/pressure/cpu -----
02-01 13:16:58.488   616  9018 E ActivityManager: ----- Output from /proc/pressure/io -----
02-01 13:16:58.488   616  9018 E ActivityManager: some avg10=0.80 avg60=0.36 avg300=0.15 total=150773519
02-01 13:16:58.488   616  9018 E ActivityManager: full avg10=0.05 avg60=0.09 avg300=0.06 total=79797264
02-01 13:16:58.488   616  9018 E ActivityManager: ----- End output from /proc/pressure/io -----
02-01 13:16:58.488   616  9018 E ActivityManager: 
02-01 13:16:58.488   616  9018 E ActivityManager: CPU usage from 61ms to 7960ms later (2026-02-01 13:16:42.409 to 2026-02-01 13:16:50.308):
02-01 13:16:58.488   616  9018 E ActivityManager:   67% 616/system_server: 12% user + 54% kernel / faults: 1634 minor 6 major
02-01 13:16:58.488   616  9018 E ActivityManager:   48% 471/adbd: 0% user + 48% kernel / faults: 2510 minor
02-01 13:16:58.488   616  9018 E ActivityManager:   58% 8959/com.google.android.googlequicksearchbox:search: 17% user + 40% kernel / faults: 1072 minor 1 major
02-01 13:16:58.488   616  9018 E ActivityManager:   29% 8080/host.exp.exponent: 6.6% user + 23% kernel / faults: 13 minor
02-01 13:16:58.488   616  9018 E ActivityManager:   18% 421/android.hardware.graphics.composer3-service.ranchu: 0.7% user + 17% kernel
02-01 13:16:58.488   616  9018 E ActivityManager:   16% 292/kworker/u9:3-loop35: 0% user + 16% kernel
02-01 13:16:58.488   616  9018 E ActivityManager:   16% 463/surfaceflinger: 2.4% user + 14% kernel / faults: 8 minor
02-01 13:16:58.488   616  9018 E ActivityManager:   23% 8958/com.android.vending:background: 13% user + 10% kernel / faults: 459 minor 12 major
02-01 13:16:58.488   616  9018 E ActivityManager:   11% 911/com.android.systemui: 8.6% user + 3.1% kernel / faults: 26 minor
02-01 13:16:58.488   616  9018 E ActivityManager:   11% 1067/com.android.phone: 3.1% user + 8.5% kernel / faults: 50 minor 11 major
02-01 13:16:58.488   616  9018 E ActivityManager: 93% TOTAL: 25% user + 60% kernel + 0.1% iowait + 6.2% irq + 0.8% softirq
02-01 13:16:58.488   616  9018 E ActivityManager: CPU usage from 7950838ms to 7950838ms ago (1969-12-31 19:00:00.000 to 1969-12-31 19:00:00.000) with 0% awake:
02-01 13:16:58.488   616  9018 E ActivityManager: 0% TOTAL: 0% user + 0% kernel
02-01 13:17:00.711   616  9025 E system_server: libdebuggerd_client: failed to read status response from tombstoned: Try again
02-01 13:17:00.839   616  9025 E ActivityManager: Aborted stack trace dump (current primary pid=8959); deadline exceeded.
02-01 13:17:01.307   616   683 E libprocessgroup: Unable to remove cgroup /sys/fs/cgroup/uid_10140/pid_8958: Device or resource busy
02-01 13:17:01.382   616  9018 E ActivityManager: ANR in com.google.android.googlequicksearchbox:search
02-01 13:17:01.382   616  9018 E ActivityManager: PID: 8959
02-01 13:17:01.382   616  9018 E ActivityManager: Reason: Process ProcessRecord{acc2e61 8959:com.google.android.googlequicksearchbox:search/u0a145} failed to complete startup
02-01 13:17:01.382   616  9018 E ActivityManager: ErrorId: 82a79b25-492d-4540-9fa8-048637b76edf
02-01 13:17:01.382   616  9018 E ActivityManager: Frozen: false
02-01 13:17:01.382   616  9018 E ActivityManager: Load: 0.0 / 0.0 / 0.0
02-01 13:17:01.382   616  9018 E ActivityManager: ----- Output from /proc/pressure/memory -----
02-01 13:17:01.382   616  9018 E ActivityManager: some avg10=1.08 avg60=0.52 avg300=0.61 total=110995845
02-01 13:17:01.382   616  9018 E ActivityManager: full avg10=0.00 avg60=0.07 avg300=0.41 total=72682968
02-01 13:17:01.382   616  9018 E ActivityManager: ----- End output from /proc/pressure/memory -----
02-01 13:17:01.382   616  9018 E ActivityManager: ----- Output from /proc/pressure/cpu -----
02-01 13:17:01.382   616  9018 E ActivityManager: some avg10=73.58 avg60=49.00 avg300=32.49 total=724991755
02-01 13:17:01.382   616  9018 E ActivityManager: full avg10=0.00 avg60=0.00 avg300=0.00 total=0
02-01 13:17:01.382   616  9018 E ActivityManager: ----- End output from /proc/pressure/cpu -----
02-01 13:17:01.382   616  9018 E ActivityManager: ----- Output from /proc/pressure/io -----
02-01 13:17:01.382   616  9018 E ActivityManager: some avg10=2.33 avg60=0.77 avg300=0.25 total=151174265
02-01 13:17:01.382   616  9018 E ActivityManager: full avg10=0.00 avg60=0.07 avg300=0.05 total=79805959
02-01 13:17:01.382   616  9018 E ActivityManager: ----- End output from /proc/pressure/io -----
02-01 13:17:01.382   616  9018 E ActivityManager: 
02-01 13:17:01.382   616  9018 E ActivityManager: CPU usage from 8674ms to -21ms ago (2026-02-01 13:16:50.308 to 2026-02-01 13:16:59.003):
02-01 13:17:01.382   616  9018 E ActivityManager:   87% 616/system_server: 36% user + 51% kernel / faults: 225 minor 2 major
02-01 13:17:01.382   616  9018 E ActivityManager:   64% 471/adbd: 4.9% user + 59% kernel / faults: 482 minor
02-01 13:17:01.382   616  9018 E ActivityManager:   61% 8959/com.google.android.googlequicksearchbox:search: 21% user + 39% kernel / faults: 412 minor 3 major
02-01 13:17:01.382   616  9018 E ActivityManager:   32% 165/logd: 10% user + 21% kernel / faults: 41 minor 2 major
02-01 13:17:01.382   616  9018 E ActivityManager:   17% 1492/com.google.android.apps.messaging:rcs: 11% user + 5.5% kernel / faults: 13 minor
02-01 13:17:01.382   616  9018 E ActivityManager:   17% 8958/com.android.vending:background: 5.1% user + 12% kernel / faults: 21 minor 2 major
02-01 13:17:01.382   616  9018 E ActivityManager:   17% 1067/com.android.phone: 9.7% user + 7.2% kernel / faults: 6 minor
02-01 13:17:01.382   616  9018 E ActivityManager:   11% 7428/kworker/u12:1-events_unbound: 0% user + 11% kernel
02-01 13:17:01.382   616  9018 E ActivityManager:   11% 232/jbd2/dm-46-8: 0% user + 11% kernel
02-01 13:17:01.382   616  9018 E ActivityManager:   11% 911/com.android.systemui: 6.9% user + 4.7% kernel / faults: 31 minor
02-01 13:17:01.382   616  9018 E ActivityManager: 94% TOTAL: 12% user + 73% kernel + 5.5% irq + 2.2% softirq
02-01 13:17:01.382   616  9018 E ActivityManager: CPU usage from 7967472ms to 7967472ms ago (1969-12-31 19:00:00.000 to 1969-12-31 19:00:00.000) with 0% awake:
02-01 13:17:01.382   616  9018 E ActivityManager: 0% TOTAL: 0% user + 0% kernel
02-01 13:17:05.649   616   683 E libprocessgroup: Unable to remove cgroup /sys/fs/cgroup/uid_10145/pid_8959: Device or resource busy
02-01 13:17:10.539  8080  8123 E DisplayEventDispatcher: dispatcher 0x7154ed6a1990 ~ last event processed while scheduling was for 7978456
02-01 13:17:54.292   413   413 E IPCThreadState: binder thread pool (1 threads) starved for 536 ms
02-01 13:17:55.266   616  9036 E system_server: Could not open /dev/binderfs/binder_logs/transactions. Likely a permissions issue. errno: 2
02-01 13:17:55.266   616  9036 E android.os.Debug: Failed to get binder state info for pid: 1101 status: -2: No such file or directory
02-01 13:18:07.041   413   413 E IPCThreadState: binder thread pool (1 threads) starved for 264 ms
02-01 13:18:07.088   616  9036 E system_server: libdebuggerd_client: failed to read status response from tombstoned: timeout reached?
02-01 13:18:07.447   616  9036 E system_server: Could not open /dev/binderfs/binder_logs/transactions. Likely a permissions issue. errno: 2
02-01 13:18:07.447   616  9036 E android.os.Debug: Failed to get binder state info for pid: 1101 status: -2: No such file or directory
02-01 13:18:07.599   413   413 E IPCThreadState: binder thread pool (1 threads) starved for 179 ms
02-01 13:18:09.151   413   413 E IPCThreadState: binder thread pool (1 threads) starved for 182 ms
02-01 13:18:09.636   616  9036 E system_server: libdebuggerd_client: failed to read status response from tombstoned: Try again
02-01 13:18:09.915   616  9036 E ActivityManager: Aborted stack trace dump (current primary pid=1101); deadline exceeded.
02-01 13:18:10.268   413   413 E IPCThreadState: binder thread pool (1 threads) starved for 101 ms
02-01 13:18:10.333   616  9037 E ActivityManager: ANR in com.google.android.ext.services
02-01 13:18:10.333   616  9037 E ActivityManager: PID: 1101
02-01 13:18:10.333   616  9037 E ActivityManager: Reason: executing service com.google.android.ext.services/android.ext.services.storage.CacheQuotaServiceImpl, waited 30270ms
02-01 13:18:10.333   616  9037 E ActivityManager: ErrorId: b75786a8-f432-4e56-8812-fb76dee7776b
02-01 13:18:10.333   616  9037 E ActivityManager: Frozen: false
02-01 13:18:10.333   616  9037 E ActivityManager: Load: 0.0 / 0.0 / 0.0
02-01 13:18:10.333   616  9037 E ActivityManager: ----- Output from /proc/pressure/memory -----
02-01 13:18:10.333   616  9037 E ActivityManager: some avg10=1.24 avg60=1.24 avg300=0.77 total=112161662
02-01 13:18:10.333   616  9037 E ActivityManager: full avg10=0.06 avg60=0.07 avg300=0.34 total=72806401
02-01 13:18:10.333   616  9037 E ActivityManager: ----- End output from /proc/pressure/memory -----
02-01 13:18:10.333   616  9037 E ActivityManager: ----- Output from /proc/pressure/cpu -----
02-01 13:18:10.333   616  9037 E ActivityManager: some avg10=75.27 avg60=69.19 avg300=41.67 total=775422780
02-01 13:18:10.333   616  9037 E ActivityManager: full avg10=0.00 avg60=0.00 avg300=0.00 total=0
02-01 13:18:10.333   616  9037 E ActivityManager: ----- End output from /proc/pressure/cpu -----
02-01 13:18:10.333   616  9037 E ActivityManager: ----- Output from /proc/pressure/io -----
02-01 13:18:10.333   616  9037 E ActivityManager: some avg10=1.31 avg60=1.63 avg300=0.61 total=152657426
02-01 13:18:10.333   616  9037 E ActivityManager: full avg10=0.00 avg60=0.02 avg300=0.04 total=79806892
02-01 13:18:10.333   616  9037 E ActivityManager: ----- End output from /proc/pressure/io -----
02-01 13:18:10.333   616  9037 E ActivityManager: 
02-01 13:18:10.333   616  9037 E ActivityManager: CPU usage from 831ms to 14304ms later (2026-02-01 13:17:56.811 to 2026-02-01 13:18:10.284):
02-01 13:18:10.333   616  9037 E ActivityManager:   77% 1101/com.google.android.ext.services: 18% user + 59% kernel / faults: 836 minor 124 major
02-01 13:18:10.333   616  9037 E ActivityManager:   66% 616/system_server: 24% user + 42% kernel / faults: 210 minor 3 major
02-01 13:18:10.333   616  9037 E ActivityManager:   54% 471/adbd: 3.8% user + 51% kernel / faults: 903 minor
02-01 13:18:10.333   616  9037 E ActivityManager:   44% 1132/com.google.android.gms.persistent: 26% user + 17% kernel / faults: 87 minor
02-01 13:18:10.333   616  9037 E ActivityManager:   23% 911/com.android.systemui: 12% user + 10% kernel / faults: 52 minor
02-01 13:18:10.333   616  9037 E ActivityManager:   15% 1415/com.google.android.as: 9.6% user + 6% kernel / faults: 1 minor
02-01 13:18:10.333   616  9037 E ActivityManager:   1.2% 168/hwservicemanager: 0.4% user + 0.7% kernel / faults: 2 minor 12 major
02-01 13:18:10.333   616  9037 E ActivityManager:   11% 1067/com.android.phone: 6.2% user + 5.3% kernel / faults: 57 minor
02-01 13:18:10.333   616  9037 E ActivityManager:   0.9% 522/wificond: 0.4% user + 0.4% kernel
02-01 13:18:10.333   616  9037 E ActivityManager:   9% 958/com.android.networkstack.process: 3.9% user + 5.1% kernel / faults: 52 minor
02-01 13:18:10.333   616  9037 E ActivityManager: 92% TOTAL: 14% user + 71% kernel + 0.1% iowait + 5.4% irq + 1.1% softirq
02-01 13:18:10.333   616  9037 E ActivityManager: CPU usage from 8024470ms to 8024470ms ago (1969-12-31 19:00:00.000 to 1969-12-31 19:00:00.000) with 0% awake:
02-01 13:18:10.333   616  9037 E ActivityManager: 0% TOTAL: 0% user + 0% kernel
02-01 13:18:12.265   616   674 E system_server: Could not open /dev/binderfs/binder_logs/transactions. Likely a permissions issue. errno: 2
02-01 13:18:12.266   616   674 E android.os.Debug: Failed to get binder state info for pid: 616 status: -2: No such file or directory
02-01 13:18:14.245   616   684 E OomConnection: failed waiting for OOM events: java.lang.RuntimeException: listener failed waiting for OOM event
02-01 13:18:22.523   616   674 E system_server: libdebuggerd_client: failed to read status response from tombstoned: timeout reached?
02-01 13:18:22.535   616   674 E system_server: Could not open /dev/binderfs/binder_logs/transactions. Likely a permissions issue. errno: 2
02-01 13:18:22.535   616   674 E android.os.Debug: Failed to get binder state info for pid: 616 status: -2: No such file or directory
02-01 13:18:24.791   616   674 E system_server: libdebuggerd_client: failed to read status response from tombstoned: Try again
02-01 13:18:25.315   616   674 E system_server: Could not open /dev/binderfs/binder_logs/transactions. Likely a permissions issue. errno: 2
02-01 13:18:25.315   616   674 E android.os.Debug: Failed to get binder state info for pid: 1067 status: -2: No such file or directory
02-01 13:18:30.887  9046  9046 E id.ext.services: Not starting debugger since process cannot load the jdwp agent.
02-01 13:18:31.680   616   674 E system_server: libdebuggerd_client: failed to read status response from tombstoned: Try again
02-01 13:18:32.044   616   674 E system_server: Could not open /dev/binderfs/binder_logs/transactions. Likely a permissions issue. errno: 2
02-01 13:18:32.044   616   674 E android.os.Debug: Failed to get binder state info for pid: 1067 status: -2: No such file or directory
02-01 13:18:34.085   616   674 E system_server: libdebuggerd_client: failed to read status response from tombstoned: Try again
02-01 13:18:34.109   616   674 E ActivityManager: Aborting stack trace dump (current firstPid=1067); deadline exceeded.
02-01 13:18:34.218  9057  9057 E crash_dump64: failed to get the guest state header for thread 1067: Bad address
02-01 13:18:34.219  9054  9054 E crash_dump64: failed to get the guest state header for thread 616: Bad address
02-01 13:18:34.242  9057  9057 E crash_dump64: failed to get the guest state header for thread 1071: Bad address
02-01 13:18:34.248  9057  9057 E crash_dump64: failed to get the guest state header for thread 1073: Bad address
02-01 13:18:34.251  9057  9057 E crash_dump64: failed to get the guest state header for thread 1076: Bad address
02-01 13:18:34.252  9054  9054 E crash_dump64: failed to get the guest state header for thread 654: Bad address
02-01 13:18:34.253  9057  9057 E crash_dump64: failed to get the guest state header for thread 1078: Bad address
02-01 13:18:34.253  9057  9057 E crash_dump64: failed to get the guest state header for thread 1079: Bad address
02-01 13:18:34.253  9057  9057 E crash_dump64: failed to get the guest state header for thread 1080: Bad address
02-01 13:18:34.257  9054  9054 E crash_dump64: failed to get the guest state header for thread 655: Bad address
02-01 13:18:34.278  9057  9057 E crash_dump64: failed to get the guest state header for thread 1081: Bad address
02-01 13:18:34.285  9057  9057 E crash_dump64: failed to get the guest state header for thread 1082: Bad address
02-01 13:18:34.295  9057  9057 E crash_dump64: failed to get the guest state header for thread 1084: Bad address
02-01 13:18:34.298  9057  9057 E crash_dump64: failed to get the guest state header for thread 1088: Bad address
02-01 13:18:34.301  9057  9057 E crash_dump64: failed to get the guest state header for thread 1118: Bad address
02-01 13:18:34.313  9057  9057 E crash_dump64: failed to get the guest state header for thread 1150: Bad address
02-01 13:18:34.317  9057  9057 E crash_dump64: failed to get the guest state header for thread 1154: Bad address
02-01 13:18:34.331  9057  9057 E crash_dump64: failed to get the guest state header for thread 1155: Bad address
02-01 13:18:34.335  9057  9057 E crash_dump64: failed to get the guest state header for thread 1156: Bad address
02-01 13:18:34.343  9057  9057 E crash_dump64: failed to get the guest state header for thread 1158: Bad address
02-01 13:18:34.349  9057  9057 E crash_dump64: failed to get the guest state header for thread 1171: Bad address
02-01 13:18:34.352  9054  9054 E crash_dump64: failed to get the guest state header for thread 657: Bad address
02-01 13:18:34.352  9057  9057 E crash_dump64: failed to get the guest state header for thread 1183: Bad address
02-01 13:18:34.356  9054  9054 E crash_dump64: failed to get the guest state header for thread 658: Bad address
02-01 13:18:34.356  9057  9057 E crash_dump64: failed to get the guest state header for thread 1186: Bad address
02-01 13:18:34.358  9054  9054 E crash_dump64: failed to get the guest state header for thread 659: Bad address
02-01 13:18:34.364  9054  9054 E crash_dump64: failed to get the guest state header for thread 660: Bad address
02-01 13:18:34.365  9057  9057 E crash_dump64: failed to get the guest state header for thread 1190: Bad address
02-01 13:18:34.370  9054  9054 E crash_dump64: failed to get the guest state header for thread 661: Bad address
02-01 13:18:34.370  9057  9057 E crash_dump64: failed to get the guest state header for thread 1192: Bad address
02-01 13:18:34.373  9054  9054 E crash_dump64: failed to get the guest state header for thread 662: Bad address
02-01 13:18:34.375  9054  9054 E crash_dump64: failed to get the guest state header for thread 663: Bad address
02-01 13:18:34.375  9054  9054 E crash_dump64: failed to get the guest state header for thread 664: Bad address
02-01 13:18:34.376  9057  9057 E crash_dump64: failed to get the guest state header for thread 1193: Bad address
02-01 13:18:34.379  9054  9054 E crash_dump64: failed to get the guest state header for thread 666: Bad address
02-01 13:18:34.379  9054  9054 E crash_dump64: failed to get the guest state header for thread 667: Bad address
02-01 13:18:34.385  9057  9057 E crash_dump64: failed to get the guest state header for thread 1209: Bad address
02-01 13:18:34.387  9057  9057 E crash_dump64: failed to get the guest state header for thread 1218: Bad address
02-01 13:18:34.387  9054  9054 E crash_dump64: failed to get the guest state header for thread 668: Bad address
02-01 13:18:34.391  9054  9054 E crash_dump64: failed to get the guest state header for thread 669: Bad address
02-01 13:18:34.393  9057  9057 E crash_dump64: failed to get the guest state header for thread 1229: Bad address
02-01 13:18:34.394  9054  9054 E crash_dump64: failed to get the guest state header for thread 670: Bad address
02-01 13:18:34.394  9054  9054 E crash_dump64: failed to get the guest state header for thread 672: Bad address
02-01 13:18:34.397  9057  9057 E crash_dump64: failed to get the guest state header for thread 1230: Bad address
02-01 13:18:34.398  9054  9054 E crash_dump64: failed to get the guest state header for thread 673: Bad address
02-01 13:18:34.400  9057  9057 E crash_dump64: failed to get the guest state header for thread 1231: Bad address
02-01 13:18:34.400  9054  9054 E crash_dump64: failed to get the guest state header for thread 674: Bad address
02-01 13:18:34.404  9054  9054 E crash_dump64: failed to get the guest state header for thread 679: Bad address
02-01 13:18:34.406  9057  9057 E crash_dump64: failed to get the guest state header for thread 1232: Bad address
02-01 13:18:34.410  9057  9057 E crash_dump64: failed to get the guest state header for thread 1233: Bad address
02-01 13:18:34.411  9057  9057 E crash_dump64: failed to get the guest state header for thread 1234: Bad address
02-01 13:18:34.415  9057  9057 E crash_dump64: failed to get the guest state header for thread 1235: Bad address
02-01 13:18:34.418  9054  9054 E crash_dump64: failed to get the guest state header for thread 680: Bad address
02-01 13:18:34.419  9057  9057 E crash_dump64: failed to get the guest state header for thread 1236: Bad address
02-01 13:18:34.420  9054  9054 E crash_dump64: failed to get the guest state header for thread 681: Bad address
02-01 13:18:34.421  9054  9054 E crash_dump64: failed to get the guest state header for thread 682: Bad address
02-01 13:18:34.433  9054  9054 E crash_dump64: failed to get the guest state header for thread 683: Bad address
02-01 13:18:34.435  9054  9054 E crash_dump64: failed to get the guest state header for thread 685: Bad address
02-01 13:18:34.436  9057  9057 E crash_dump64: failed to get the guest state header for thread 1238: Bad address
02-01 13:18:34.436  9054  9054 E crash_dump64: failed to get the guest state header for thread 686: Bad address
02-01 13:18:34.436  9054  9054 E crash_dump64: failed to get the guest state header for thread 687: Bad address
02-01 13:18:34.437  9057  9057 E crash_dump64: failed to get the guest state header for thread 1240: Bad address
02-01 13:18:34.438  9054  9054 E crash_dump64: failed to get the guest state header for thread 688: Bad address
02-01 13:18:34.440  9054  9054 E crash_dump64: failed to get the guest state header for thread 689: Bad address
02-01 13:18:34.441  9057  9057 E crash_dump64: failed to get the guest state header for thread 1243: Bad address
02-01 13:18:34.449  9057  9057 E crash_dump64: failed to get the guest state header for thread 1245: Bad address
02-01 13:18:34.449  9057  9057 E crash_dump64: failed to get the guest state header for thread 1246: Bad address
02-01 13:18:34.452  9054  9054 E crash_dump64: failed to get the guest state header for thread 690: Bad address
02-01 13:18:34.453  9057  9057 E crash_dump64: failed to get the guest state header for thread 1247: Bad address
02-01 13:18:34.453  9057  9057 E crash_dump64: failed to get the guest state header for thread 1248: Bad address
02-01 13:18:34.455  9057  9057 E crash_dump64: failed to get the guest state header for thread 1249: Bad address
02-01 13:18:34.457  9057  9057 E crash_dump64: failed to get the guest state header for thread 1250: Bad address
02-01 13:18:34.459  9057  9057 E crash_dump64: failed to get the guest state header for thread 1251: Bad address
02-01 13:18:34.460  9054  9054 E crash_dump64: failed to get the guest state header for thread 691: Bad address
02-01 13:18:34.462  9057  9057 E crash_dump64: failed to get the guest state header for thread 1252: Bad address
02-01 13:18:34.465  9057  9057 E crash_dump64: failed to get the guest state header for thread 1253: Bad address
02-01 13:18:34.470  9054  9054 E crash_dump64: failed to get the guest state header for thread 692: Bad address
02-01 13:18:34.471  9054  9054 E crash_dump64: failed to get the guest state header for thread 693: Bad address
02-01 13:18:34.470  9057  9057 E crash_dump64: failed to get the guest state header for thread 1254: Bad address
02-01 13:18:34.473  9057  9057 E crash_dump64: failed to get the guest state header for thread 1255: Bad address
02-01 13:18:34.474  9054  9054 E crash_dump64: failed to get the guest state header for thread 694: Bad address
02-01 13:18:34.633  9054  9054 E crash_dump64: failed to get the guest state header for thread 695: Bad address
02-01 13:18:34.655  9057  9057 E crash_dump64: failed to get the guest state header for thread 1256: Bad address
02-01 13:18:34.688  9054  9054 E crash_dump64: failed to get the guest state header for thread 696: Bad address
02-01 13:18:34.722  9054  9054 E crash_dump64: failed to get the guest state header for thread 697: Bad address
02-01 13:18:34.727  9057  9057 E crash_dump64: failed to get the guest state header for thread 1318: Bad address
02-01 13:18:34.839  9054  9054 E crash_dump64: failed to get the guest state header for thread 698: Bad address
02-01 13:18:34.839  9054  9054 E crash_dump64: failed to get the guest state header for thread 699: Bad address
02-01 13:18:34.875  9054  9054 E crash_dump64: failed to get the guest state header for thread 700: Bad address
02-01 13:18:34.899  9057  9057 E crash_dump64: failed to get the guest state header for thread 1324: Bad address
02-01 13:18:34.965  9054  9054 E crash_dump64: failed to get the guest state header for thread 702: Bad address
02-01 13:18:35.022  9054  9054 E crash_dump64: failed to get the guest state header for thread 703: Bad address
02-01 13:18:35.025  9057  9057 E crash_dump64: failed to get the guest state header for thread 1325: Bad address
02-01 13:18:35.043  9054  9054 E crash_dump64: failed to get the guest state header for thread 704: Bad address
02-01 13:18:35.075  9054  9054 E crash_dump64: failed to get the guest state header for thread 708: Bad address
02-01 13:18:35.128  9057  9057 E crash_dump64: failed to get the guest state header for thread 1326: Bad address
02-01 13:18:35.175  9054  9054 E crash_dump64: failed to get the guest state header for thread 729: Bad address
02-01 13:18:35.302  9057  9057 E crash_dump64: failed to get the guest state header for thread 1330: Bad address
02-01 13:18:35.307  9054  9054 E crash_dump64: failed to get the guest state header for thread 730: Bad address
02-01 13:18:35.403  9057  9057 E crash_dump64: failed to get the guest state header for thread 1353: Bad address
02-01 13:18:35.432  9057  9057 E crash_dump64: failed to get the guest state header for thread 1405: Bad address
02-01 13:18:35.447  9057  9057 E crash_dump64: failed to get the guest state header for thread 1967: Bad address
02-01 13:18:35.465  9057  9057 E crash_dump64: failed to get the guest state header for thread 1979: Bad address
02-01 13:18:35.466  9057  9057 E crash_dump64: failed to get the guest state header for thread 1980: Bad address
02-01 13:18:35.468  9057  9057 E crash_dump64: failed to get the guest state header for thread 3530: Bad address
02-01 13:18:35.486  9054  9054 E crash_dump64: failed to get the guest state header for thread 731: Bad address
02-01 13:18:35.513  9054  9054 E crash_dump64: failed to get the guest state header for thread 734: Bad address
02-01 13:18:35.522  9054  9054 E crash_dump64: failed to get the guest state header for thread 746: Bad address
02-01 13:18:35.527  9054  9054 E crash_dump64: failed to get the guest state header for thread 747: Bad address
02-01 13:18:35.528  9054  9054 E crash_dump64: failed to get the guest state header for thread 748: Bad address
02-01 13:18:35.530  9054  9054 E crash_dump64: failed to get the guest state header for thread 749: Bad address
02-01 13:18:35.531  9054  9054 E crash_dump64: failed to get the guest state header for thread 750: Bad address
02-01 13:18:35.540  9054  9054 E crash_dump64: failed to get the guest state header for thread 753: Bad address
02-01 13:18:35.544  9054  9054 E crash_dump64: failed to get the guest state header for thread 754: Bad address
02-01 13:18:35.547  9054  9054 E crash_dump64: failed to get the guest state header for thread 755: Bad address
02-01 13:18:35.548  9054  9054 E crash_dump64: failed to get the guest state header for thread 757: Bad address
02-01 13:18:35.579  9054  9054 E crash_dump64: failed to get the guest state header for thread 758: Bad address
02-01 13:18:35.581  9054  9054 E crash_dump64: failed to get the guest state header for thread 759: Bad address
02-01 13:18:35.582  9054  9054 E crash_dump64: failed to get the guest state header for thread 760: Bad address
02-01 13:18:35.605   239   239 E tombstoned: failed to get crash output for type kDebuggerdNativeBacktrace
02-01 13:18:35.606  9057  9057 E libc    : failed to read response to DumpRequest packet: No message of desired type
02-01 13:18:35.634  9054  9054 E crash_dump64: failed to get the guest state header for thread 761: Bad address
02-01 13:18:35.645  9054  9054 E crash_dump64: failed to get the guest state header for thread 762: Bad address
02-01 13:18:35.645  9054  9054 E crash_dump64: failed to get the guest state header for thread 763: Bad address
02-01 13:18:35.647  9054  9054 E crash_dump64: failed to get the guest state header for thread 764: Bad address
02-01 13:18:35.647  9054  9054 E crash_dump64: failed to get the guest state header for thread 766: Bad address
02-01 13:18:35.651  9054  9054 E crash_dump64: failed to get the guest state header for thread 767: Bad address
02-01 13:18:35.659  9054  9054 E crash_dump64: failed to get the guest state header for thread 768: Bad address
02-01 13:18:35.660  9054  9054 E crash_dump64: failed to get the guest state header for thread 770: Bad address
02-01 13:18:35.668  9054  9054 E crash_dump64: failed to get the guest state header for thread 771: Bad address
02-01 13:18:35.678  9054  9054 E crash_dump64: failed to get the guest state header for thread 772: Bad address
02-01 13:18:35.692  9054  9054 E crash_dump64: failed to get the guest state header for thread 773: Bad address
02-01 13:18:35.693  9054  9054 E crash_dump64: failed to get the guest state header for thread 774: Bad address
02-01 13:18:35.694  9054  9054 E crash_dump64: failed to get the guest state header for thread 775: Bad address
02-01 13:18:35.707  9054  9054 E crash_dump64: failed to get the guest state header for thread 776: Bad address
02-01 13:18:35.711  9054  9054 E crash_dump64: failed to get the guest state header for thread 777: Bad address
02-01 13:18:35.726  9054  9054 E crash_dump64: failed to get the guest state header for thread 778: Bad address
02-01 13:18:35.728  9054  9054 E crash_dump64: failed to get the guest state header for thread 779: Bad address
02-01 13:18:35.730  9054  9054 E crash_dump64: failed to get the guest state header for thread 780: Bad address
02-01 13:18:35.743  9054  9054 E crash_dump64: failed to get the guest state header for thread 781: Bad address
02-01 13:18:35.744  9054  9054 E crash_dump64: failed to get the guest state header for thread 785: Bad address
02-01 13:18:35.757  9054  9054 E crash_dump64: failed to get the guest state header for thread 788: Bad address
02-01 13:18:35.760  9054  9054 E crash_dump64: failed to get the guest state header for thread 789: Bad address
02-01 13:18:35.763  9054  9054 E crash_dump64: failed to get the guest state header for thread 806: Bad address
02-01 13:18:35.767  9054  9054 E crash_dump64: failed to get the guest state header for thread 807: Bad address
02-01 13:18:35.767  9054  9054 E crash_dump64: failed to get the guest state header for thread 808: Bad address
02-01 13:18:35.785  9054  9054 E crash_dump64: failed to get the guest state header for thread 809: Bad address
